******************************************************************************
                  TI ARM Linker PC v5.2.5                      
******************************************************************************
>> Linked Fri Nov 06 16:16:11 2015

OUTPUT FILE NAME:   <MSP432_spi.out>
ENTRY POINT SYMBOL: "_c_int00"  address: 00002699


MEMORY CONFIGURATION

         name            origin    length      used     unused   attr    fill
----------------------  --------  ---------  --------  --------  ----  --------
  MAIN                  00000000   00040000  00002a00  0003d600  R  X
  INFO                  00200000   00004000  00000000  00004000  R  X
  SRAM_CODE             01000000   00010000  00000000  00010000  RW X
  SRAM_DATA             20000000   00010000  00000316  0000fcea  RW  


SEGMENT ALLOCATION MAP

run origin  load origin   length   init length attrs members
----------  ----------- ---------- ----------- ----- -------
00000000    00000000    00002a00   00002a00    r-x
  00000000    00000000    00000144   00000144    r-- .intvecs
  00000144    00000144    0000277c   0000277c    r-x .text
  000028c0    000028c0    000000f8   000000f8    r-- .const
  000029b8    000029b8    00000048   00000048    r-- .cinit
20000000    20000000    00000116   00000000    rw-
  20000000    20000000    000000e4   00000000    rw- .vtable
  200000e4    200000e4    0000001c   00000000    rw- .bss
  20000100    20000100    00000016   00000000    rw- .data
2000fe00    2000fe00    00000200   00000000    rw-
  2000fe00    2000fe00    00000200   00000000    rw- .stack


SECTION ALLOCATION MAP

 output                                  attributes/
section   page    origin      length       input sections
--------  ----  ----------  ----------   ----------------
.intvecs   0    00000000    00000144     
                  00000000    00000144     msp432_startup_ccs.obj (.intvecs)

.text      0    00000144    0000277c     
                  00000144    00000b98     cs.obj (.text)
                  00000cdc    00000890     spi.obj (.text)
                  0000156c    00000488     gpio.obj (.text)
                  000019f4    000003f0     interrupt.obj (.text)
                  00001de4    000001d0     sysctl.obj (.text)
                  00001fb4    000001b6     rtsv7M4_T_le_v4SPD16_eabi.lib : fd_add_t2.obj (.text)
                  0000216a    00000136                                   : fd_div_t2.obj (.text)
                  000022a0    0000010c     main.obj (.text)
                  000023ac    000000fc     rtsv7M4_T_le_v4SPD16_eabi.lib : fd_mul_t2.obj (.text)
                  000024a8    0000009c                                   : memcpy_t2.obj (.text)
                  00002544    0000007a                                   : memset_t2.obj (.text)
                  000025be    00000002     --HOLE-- [fill = 0]
                  000025c0    0000006c                                   : autoinit.obj (.text)
                  0000262c    0000006a                                   : copy_decompress_rle.obj (.text)
                  00002696    00000002     --HOLE-- [fill = 0]
                  00002698    00000050                                   : boot.obj (.text)
                  000026e8    0000004c                                   : cpy_tbl.obj (.text)
                  00002734    00000048                                   : fd_toi_t2.obj (.text)
                  0000277c    00000044                                   : exit.obj (.text)
                  000027c0    0000003e     cpu.obj (.text)
                  000027fe    00000038     rtsv7M4_T_le_v4SPD16_eabi.lib : fs_tod_t2.obj (.text)
                  00002836    0000002e                                   : i_tofd_t2.obj (.text)
                  00002864    00000018                                   : args_main.obj (.text)
                  0000287c    00000014                                   : _lock.obj (.text)
                  00002890    0000000e                                   : copy_decompress_none.obj (.text:decompress:none)
                  0000289e    0000000c                                   : copy_zero_init.obj (.text:decompress:ZI)
                  000028aa    0000000c     msp432_startup_ccs.obj (.text)
                  000028b6    00000006     rtsv7M4_T_le_v4SPD16_eabi.lib : copy_decompress_rle.obj (.text:decompress:rle24)
                  000028bc    00000004                                   : pre_init.obj (.text)

.const     0    000028c0    000000f8     
                  000028c0    00000050     interrupt.obj (.const:g_pulRegs)
                  00002910    00000040     interrupt.obj (.const)
                  00002950    00000030     gpio.obj (.const:GPIO_PORT_TO_BASE)
                  00002980    0000001c     gpio.obj (.const)
                  0000299c    0000001c     main.obj (.const)

.cinit     0    000029b8    00000048     
                  000029b8    0000000f     (.cinit..data.load) [load image, compression = rle]
                  000029c7    00000001     --HOLE-- [fill = 0]
                  000029c8    0000000c     (__TI_handler_table)
                  000029d4    00000004     --HOLE-- [fill = 0]
                  000029d8    00000008     (.cinit..bss.load) [load image, compression = zero_init]
                  000029e0    00000008     (.cinit..vtable.load) [load image, compression = zero_init]
                  000029e8    00000018     (__TI_cinit_table)

.vtable    0    20000000    000000e4     UNINITIALIZED
                  20000000    000000e4     interrupt.obj (.vtable)

.bss       0    200000e4    0000001c     UNINITIALIZED
                  200000e4    00000014     (.common:RXData)
                  200000f8    00000004     (.common:hfxtFreq)
                  200000fc    00000004     (.common:lfxtFreq)

.data      0    20000100    00000016     UNINITIALIZED
                  20000100    00000008     rtsv7M4_T_le_v4SPD16_eabi.lib : _lock.obj (.data)
                  20000108    00000008                                   : exit.obj (.data)
                  20000110    00000004                                   : stkdepth_vars.obj (.data)
                  20000114    00000002     main.obj (.data)

.TI.noinit 
*          0    200000e4    00000000     UNINITIALIZED

.TI.persistent 
*          0    20000100    00000000     UNINITIALIZED

.stack     0    2000fe00    00000200     UNINITIALIZED
                  2000fe00    00000200     --HOLE--


LINKER GENERATED COPY TABLES

__TI_cinit_table @ 000029e8 records: 3, size/record: 8, table size: 24
	.data: load addr=000029b8, load size=0000000f bytes, run addr=20000100, run size=00000016 bytes, compression=rle
	.bss: load addr=000029d8, load size=00000008 bytes, run addr=200000e4, run size=0000001c bytes, compression=zero_init
	.vtable: load addr=000029e0, load size=00000008 bytes, run addr=20000000, run size=000000e4 bytes, compression=zero_init


LINKER GENERATED HANDLER TABLE

__TI_handler_table @ 000029c8 records: 3, size/record: 4, table size: 12
	index: 0, handler: __TI_zero_init
	index: 1, handler: __TI_decompress_rle24
	index: 2, handler: __TI_decompress_none


GLOBAL SYMBOLS: SORTED ALPHABETICALLY BY Name 

address   name                                       
-------   ----                                       
0000277d  C$$EXIT                                    
000027f5  CPU_basepriGet                             
000027e7  CPU_basepriSet                             
000027c1  CPU_cpsid                                  
000027d7  CPU_cpsie                                  
000027cd  CPU_primask                                
000027e3  CPU_wfi                                    
00000c45  CS_clearInterruptFlag                      
000006d7  CS_disableClockRequest                     
00000751  CS_disableDCOExternalResistor              
00000b11  CS_disableFaultCounter                     
00000bf1  CS_disableInterrupt                        
000006b5  CS_enableClockRequest                      
00000727  CS_enableDCOExternalResistor               
00000ae5  CS_enableFaultCounter                      
00000bbd  CS_enableInterrupt                         
00000a79  CS_getACLK                                 
00000a31  CS_getBCLK                                 
000007fd  CS_getDCOFrequency                         
00000c29  CS_getEnabledInterruptStatus               
00000a55  CS_getHSMCLK                               
00000c19  CS_getInterruptStatus                      
00000ac3  CS_getMCLK                                 
00000aa1  CS_getSMCLK                                
000003fd  CS_initClockSignal                         
00000c71  CS_registerInterrupt                       
00000b4d  CS_resetFaultCounter                       
00000771  CS_setDCOCenteredFrequency                 
00000741  CS_setDCOExternalResistorCalibration       
000008d5  CS_setDCOFrequency                         
000003c1  CS_setExternalClockSourceFrequency         
00000705  CS_setReferenceOscillatorFrequency         
00000b79  CS_startFaultCounter                       
00000501  CS_startHFXT                               
00000525  CS_startHFXTWithTimeout                    
000005dd  CS_startLFXT                               
00000601  CS_startLFXTWithTimeout                    
000007a5  CS_tuneDCOFrequency                        
00000c85  CS_unregisterInterrupt                     
00001437  EUSCI_A_SPI_changeClockPhasePolarity       
000014eb  EUSCI_A_SPI_clearInterruptFlag             
0000151b  EUSCI_A_SPI_disable                        
000014b9  EUSCI_A_SPI_disableInterrupt               
00001505  EUSCI_A_SPI_enable                         
0000149f  EUSCI_A_SPI_enableInterrupt                
000014d3  EUSCI_A_SPI_getInterruptStatus             
00001531  EUSCI_A_SPI_getReceiveBufferAddressForDMA  
0000153f  EUSCI_A_SPI_getTransmitBufferAddressForDMA 
0000154d  EUSCI_A_SPI_isBusy                         
000013b7  EUSCI_A_SPI_masterChangeClock              
0000148f  EUSCI_A_SPI_receiveData                    
00001397  EUSCI_A_SPI_select4PinFunctionality        
000013ed  EUSCI_A_SPI_slaveInit                      
00001479  EUSCI_A_SPI_transmitData                   
00001269  EUSCI_B_SPI_changeClockPhasePolarity       
0000131d  EUSCI_B_SPI_clearInterruptFlag             
0000134d  EUSCI_B_SPI_disable                        
000012eb  EUSCI_B_SPI_disableInterrupt               
00001337  EUSCI_B_SPI_enable                         
000012d1  EUSCI_B_SPI_enableInterrupt                
00001305  EUSCI_B_SPI_getInterruptStatus             
00001363  EUSCI_B_SPI_getReceiveBufferAddressForDMA  
00001371  EUSCI_B_SPI_getTransmitBufferAddressForDMA 
0000137f  EUSCI_B_SPI_isBusy                         
000011ed  EUSCI_B_SPI_masterChangeClock              
000012c1  EUSCI_B_SPI_receiveData                    
000011cd  EUSCI_B_SPI_select4PinFunctionality        
0000121f  EUSCI_B_SPI_slaveInit                      
000012ab  EUSCI_B_SPI_transmitData                   
00001897  GPIO_clearInterruptFlag                    
00001857  GPIO_disableInterrupt                      
00001835  GPIO_enableInterrupt                       
000018ef  GPIO_getEnabledInterruptStatus             
000017ff  GPIO_getInputPinValue                      
00001879  GPIO_getInterruptStatus                    
000018b9  GPIO_interruptEdgeSelect                   
000019af  GPIO_registerInterrupt                     
000015a7  GPIO_setAsInputPin                         
0000175b  GPIO_setAsInputPinWithPullDownResistor     
000017ad  GPIO_setAsInputPinWithPullUpResistor       
0000156d  GPIO_setAsOutputPin                        
00001671  GPIO_setAsPeripheralModuleFunctionInputPin 
000015ed  GPIO_setAsPeripheralModuleFunctionOutputPin
0000196b  GPIO_setDriveStrengthHigh                  
0000198d  GPIO_setDriveStrengthLow                   
000016f5  GPIO_setOutputHighOnPin                    
00001717  GPIO_setOutputLowOnPin                     
00001739  GPIO_toggleOutputOnPin                     
000019cf  GPIO_unregisterInterrupt                   
00001bb7  Interrupt_disableInterrupt                 
00001a07  Interrupt_disableMaster                    
00001db5  Interrupt_disableSleepOnIsrExit            
00001b45  Interrupt_enableInterrupt                  
000019f7  Interrupt_enableMaster                     
00001da3  Interrupt_enableSleepOnIsrExit             
00001b1f  Interrupt_getPriority                      
00001a97  Interrupt_getPriorityGrouping              
00001d83  Interrupt_getPriorityMask                  
00001d9d  Interrupt_getVectorTableAddress            
00001c29  Interrupt_isEnabled                        
00001cb5  Interrupt_pendInterrupt                    
00001a17  Interrupt_registerInterrupt                
00001acf  Interrupt_setPriority                      
00001a7d  Interrupt_setPriorityGrouping              
00001d73  Interrupt_setPriorityMask                  
00001d8d  Interrupt_setVectorTableAddress            
00001d25  Interrupt_unpendInterrupt                  
00001a69  Interrupt_unregisterInterrupt              
UNDEFED   SHT$$INIT_ARRAY$$Base                      
UNDEFED   SHT$$INIT_ARRAY$$Limit                     
00000e89  SPI_changeClockPhasePolarity               
00000de3  SPI_changeMasterClock                      
0000103d  SPI_clearInterruptFlag                     
00000fbf  SPI_disableInterrupt                       
00000f17  SPI_disableModule                          
00000f99  SPI_enableInterrupt                        
00000efb  SPI_enableModule                           
0000100d  SPI_getEnabledInterruptStatus              
00000fe5  SPI_getInterruptStatus                     
00000f33  SPI_getReceiveBufferAddressForDMA          
00000f4f  SPI_getTransmitBufferAddressForDMA         
00000d0d  SPI_initMaster                             
00000e0b  SPI_initSlave                              
00000f71  SPI_isBusy                                 
00000edf  SPI_receiveData                            
00001063  SPI_registerInterrupt                      
00000dbd  SPI_selectFourPinFunctionality             
00000eb9  SPI_transmitData                           
00001121  SPI_unregisterInterrupt                    
00001f69  SysCtl_disableGlitchFilter                 
00001df1  SysCtl_disableNMISource                    
00001f01  SysCtl_disablePeripheralAtCPUHalt          
00001e3d  SysCtl_disableSRAMBank                     
00001ec5  SysCtl_disableSRAMBankRetention            
00001f5d  SysCtl_enableGlitchFilter                  
00001e05  SysCtl_enableNMISource                     
00001eed  SysCtl_enablePeripheralAtCPUHalt           
00001e1f  SysCtl_enableSRAMBank                      
00001ea7  SysCtl_enableSRAMBankRetention             
00001deb  SysCtl_getFlashSize                        
00001e19  SysCtl_getNMISourceStatus                  
00001de5  SysCtl_getSRAMSize                         
00001f75  SysCtl_getTempCalibrationConstant          
00001ee3  SysCtl_rebootDevice                        
00001f39  SysCtl_setWDTPasswordViolationResetType    
00001f15  SysCtl_setWDTTimeoutResetType              
4000480c  WDTCTL_SYM                                 
20010000  __STACK_END                                
00000200  __STACK_SIZE                               
000029e8  __TI_CINIT_Base                            
00002a00  __TI_CINIT_Limit                           
000029c8  __TI_Handler_Table_Base                    
000029d4  __TI_Handler_Table_Limit                   
000025c1  __TI_auto_init                             
20000108  __TI_cleanup_ptr                           
00002891  __TI_decompress_none                       
000028b7  __TI_decompress_rle24                      
2000010c  __TI_dtors_ptr                             
00000000  __TI_static_base__                         
0000289f  __TI_zero_init                             
00002735  __aeabi_d2iz                               
00001fbf  __aeabi_dadd                               
0000216b  __aeabi_ddiv                               
000023ad  __aeabi_dmul                               
00001fb5  __aeabi_dsub                               
000027ff  __aeabi_f2d                                
00002837  __aeabi_i2d                                
00002545  __aeabi_memclr                             
00002545  __aeabi_memclr4                            
00002545  __aeabi_memclr8                            
000024a9  __aeabi_memcpy                             
000024a9  __aeabi_memcpy4                            
000024a9  __aeabi_memcpy8                            
00002547  __aeabi_memset                             
00002547  __aeabi_memset4                            
00002547  __aeabi_memset8                            
ffffffff  __binit__                                  
ffffffff  __c_args__                                 
2000fe00  __stack                                    
00002865  _args_main                                 
00002699  _c_int00                                   
20000100  _lock                                      
0000288b  _nop                                       
00002883  _register_lock                             
0000287d  _register_unlock                           
000028bd  _system_pre_init                           
20000104  _unlock                                    
00002781  abort                                      
ffffffff  binit                                      
000026e9  copy_in                                    
0000236b  euscib0_isr                                
00002789  exit                                       
20000000  g_pfnRAMVectors                            
00000000  interruptVectors                           
00002323  main                                       
20000110  main_func_sp                               
000024a9  memcpy                                     
0000254d  memset                                     
0000299c  spiMasterConfig                            
000022a1  spi_setup                                  


GLOBAL SYMBOLS: SORTED BY Symbol Address 

address   name                                       
-------   ----                                       
00000000  __TI_static_base__                         
00000000  interruptVectors                           
00000200  __STACK_SIZE                               
000003c1  CS_setExternalClockSourceFrequency         
000003fd  CS_initClockSignal                         
00000501  CS_startHFXT                               
00000525  CS_startHFXTWithTimeout                    
000005dd  CS_startLFXT                               
00000601  CS_startLFXTWithTimeout                    
000006b5  CS_enableClockRequest                      
000006d7  CS_disableClockRequest                     
00000705  CS_setReferenceOscillatorFrequency         
00000727  CS_enableDCOExternalResistor               
00000741  CS_setDCOExternalResistorCalibration       
00000751  CS_disableDCOExternalResistor              
00000771  CS_setDCOCenteredFrequency                 
000007a5  CS_tuneDCOFrequency                        
000007fd  CS_getDCOFrequency                         
000008d5  CS_setDCOFrequency                         
00000a31  CS_getBCLK                                 
00000a55  CS_getHSMCLK                               
00000a79  CS_getACLK                                 
00000aa1  CS_getSMCLK                                
00000ac3  CS_getMCLK                                 
00000ae5  CS_enableFaultCounter                      
00000b11  CS_disableFaultCounter                     
00000b4d  CS_resetFaultCounter                       
00000b79  CS_startFaultCounter                       
00000bbd  CS_enableInterrupt                         
00000bf1  CS_disableInterrupt                        
00000c19  CS_getInterruptStatus                      
00000c29  CS_getEnabledInterruptStatus               
00000c45  CS_clearInterruptFlag                      
00000c71  CS_registerInterrupt                       
00000c85  CS_unregisterInterrupt                     
00000d0d  SPI_initMaster                             
00000dbd  SPI_selectFourPinFunctionality             
00000de3  SPI_changeMasterClock                      
00000e0b  SPI_initSlave                              
00000e89  SPI_changeClockPhasePolarity               
00000eb9  SPI_transmitData                           
00000edf  SPI_receiveData                            
00000efb  SPI_enableModule                           
00000f17  SPI_disableModule                          
00000f33  SPI_getReceiveBufferAddressForDMA          
00000f4f  SPI_getTransmitBufferAddressForDMA         
00000f71  SPI_isBusy                                 
00000f99  SPI_enableInterrupt                        
00000fbf  SPI_disableInterrupt                       
00000fe5  SPI_getInterruptStatus                     
0000100d  SPI_getEnabledInterruptStatus              
0000103d  SPI_clearInterruptFlag                     
00001063  SPI_registerInterrupt                      
00001121  SPI_unregisterInterrupt                    
000011cd  EUSCI_B_SPI_select4PinFunctionality        
000011ed  EUSCI_B_SPI_masterChangeClock              
0000121f  EUSCI_B_SPI_slaveInit                      
00001269  EUSCI_B_SPI_changeClockPhasePolarity       
000012ab  EUSCI_B_SPI_transmitData                   
000012c1  EUSCI_B_SPI_receiveData                    
000012d1  EUSCI_B_SPI_enableInterrupt                
000012eb  EUSCI_B_SPI_disableInterrupt               
00001305  EUSCI_B_SPI_getInterruptStatus             
0000131d  EUSCI_B_SPI_clearInterruptFlag             
00001337  EUSCI_B_SPI_enable                         
0000134d  EUSCI_B_SPI_disable                        
00001363  EUSCI_B_SPI_getReceiveBufferAddressForDMA  
00001371  EUSCI_B_SPI_getTransmitBufferAddressForDMA 
0000137f  EUSCI_B_SPI_isBusy                         
00001397  EUSCI_A_SPI_select4PinFunctionality        
000013b7  EUSCI_A_SPI_masterChangeClock              
000013ed  EUSCI_A_SPI_slaveInit                      
00001437  EUSCI_A_SPI_changeClockPhasePolarity       
00001479  EUSCI_A_SPI_transmitData                   
0000148f  EUSCI_A_SPI_receiveData                    
0000149f  EUSCI_A_SPI_enableInterrupt                
000014b9  EUSCI_A_SPI_disableInterrupt               
000014d3  EUSCI_A_SPI_getInterruptStatus             
000014eb  EUSCI_A_SPI_clearInterruptFlag             
00001505  EUSCI_A_SPI_enable                         
0000151b  EUSCI_A_SPI_disable                        
00001531  EUSCI_A_SPI_getReceiveBufferAddressForDMA  
0000153f  EUSCI_A_SPI_getTransmitBufferAddressForDMA 
0000154d  EUSCI_A_SPI_isBusy                         
0000156d  GPIO_setAsOutputPin                        
000015a7  GPIO_setAsInputPin                         
000015ed  GPIO_setAsPeripheralModuleFunctionOutputPin
00001671  GPIO_setAsPeripheralModuleFunctionInputPin 
000016f5  GPIO_setOutputHighOnPin                    
00001717  GPIO_setOutputLowOnPin                     
00001739  GPIO_toggleOutputOnPin                     
0000175b  GPIO_setAsInputPinWithPullDownResistor     
000017ad  GPIO_setAsInputPinWithPullUpResistor       
000017ff  GPIO_getInputPinValue                      
00001835  GPIO_enableInterrupt                       
00001857  GPIO_disableInterrupt                      
00001879  GPIO_getInterruptStatus                    
00001897  GPIO_clearInterruptFlag                    
000018b9  GPIO_interruptEdgeSelect                   
000018ef  GPIO_getEnabledInterruptStatus             
0000196b  GPIO_setDriveStrengthHigh                  
0000198d  GPIO_setDriveStrengthLow                   
000019af  GPIO_registerInterrupt                     
000019cf  GPIO_unregisterInterrupt                   
000019f7  Interrupt_enableMaster                     
00001a07  Interrupt_disableMaster                    
00001a17  Interrupt_registerInterrupt                
00001a69  Interrupt_unregisterInterrupt              
00001a7d  Interrupt_setPriorityGrouping              
00001a97  Interrupt_getPriorityGrouping              
00001acf  Interrupt_setPriority                      
00001b1f  Interrupt_getPriority                      
00001b45  Interrupt_enableInterrupt                  
00001bb7  Interrupt_disableInterrupt                 
00001c29  Interrupt_isEnabled                        
00001cb5  Interrupt_pendInterrupt                    
00001d25  Interrupt_unpendInterrupt                  
00001d73  Interrupt_setPriorityMask                  
00001d83  Interrupt_getPriorityMask                  
00001d8d  Interrupt_setVectorTableAddress            
00001d9d  Interrupt_getVectorTableAddress            
00001da3  Interrupt_enableSleepOnIsrExit             
00001db5  Interrupt_disableSleepOnIsrExit            
00001de5  SysCtl_getSRAMSize                         
00001deb  SysCtl_getFlashSize                        
00001df1  SysCtl_disableNMISource                    
00001e05  SysCtl_enableNMISource                     
00001e19  SysCtl_getNMISourceStatus                  
00001e1f  SysCtl_enableSRAMBank                      
00001e3d  SysCtl_disableSRAMBank                     
00001ea7  SysCtl_enableSRAMBankRetention             
00001ec5  SysCtl_disableSRAMBankRetention            
00001ee3  SysCtl_rebootDevice                        
00001eed  SysCtl_enablePeripheralAtCPUHalt           
00001f01  SysCtl_disablePeripheralAtCPUHalt          
00001f15  SysCtl_setWDTTimeoutResetType              
00001f39  SysCtl_setWDTPasswordViolationResetType    
00001f5d  SysCtl_enableGlitchFilter                  
00001f69  SysCtl_disableGlitchFilter                 
00001f75  SysCtl_getTempCalibrationConstant          
00001fb5  __aeabi_dsub                               
00001fbf  __aeabi_dadd                               
0000216b  __aeabi_ddiv                               
000022a1  spi_setup                                  
00002323  main                                       
0000236b  euscib0_isr                                
000023ad  __aeabi_dmul                               
000024a9  __aeabi_memcpy                             
000024a9  __aeabi_memcpy4                            
000024a9  __aeabi_memcpy8                            
000024a9  memcpy                                     
00002545  __aeabi_memclr                             
00002545  __aeabi_memclr4                            
00002545  __aeabi_memclr8                            
00002547  __aeabi_memset                             
00002547  __aeabi_memset4                            
00002547  __aeabi_memset8                            
0000254d  memset                                     
000025c1  __TI_auto_init                             
00002699  _c_int00                                   
000026e9  copy_in                                    
00002735  __aeabi_d2iz                               
0000277d  C$$EXIT                                    
00002781  abort                                      
00002789  exit                                       
000027c1  CPU_cpsid                                  
000027cd  CPU_primask                                
000027d7  CPU_cpsie                                  
000027e3  CPU_wfi                                    
000027e7  CPU_basepriSet                             
000027f5  CPU_basepriGet                             
000027ff  __aeabi_f2d                                
00002837  __aeabi_i2d                                
00002865  _args_main                                 
0000287d  _register_unlock                           
00002883  _register_lock                             
0000288b  _nop                                       
00002891  __TI_decompress_none                       
0000289f  __TI_zero_init                             
000028b7  __TI_decompress_rle24                      
000028bd  _system_pre_init                           
0000299c  spiMasterConfig                            
000029c8  __TI_Handler_Table_Base                    
000029d4  __TI_Handler_Table_Limit                   
000029e8  __TI_CINIT_Base                            
00002a00  __TI_CINIT_Limit                           
20000000  g_pfnRAMVectors                            
20000100  _lock                                      
20000104  _unlock                                    
20000108  __TI_cleanup_ptr                           
2000010c  __TI_dtors_ptr                             
20000110  main_func_sp                               
2000fe00  __stack                                    
20010000  __STACK_END                                
4000480c  WDTCTL_SYM                                 
ffffffff  __binit__                                  
ffffffff  __c_args__                                 
ffffffff  binit                                      
UNDEFED   SHT$$INIT_ARRAY$$Base                      
UNDEFED   SHT$$INIT_ARRAY$$Limit                     

[200 symbols]
