******************************************************************************
                  MSP430 Linker PC v4.4.5                      
******************************************************************************
>> Linked Tue Nov 03 22:03:47 2015

OUTPUT FILE NAME:   <ez430_chronos_cal_915MHz.out>
ENTRY POINT SYMBOL: "_c_int00_noargs_noexit"  address: 0000f134


MEMORY CONFIGURATION

         name            origin    length      used     unused   attr    fill
----------------------  --------  ---------  --------  --------  ----  --------
  SFR                   00000000   00000010  00000000  00000010  RWIX
  PERIPHERALS_8BIT      00000010   000000f0  00000000  000000f0  RWIX
  PERIPHERALS_16BIT     00000100   00000100  00000000  00000100  RWIX
  INFOD                 00001800   00000080  00000000  00000080  RWIX
  INFOC                 00001880   00000080  00000000  00000080  RWIX
  INFOB                 00001900   00000080  00000000  00000080  RWIX
  INFOA                 00001980   00000080  00000000  00000080  RWIX
  RAM                   00001c00   00000ffe  00000357  00000ca7  RWIX
  FLASH                 00008000   00007f80  00007bc1  000003bf  RWIX
  INT00                 0000ff80   00000002  00000000  00000002  RWIX
  INT01                 0000ff82   00000002  00000000  00000002  RWIX
  INT02                 0000ff84   00000002  00000000  00000002  RWIX
  INT03                 0000ff86   00000002  00000000  00000002  RWIX
  INT04                 0000ff88   00000002  00000000  00000002  RWIX
  INT05                 0000ff8a   00000002  00000000  00000002  RWIX
  INT06                 0000ff8c   00000002  00000000  00000002  RWIX
  INT07                 0000ff8e   00000002  00000000  00000002  RWIX
  INT08                 0000ff90   00000002  00000000  00000002  RWIX
  INT09                 0000ff92   00000002  00000000  00000002  RWIX
  INT10                 0000ff94   00000002  00000000  00000002  RWIX
  INT11                 0000ff96   00000002  00000000  00000002  RWIX
  INT12                 0000ff98   00000002  00000000  00000002  RWIX
  INT13                 0000ff9a   00000002  00000000  00000002  RWIX
  INT14                 0000ff9c   00000002  00000000  00000002  RWIX
  INT15                 0000ff9e   00000002  00000000  00000002  RWIX
  INT16                 0000ffa0   00000002  00000000  00000002  RWIX
  INT17                 0000ffa2   00000002  00000000  00000002  RWIX
  INT18                 0000ffa4   00000002  00000000  00000002  RWIX
  INT19                 0000ffa6   00000002  00000000  00000002  RWIX
  INT20                 0000ffa8   00000002  00000000  00000002  RWIX
  INT21                 0000ffaa   00000002  00000000  00000002  RWIX
  INT22                 0000ffac   00000002  00000000  00000002  RWIX
  INT23                 0000ffae   00000002  00000000  00000002  RWIX
  INT24                 0000ffb0   00000002  00000000  00000002  RWIX
  INT25                 0000ffb2   00000002  00000000  00000002  RWIX
  INT26                 0000ffb4   00000002  00000000  00000002  RWIX
  INT27                 0000ffb6   00000002  00000000  00000002  RWIX
  INT28                 0000ffb8   00000002  00000000  00000002  RWIX
  INT29                 0000ffba   00000002  00000000  00000002  RWIX
  INT30                 0000ffbc   00000002  00000000  00000002  RWIX
  INT31                 0000ffbe   00000002  00000000  00000002  RWIX
  INT32                 0000ffc0   00000002  00000000  00000002  RWIX
  INT33                 0000ffc2   00000002  00000000  00000002  RWIX
  INT34                 0000ffc4   00000002  00000000  00000002  RWIX
  INT35                 0000ffc6   00000002  00000000  00000002  RWIX
  INT36                 0000ffc8   00000002  00000000  00000002  RWIX
  INT37                 0000ffca   00000002  00000000  00000002  RWIX
  INT38                 0000ffcc   00000002  00000000  00000002  RWIX
  INT39                 0000ffce   00000002  00000000  00000002  RWIX
  INT40                 0000ffd0   00000002  00000000  00000002  RWIX
  INT41                 0000ffd2   00000002  00000000  00000002  RWIX
  INT42                 0000ffd4   00000002  00000000  00000002  RWIX
  INT43                 0000ffd6   00000002  00000000  00000002  RWIX
  INT44                 0000ffd8   00000002  00000000  00000002  RWIX
  INT45                 0000ffda   00000002  00000002  00000000  RWIX
  INT46                 0000ffdc   00000002  00000002  00000000  RWIX
  INT47                 0000ffde   00000002  00000002  00000000  RWIX
  INT48                 0000ffe0   00000002  00000002  00000000  RWIX
  INT49                 0000ffe2   00000002  00000002  00000000  RWIX
  INT50                 0000ffe4   00000002  00000002  00000000  RWIX
  INT51                 0000ffe6   00000002  00000002  00000000  RWIX
  INT52                 0000ffe8   00000002  00000002  00000000  RWIX
  INT53                 0000ffea   00000002  00000002  00000000  RWIX
  INT54                 0000ffec   00000002  00000002  00000000  RWIX
  INT55                 0000ffee   00000002  00000002  00000000  RWIX
  INT56                 0000fff0   00000002  00000002  00000000  RWIX
  INT57                 0000fff2   00000002  00000002  00000000  RWIX
  INT58                 0000fff4   00000002  00000002  00000000  RWIX
  INT59                 0000fff6   00000002  00000002  00000000  RWIX
  INT60                 0000fff8   00000002  00000002  00000000  RWIX
  INT61                 0000fffa   00000002  00000002  00000000  RWIX
  INT62                 0000fffc   00000002  00000002  00000000  RWIX
  RESET                 0000fffe   00000002  00000002  00000000  RWIX


SECTION ALLOCATION MAP

 output                                  attributes/
section   page    origin      length       input sections
--------  ----  ----------  ----------   ----------------
.bss       0    00001c00    00000307     UNINITIALIZED
                  00001c00    0000008c     nwk_QMgmt.obj (.bss)
                  00001c8c    0000005e     display.obj (.bss)
                  00001cea    00000046     rfsimpliciti.obj (.bss)
                  00001d30    00000045     ps.obj (.bss)
                  00001d75    00000001     as.obj (.bss)
                  00001d76    0000003c     mrfi.obj (.bss)
                  00001db2    0000001d     nwk.obj (.bss)
                  00001dcf    00000001     main_ED_BM.obj (.bss)
                  00001dd0    0000001c     BlueRobin_RX_915MHz.lib : BRRX_Resource.obj (.bss)
                  00001dec    0000001a     bluerobin.obj (.bss)
                  00001e06    0000001a     bmp_ps.obj (.bss)
                  00001e20    00000012     main.obj (.bss)
                  00001e32    0000000e     altitude.obj (.bss)
                  00001e40    0000000e     clock.obj (.bss)
                  00001e4e    0000000e     stopwatch.obj (.bss)
                  00001e5c    0000000d     Calibration.obj (.bss)
                  00001e69    00000001     nwk_api.obj (.bss)
                  00001e6a    0000000c     BlueRobin_RX_915MHz.lib : BRRX_Scheduler.obj (.bss)
                  00001e76    0000000a                             : BR_Common.obj (.bss)
                  00001e80    0000000a     acceleration.obj (.bss)
                  00001e8a    0000000a     nwk_frame.obj (.bss)
                  00001e94    0000000a     nwk_link.obj (.bss)
                  00001e9e    0000000a     ports.obj (.bss)
                  00001ea8    00000009     nwk_globals.obj (.bss)
                  00001eb1    00000001     nwk_ping.obj (.bss)
                  00001eb2    00000009     nwk_join.obj (.bss)
                  00001ebb    00000001     rfbsl.obj (.bss)
                  00001ebc    00000008     BlueRobin_RX_915MHz.lib : BRRX_Timer.obj (.bss)
                  00001ec4    00000008     battery.obj (.bss)
                  00001ecc    00000008     buzzer.obj (.bss)
                  00001ed4    00000007     timer.obj (.bss)
                  00001edb    00000001     --HOLE--
                  00001edc    00000006     BlueRobin_RX_915MHz.lib : BRRX_Radio.obj (.bss)
                  00001ee2    00000006     date.obj (.bss)
                  00001ee8    00000006     temperature.obj (.bss)
                  00001eee    00000005     BlueRobin_RX_915MHz.lib : BRRX_Packet.obj (.bss)
                  00001ef3    00000001     --HOLE--
                  00001ef4    00000004                             : BRRX_API.obj (.bss)
                  00001ef8    00000004     alarm.obj (.bss)
                  00001efc    00000004     menu.obj (.bss)
                  00001f00    00000003     adc12.obj (.bss)
                  00001f03    00000001     --HOLE--
                  00001f04    00000003     nwk_mgmt.obj (.bss)

.data      0    00001c00    00000000     UNINITIALIZED

.stack     0    00002bac    00000050     UNINITIALIZED
                  00002bac    00000002     rts430x.lib : boot.obj (.stack)
                  00002bae    0000004e     --HOLE--

.text      0    00008000    00007410     
                  00008000    000002c0     timer.obj (.text:_isr:TIMER0_A0_ISR)
                  000082c0    000002bc     mrfi.obj (.text:MRFI_Init)
                  0000857c    00000298     ps.obj (.text:conv_pa_to_meter)
                  00008814    0000027c     BlueRobin_RX_915MHz.lib : BRRX_Scheduler.obj (.text:BRRX__Scheduler_v)
                  00008a90    0000027a     test.obj (.text:test_mode)
                  00008d0a    0000022c     user.obj (.text:set_value)
                  00008f36    00000200     ports.obj (.text:_isr:PORT2_ISR)
                  00009136    000001e4     clock.obj (.text:mx_time)
                  0000931a    000001da     ps.obj (.text:update_pressure_table)
                  000094f4    000001ca     bluerobin.obj (.text:mx_caldist)
                  000096be    000001be     clock.obj (.text:display_time)
                  0000987c    00000194     date.obj (.text:mx_date)
                  00009a10    00000192     bmp_ps.obj (.text:bmp_ps_get_pa)
                  00009ba2    00000180     acceleration.obj (.text:display_acceleration)
                  00009d22    00000172     main.obj (.text:init_application)
                  00009e94    0000016e     nwk.obj (.text:nwk_nwkInit)
                  0000a002    00000164     nwk_link.obj (.text:smpl_send_link_reply$4)
                  0000a166    0000014c     mrfi.obj (.text:MRFI_Transmit)
                  0000a2b2    0000014a     rfsimpliciti.obj (.text:simpliciti_sync_decode_ap_cmd_callback)
                  0000a3fc    00000148     main.obj (.text:init_global_variables)
                  0000a544    00000148     nwk_link.obj (.text:nwk_link)
                  0000a68c    00000140     mrfi.obj (.text:Mrfi_SyncPinRxIsr$13)
                  0000a7cc    0000013e     nwk_api.obj (.text:SMPL_Ioctl)
                  0000a90a    00000130     rts430x.lib : fs_add.obj (.text)
                  0000aa3a    0000012c     altitude.obj (.text:do_altitude_measurement)
                  0000ab66    0000011e     BlueRobin_RX_915MHz.lib : BRRX_Scheduler.obj (.text:PacketMissed_v)
                  0000ac84    0000011c     stopwatch.obj (.text:display_stopwatch)
                  0000ada0    0000011c     nwk_join.obj (.text:nwk_join)
                  0000aebc    0000011a     main.obj (.text:wakeup_event)
                  0000afd6    00000112     rfsimpliciti.obj (.text:start_simpliciti_tx_only)
                  0000b0e8    00000108     nwk_frame.obj (.text:dispatchFrame$11)
                  0000b1f0    00000106     altitude.obj (.text:mx_altitude)
                  0000b2f6    00000104     bluerobin.obj (.text:display_caldist)
                  0000b3fa    00000102     temperature.obj (.text:mx_temperature)
                  0000b4fc    00000100     stopwatch.obj (.text:stopwatch_tick)
                  0000b5fc    000000fe     bluerobin.obj (.text:sx_bluerobin)
                  0000b6fa    000000f6     main.obj (.text:display_update)
                  0000b7f0    000000f2     alarm.obj (.text:mx_alarm)
                  0000b8e2    000000f0     altitude.obj (.text:display_altitude)
                  0000b9d2    000000ea     temperature.obj (.text:display_temperature)
                  0000babc    000000e6     bmp_ps.obj (.text:bmp_ps_init)
                  0000bba2    000000e4     rfsimpliciti.obj (.text:simpliciti_sync_get_data_callback)
                  0000bc86    000000e2     main_ED_BM.obj (.text:simpliciti_main_sync)
                  0000bd68    000000dc     date.obj (.text:display_date)
                  0000be44    000000d8     nwk_QMgmt.obj (.text:nwk_QfindOldest)
                  0000bf1c    000000d6     alarm.obj (.text:display_alarm)
                  0000bff2    000000d2     display.obj (.text:int_to_array)
                  0000c0c4    000000ce     nwk.obj (.text:nwk_allocateLocalRxPort)
                  0000c192    000000ce     nwk_link.obj (.text:nwk_processLink)
                  0000c260    000000cc     display.obj (.text:display_chars)
                  0000c32c    000000ca     main_ED_BM.obj (.text:simpliciti_link)
                  0000c3f6    000000c8     bluerobin.obj (.text:display_speed)
                  0000c4be    000000c4     main.obj (.text:read_calibration_values)
                  0000c582    000000bc     rfsimpliciti.obj (.text:sx_sync)
                  0000c63e    000000b6     BlueRobin_RX_915MHz.lib : BRRX_Scheduler.obj (.text:SearchPacketHit_u8)
                  0000c6f4    000000b6     rts430x.lib : fs_mpy.obj (.text)
                  0000c7aa    000000ac     main.obj (.text:main)
                  0000c856    000000a4     rf1a.obj (.text:Strobe)
                  0000c8fa    000000a4     clock.obj (.text:clock_tick)
                  0000c99e    0000009e     rfsimpliciti.obj (.text:simpliciti_get_ed_data_callback)
                  0000ca3c    0000009c     nwk_frame.obj (.text:nwk_retrieveFrame)
                  0000cad8    00000098     temperature.obj (.text:temperature_measurement)
                  0000cb70    00000094     pmm.obj (.text:SetVCore)
                  0000cc04    00000090     bluerobin.obj (.text:get_bluerobin_data)
                  0000cc94    0000008e     rts430x.lib : fs_div.obj (.text)
                  0000cd22    0000008c     ps.obj (.text:ps_i2c_sda)
                  0000cdae    0000008a     nwk_api.obj (.text:SMPL_Init)
                  0000ce38    0000008a     nwk_frame.obj (.text:nwk_buildFrame)
                  0000cec2    00000086     BlueRobin_RX_915MHz.lib : BRRX_Scheduler.obj (.text:GetData_v)
                  0000cf48    00000084     timer.obj (.text:_isr:TIMER0_A1_5_ISR)
                  0000cfcc    00000082     date.obj (.text:get_numberOfDays)
                  0000d04e    0000007c     BlueRobin_RX_915MHz.lib : BRRX_Scheduler.obj (.text:TrimACLK_Offset_v)
                  0000d0ca    0000007c     nwk_frame.obj (.text:nwk_sendAckReply)
                  0000d146    0000007a     display.obj (.text:display_char)
                  0000d1c0    00000078     nwk_QMgmt.obj (.text:nwk_QfindSlot)
                  0000d238    00000078     nwk_ioctl.obj (.text:nwk_radioControl)
                  0000d2b0    00000074     mrfi.obj (.text:mrfiRadioInterfaceCmdStrobe)
                  0000d324    00000072     ps.obj (.text:ps_read_register)
                  0000d396    00000070     BlueRobin_RX_915MHz.lib : BRRX_Radio.obj (.text:BRRX_RadioInit_v)
                  0000d406    0000006e                             : BRRX_Radio.obj (.text:BRRX_RadioReceive_v)
                  0000d474    0000006e     battery.obj (.text:battery_measurement)
                  0000d4e2    0000006a     BlueRobin_RX_915MHz.lib : BRRX_API.obj (.text:ResetTXCB_v)
                  0000d54c    0000006a     rf1a.obj (.text:WritePATable)
                  0000d5b6    0000006a     cma_ps.obj (.text:cma_ps_get_pa)
                  0000d620    0000006a     nwk.obj (.text:nwk_getNextConnection)
                  0000d68a    00000068     adc12.obj (.text:adc12_single_conversion)
                  0000d6f2    00000066     cma_ps.obj (.text:cma_ps_init)
                  0000d758    00000066     nwk_ping.obj (.text:nwk_processPing)
                  0000d7be    00000064     bmp_as.obj (.text:bmp_as_start)
                  0000d822    00000062     mrfi.obj (.text:MRFI_RadioIsr)
                  0000d884    00000062     timer.obj (.text:Timer0_A4_Delay)
                  0000d8e6    00000060     nwk_api.obj (.text:SMPL_SendOpt)
                  0000d946    00000060     as.obj (.text:as_read_register)
                  0000d9a6    00000060     as.obj (.text:as_write_register)
                  0000da06    00000060     altitude.obj (.text:start_altitude_measurement)
                  0000da66    0000005e     BlueRobin_RX_915MHz.lib : BRRX_Radio.obj (.text:BRRX_PacketEndTimerTask_v)
                  0000dac4    0000005c     battery.obj (.text:display_battery_V)
                  0000db20    0000005c     buzzer.obj (.text:toggle_buzzer)
                  0000db7c    0000005c     display.obj (.text:write_lcd_mem)
                  0000dbd8    0000005a     BlueRobin_RX_915MHz.lib : BRRX_Scheduler.obj (.text:PrepareForFirstPacket_v)
                  0000dc32    0000005a     display.obj (.text:clear_line)
                  0000dc8c    00000058     BlueRobin_RX_915MHz.lib : BRRX_API.obj (.text:BRRX_Start_v)
                  0000dce4    00000058     bmp_as.obj (.text:bmp_as_get_data)
                  0000dd3c    00000058     ps.obj (.text:ps_write_register)
                  0000dd94    00000058     rts430x.lib : div32u.obj (.text)
                  0000ddec    00000056     BlueRobin_RX_915MHz.lib : BRRX_Radio.obj (.text:BRRX_RadioCalibrate_v)
                  0000de42    00000054     display.obj (.text:display_hours)
                  0000de96    00000054     ps.obj (.text:ps_i2c_read)
                  0000deea    00000052     BlueRobin_RX_915MHz.lib : BRRX_Scheduler.obj (.text:BRRX__StartNewSearch_v)
                  0000df3c    00000052     mrfi.obj (.text:MRFI_ReplyDelay)
                  0000df8e    00000052     BlueRobin_RX_915MHz.lib : BRRX_Scheduler.obj (.text:TestStartTime_v)
                  0000dfe0    00000052     cma_as.obj (.text:cma_as_start)
                  0000e032    00000050     ports.obj (.text:button_repeat_function)
                  0000e082    00000050     cma_ps.obj (.text:cma_ps_get_temp)
                  0000e0d2    00000050     bluerobin.obj (.text:display_heartrate)
                  0000e122    00000050     rfbsl.obj (.text:sx_rfbsl)
                  0000e172    0000004c     BlueRobin_RX_915MHz.lib : BRRX_Scheduler.obj (.text:SearchPacketCheck_u8)
                  0000e1be    0000004c     rts430x.lib : fs_toul.obj (.text)
                  0000e20a    0000004a                 : autoinit.obj (.text:_auto_init)
                  0000e254    0000004a                 : fs_cmp.obj (.text)
                  0000e29e    00000048     buzzer.obj (.text:start_buzzer)
                  0000e2e6    00000048     bluerobin.obj (.text:stop_bluerobin)
                  0000e32e    00000046     BlueRobin_RX_915MHz.lib : BR_Common.obj (.text:BR__CalcRandomTimeOffset_u16)
                  0000e374    00000046     mrfi.obj (.text:MRFI_RxIdle)
                  0000e3ba    00000046     rf1a.obj (.text:ReadBurstReg)
                  0000e400    00000046     rf1a.obj (.text:WriteBurstReg)
                  0000e446    00000046     nwk_mgmt.obj (.text:nwk_processMgmt)
                  0000e48c    00000046     rts430x.lib : fs_tou.obj (.text)
                  0000e4d2    00000044     mrfi.obj (.text:mrfiRadioInterfaceReadReg)
                  0000e516    00000040     ps.obj (.text:ps_i2c_write)
                  0000e556    00000040     rts430x.lib : div32s.obj (.text)
                  0000e596    0000003e     BlueRobin_RX_915MHz.lib : BRRX_API.obj (.text:BRRX_SetID_v)
                  0000e5d4    0000003e                             : BRRX_Packet.obj (.text:BRRX__DecodePacket_u8)
                  0000e612    0000003e                             : BRRX_API.obj (.text:BRRX__NewInfo_v)
                  0000e650    0000003e                             : BRRX_Scheduler.obj (.text:PacketHit_u8)
                  0000e68e    0000003e     rts430x.lib : asr32.obj (.text:l_asr_const)
                  0000e6cc    0000003e                 : lsl32.obj (.text:l_lsl_const)
                  0000e70a    0000003e                 : lsr32.obj (.text:l_lsr_const)
                  0000e748    0000003c     BlueRobin_RX_915MHz.lib : BRRX_Timer.obj (.text:BRRX_TimerTask_v)
                  0000e784    0000003c     as.obj (.text:as_start)
                  0000e7c0    0000003c     Calibration.obj (.text:display_calibration)
                  0000e7fc    0000003c     stopwatch.obj (.text:update_stopwatch_timer)
                  0000e838    0000003a     rf1a.obj (.text:WriteSingleReg)
                  0000e872    0000003a     nwk.obj (.text:nwk_isValidReply)
                  0000e8ac    00000038     BlueRobin_RX_915MHz.lib : BRRX_API.obj (.text:BRRX_Init_v)
                  0000e8e4    00000038     radio.obj (.text:_isr:radio_ISR)
                  0000e91c    00000036     mrfi.obj (.text:mrfiRadioInterfaceWriteReg)
                  0000e952    00000036     rts430x.lib : fs_itof.obj (.text)
                  0000e988    00000034     BlueRobin_RX_915MHz.lib : BR_Common.obj (.text:BR__CalcCRC_u8)
                  0000e9bc    00000034                             : BRRX_Scheduler.obj (.text:TrimRFCLK_Offset_v)
                  0000e9f0    00000034     radio.obj (.text:radio_reset)
                  0000ea24    00000034     stopwatch.obj (.text:sx_stopwatch)
                  0000ea58    00000032     BlueRobin_RX_915MHz.lib : BRRX_Radio.obj (.text:BRRX_RadioStop_v)
                  0000ea8a    00000032     mrfi.obj (.text:MRFI_RxOn)
                  0000eabc    00000032     as.obj (.text:as_stop)
                  0000eaee    00000032     cma_as.obj (.text:cma_as_get_data)
                  0000eb20    00000032     mrfi.obj (.text:mrfiRadioInterfaceReadRxFifo)
                  0000eb52    00000032     rts430x.lib : fs_ultof.obj (.text)
                  0000eb84    00000032     alarm.obj (.text:sx_alarm)
                  0000ebb6    00000030     nwk_frame.obj (.text:nwk_sendFrame)
                  0000ebe6    0000002e     nwk_QMgmt.obj (.text:nwk_QadjustOrder)
                  0000ec14    0000002c     rts430x.lib : div16s.obj (.text)
                  0000ec40    0000002c     altitude.obj (.text:stop_altitude_measurement)
                  0000ec6c    0000002a     BlueRobin_RX_915MHz.lib : BRRX_API.obj (.text:BRRX_GetID_u32)
                  0000ec96    0000002a     mrfi.obj (.text:MRFI_SetRFPwr)
                  0000ecc0    0000002a     mrfi.obj (.text:Mrfi_CalculateRssi$13)
                  0000ecea    0000002a     BlueRobin_RX_915MHz.lib : BRRX_Scheduler.obj (.text:SearchPacketMissed_u8)
                  0000ed14    0000002a     timer.obj (.text:Timer0_A3_Start)
                  0000ed3e    00000028     nwk.obj (.text:map_lid2idx$8)
                  0000ed66    00000028     stopwatch.obj (.text:mx_stopwatch)
                  0000ed8e    00000028     nwk.obj (.text:nwk_getConnInfo)
                  0000edb6    00000028     buzzer.obj (.text:stop_buzzer)
                  0000edde    00000026     mrfi.obj (.text:MRFI_Sleep)
                  0000ee04    00000026     rfbsl.obj (.text:display_rfbsl)
                  0000ee2a    00000026     ps.obj (.text:init_pressure_table)
                  0000ee50    00000026     nwk.obj (.text:nwk_checkConnInfo)
                  0000ee76    00000026     rfsimpliciti.obj (.text:sx_ppt)
                  0000ee9c    00000026     rfsimpliciti.obj (.text:sx_rf)
                  0000eec2    00000024     BlueRobin_RX_915MHz.lib : BRRX_API.obj (.text:BRRX_GetState_t)
                  0000eee6    00000024     ps.obj (.text:ps_init)
                  0000ef0a    00000024     rts430x.lib : fs_utof.obj (.text)
                  0000ef2e    00000022     bsp.obj (.text:BSP_Delay)
                  0000ef50    00000022     display.obj (.text:display_value)
                  0000ef72    00000022     rts430x.lib : memcmp.obj (.text:memcmp)
                  0000ef94    00000022                 : mult32_f5hw.obj (.text)
                  0000efb6    00000022     acceleration.obj (.text:sx_acceleration)
                  0000efd8    00000020     BlueRobin_RX_915MHz.lib : BRRX_API.obj (.text:BRRX_GetDistance_u16)
                  0000eff8    00000020                             : BRRX_API.obj (.text:BRRX_GetSpeed_u8)
                  0000f018    0000001e                             : BRRX_Timer.obj (.text:SetAbsoluteTimer_v)
                  0000f036    0000001e     display.obj (.text:display_symbol)
                  0000f054    0000001e     rts430x.lib : memmov.obj (.text:memmove)
                  0000f072    0000001e     nwk_join.obj (.text:nwk_processJoin)
                  0000f090    0000001c     mrfi.obj (.text:Mrfi_DelayUsec$13)
                  0000f0ac    0000001c     display.obj (.text:clear_display_all)
                  0000f0c8    0000001c     radio.obj (.text:close_radio)
                  0000f0e4    0000001c     nwk.obj (.text:nwk_putNumObjectIntoMsg)
                  0000f100    0000001a     BlueRobin_RX_915MHz.lib : BRRX_Scheduler.obj (.text:GetPacketTolerance_u8)
                  0000f11a    0000001a     adc12.obj (.text:_isr:ADC12ISR)
                  0000f134    0000001a     rts430x.lib : boot_special.obj (.text:_isr:_c_int00_noargs_noexit)
                  0000f14e    0000001a     display.obj (.text:display_am_pm_symbol)
                  0000f168    0000001a     stopwatch.obj (.text:stop_stopwatch)
                  0000f182    0000001a     bluerobin.obj (.text:sx_caldist)
                  0000f19c    00000018     rf1a.obj (.text:ReadSingleReg)
                  0000f1b4    00000018     Calibration.obj (.text:mx_calibration)
                  0000f1cc    00000016     clock.obj (.text:display_selection_Timeformat1)
                  0000f1e2    00000016     bluerobin.obj (.text:display_selection_User_Gender)
                  0000f1f8    00000016     rts430x.lib : div16u.obj (.text)
                  0000f20e    00000016                 : mult16_f5hw.obj (.text)
                  0000f224    00000014     rfsimpliciti.obj (.text:display_ppt)
                  0000f238    00000014     rfsimpliciti.obj (.text:display_rf)
                  0000f24c    00000014     rfsimpliciti.obj (.text:display_sync)
                  0000f260    00000014     stopwatch.obj (.text:is_stopwatch)
                  0000f274    00000012     BlueRobin_RX_915MHz.lib : BR_Common.obj (.text:BR__CalcRandomChannel_u8)
                  0000f286    00000012                             : BRRX_Radio.obj (.text:BlueRobin_RadioISR_v)
                  0000f298    00000012     rts430x.lib : memcpy.obj (.text:memcpy)
                  0000f2aa    00000012                 : memset.obj (.text:memset)
                  0000f2bc    00000012     radio.obj (.text:open_radio)
                  0000f2ce    00000010     BlueRobin_RX_915MHz.lib : BRRX_Timer.obj (.text:BRRX__StartTimer_v)
                  0000f2de    00000010     rts430x.lib : lsl32.obj (.text:l_lsl)
                  0000f2ee    00000010                 : lsr32.obj (.text:l_lsr)
                  0000f2fe    00000010     radio.obj (.text:radio_powerdown)
                  0000f30e    00000010     date.obj (.text:sx_date)
                  0000f31e    00000010     clock.obj (.text:sx_time)
                  0000f32e    0000000c     BlueRobin_RX_915MHz.lib : BRRX_Timer.obj (.text:BRRX__GetCurrentTime_u16)
                  0000f33a    0000000c     rfsimpliciti.obj (.text:is_rf)
                  0000f346    0000000c     menu.obj (.text:update_acceleration)
                  0000f352    0000000c     menu.obj (.text:update_alarm)
                  0000f35e    0000000c     menu.obj (.text:update_battery_voltage)
                  0000f36a    0000000c     menu.obj (.text:update_calibration)
                  0000f376    0000000c     menu.obj (.text:update_stopwatch)
                  0000f382    0000000c     menu.obj (.text:update_temperature)
                  0000f38e    0000000a     BlueRobin_RX_915MHz.lib : BRRX_Timer.obj (.text:BRRX__IsTimerRunning_v)
                  0000f398    0000000a                             : BRRX_Timer.obj (.text:BRRX__StopTimer_v)
                  0000f3a2    0000000a     menu.obj (.text:update_date)
                  0000f3ac    0000000a     menu.obj (.text:update_time)
                  0000f3b6    00000008     BlueRobin_RX_915MHz.lib : BRRX_Radio.obj (.text:BRRX_GetFS_Offset_s8)
                  0000f3be    00000008                             : BRRX_API.obj (.text:BRRX_SetSignalLevelReduction_v)
                  0000f3c6    00000006                             : BRRX_API.obj (.text:BRRX_GetHeartRate_u8)
                  0000f3cc    00000006                             : BRRX_API.obj (.text:BRRX_SetPowerdownDelay_v)
                  0000f3d2    00000006                             : BRRX_API.obj (.text:BRRX_SetSearchTimeout_v)
                  0000f3d8    00000006                             : BRRX_API.obj (.text:BRRX_Stop_v)
                  0000f3de    00000006                             : BRRX_Timer.obj (.text:BRRX__CallTimer_v)
                  0000f3e4    00000006                             : BRRX_Timer.obj (.text:BRRX__InitTimer_v)
                  0000f3ea    00000006     rts430x.lib : isr_trap.obj (.text:_isr:__TI_ISR_TRAP)
                  0000f3f0    00000006     bluerobin.obj (.text:mx_bluerobin)
                  0000f3f6    00000004     rts430x.lib : pre_init.obj (.text:_system_pre_init)
                  0000f3fa    00000004                 : exit.obj (.text:abort)
                  0000f3fe    00000004     nwk_freq.obj (.text:nwk_processFreq)
                  0000f402    00000004     nwk_security.obj (.text:nwk_processSecurity)
                  0000f406    00000004     ps.obj (.text:ps_i2c_delay)
                  0000f40a    00000002     user.obj (.text:dummy)
                  0000f40c    00000002     altitude.obj (.text:sx_altitude)
                  0000f40e    00000002     Calibration.obj (.text:sx_calibration)

.const     0    0000f410    0000062f     
                  0000f410    0000021f     display.obj (.const:int_to_array_conversion_table)
                  0000f62f    00000001     mrfi.obj (.const)
                  0000f630    00000120     menu.obj (.const)
                  0000f750    00000100     BlueRobin_RX_915MHz.lib : BR_Common.obj (.const:RandomValue_u8)
                  0000f850    00000092     <whole-program> (.const:.string)
                  0000f8e2    0000003a     mrfi.obj (.const:mrfiRadioCfg)
                  0000f91c    0000002b     display.obj (.const:.string:lcd_font)
                  0000f947    00000001     nwk_frame.obj (.const)
                  0000f948    0000002a     display.obj (.const:.string:segments_bitmask)
                  0000f972    00000027     BlueRobin_RX_915MHz.lib : BRRX_Radio.obj (.const:RadioSettings_t)
                  0000f999    00000001     --HOLE-- [fill = 0]
                  0000f99a    00000022     ps.obj (.const:h0)
                  0000f9bc    00000022     ps.obj (.const:p0)
                  0000f9de    00000018     nwk_frame.obj (.const:func$11)
                  0000f9f6    0000000e     acceleration.obj (.const:bmp_mgrav_per_bit)
                  0000fa04    0000000e     acceleration.obj (.const:cma_mgrav_per_bit)
                  0000fa12    00000009     nwk_globals.obj (.const)
                  0000fa1b    00000001     --HOLE-- [fill = 0]
                  0000fa1c    00000008     clock.obj (.const:selection_Timeformat)
                  0000fa24    00000008     bluerobin.obj (.const:selection_User_Gender)
                  0000fa2c    00000004     mrfi.obj (.const:.string:mrfiBroadcastAddr)
                  0000fa30    00000004     mrfi.obj (.const:.string:mrfiLogicalChanTable$13)
                  0000fa34    00000004     BlueRobin_RX_915MHz.lib : BRRX_Resource.obj (.const)
                  0000fa38    00000003     mrfi.obj (.const:.string:mrfiRFPowerTable$13)
                  0000fa3b    00000001     --HOLE-- [fill = 0]
                  0000fa3c    00000003     mrfi.obj (.const:.string:mrfiRFPowerTable_B$13)

.cinit     0    0000fa40    00000182     
                  0000fa40    00000137     <whole-program> (.cinit)
                  0000fb77    00000001     --HOLE-- [fill = 0]
                  0000fb78    00000017     BlueRobin_RX_915MHz.lib : BRRX_Scheduler.obj (.cinit)
                  0000fb8f    00000001     --HOLE-- [fill = 0]
                  0000fb90    00000017                             : BRRX_Timer.obj (.cinit)
                  0000fba7    00000001     --HOLE-- [fill = 0]
                  0000fba8    0000000c                             : BRRX_Radio.obj (.cinit)
                  0000fbb4    0000000b                             : BRRX_Packet.obj (.cinit)
                  0000fbbf    00000001     --HOLE-- [fill = 0]
                  0000fbc0    00000002     (.pad.cinit) [fill = 0]

.pinit     0    00008000    00000000     UNINITIALIZED

AES        0    0000ffda    00000002     
                  0000ffda    00000002     rts430x.lib : int45.obj (.int45)

RTC        0    0000ffdc    00000002     
                  0000ffdc    00000002     rts430x.lib : int46.obj (.int46)

LCD_B      0    0000ffde    00000002     
                  0000ffde    00000002     rts430x.lib : int47.obj (.int47)

PORT2      0    0000ffe0    00000002     
                  0000ffe0    00000002     <whole-program> (.int48)

PORT1      0    0000ffe2    00000002     
                  0000ffe2    00000002     rts430x.lib : int49.obj (.int49)

TIMER1_A1 
*          0    0000ffe4    00000002     
                  0000ffe4    00000002     rts430x.lib : int50.obj (.int50)

TIMER1_A0 
*          0    0000ffe6    00000002     
                  0000ffe6    00000002     rts430x.lib : int51.obj (.int51)

DMA        0    0000ffe8    00000002     
                  0000ffe8    00000002     rts430x.lib : int52.obj (.int52)

CC1101     0    0000ffea    00000002     
                  0000ffea    00000002     radio.obj (.int53)

TIMER0_A1 
*          0    0000ffec    00000002     
                  0000ffec    00000002     <whole-program> (.int54)

TIMER0_A0 
*          0    0000ffee    00000002     
                  0000ffee    00000002     <whole-program> (.int55)

ADC12      0    0000fff0    00000002     
                  0000fff0    00000002     <whole-program> (.int56)

USCI_B0    0    0000fff2    00000002     
                  0000fff2    00000002     rts430x.lib : int57.obj (.int57)

USCI_A0    0    0000fff4    00000002     
                  0000fff4    00000002     rts430x.lib : int58.obj (.int58)

WDT        0    0000fff6    00000002     
                  0000fff6    00000002     rts430x.lib : int59.obj (.int59)

COMP_B     0    0000fff8    00000002     
                  0000fff8    00000002     rts430x.lib : int60.obj (.int60)

UNMI       0    0000fffa    00000002     
                  0000fffa    00000002     rts430x.lib : int61.obj (.int61)

SYSNMI     0    0000fffc    00000002     
                  0000fffc    00000002     rts430x.lib : int62.obj (.int62)

.reset     0    0000fffe    00000002     
                  0000fffe    00000002     rts430x.lib : boot.obj (.reset)


GLOBAL SYMBOLS: SORTED ALPHABETICALLY BY Name 

address   name                                  
-------   ----                                  
00001c00  .bss                                  
00001c00  .data                                 
00008000  .text                                 
00000700  ADC12CTL0                             
00000701  ADC12CTL0_H                           
00000700  ADC12CTL0_L                           
00000702  ADC12CTL1                             
00000703  ADC12CTL1_H                           
00000702  ADC12CTL1_L                           
00000704  ADC12CTL2                             
00000705  ADC12CTL2_H                           
00000704  ADC12CTL2_L                           
0000070c  ADC12IE                               
0000070d  ADC12IE_H                             
0000070c  ADC12IE_L                             
0000070a  ADC12IFG                              
0000070b  ADC12IFG_H                            
0000070a  ADC12IFG_L                            
0000f11a  ADC12ISR                              
0000070e  ADC12IV                               
0000070f  ADC12IV_H                             
0000070e  ADC12IV_L                             
00000710  ADC12MCTL0                            
00000711  ADC12MCTL1                            
0000071a  ADC12MCTL10                           
0000071b  ADC12MCTL11                           
0000071c  ADC12MCTL12                           
0000071d  ADC12MCTL13                           
0000071e  ADC12MCTL14                           
0000071f  ADC12MCTL15                           
00000712  ADC12MCTL2                            
00000713  ADC12MCTL3                            
00000714  ADC12MCTL4                            
00000715  ADC12MCTL5                            
00000716  ADC12MCTL6                            
00000717  ADC12MCTL7                            
00000718  ADC12MCTL8                            
00000719  ADC12MCTL9                            
00000720  ADC12MEM0                             
00000721  ADC12MEM0_H                           
00000720  ADC12MEM0_L                           
00000722  ADC12MEM1                             
00000734  ADC12MEM10                            
00000735  ADC12MEM10_H                          
00000734  ADC12MEM10_L                          
00000736  ADC12MEM11                            
00000737  ADC12MEM11_H                          
00000736  ADC12MEM11_L                          
00000738  ADC12MEM12                            
00000739  ADC12MEM12_H                          
00000738  ADC12MEM12_L                          
0000073a  ADC12MEM13                            
0000073b  ADC12MEM13_H                          
0000073a  ADC12MEM13_L                          
0000073c  ADC12MEM14                            
0000073d  ADC12MEM14_H                          
0000073c  ADC12MEM14_L                          
0000073e  ADC12MEM15                            
0000073f  ADC12MEM15_H                          
0000073e  ADC12MEM15_L                          
00000723  ADC12MEM1_H                           
00000722  ADC12MEM1_L                           
00000724  ADC12MEM2                             
00000725  ADC12MEM2_H                           
00000724  ADC12MEM2_L                           
00000726  ADC12MEM3                             
00000727  ADC12MEM3_H                           
00000726  ADC12MEM3_L                           
00000728  ADC12MEM4                             
00000729  ADC12MEM4_H                           
00000728  ADC12MEM4_L                           
0000072a  ADC12MEM5                             
0000072b  ADC12MEM5_H                           
0000072a  ADC12MEM5_L                           
0000072c  ADC12MEM6                             
0000072d  ADC12MEM6_H                           
0000072c  ADC12MEM6_L                           
0000072e  ADC12MEM7                             
0000072f  ADC12MEM7_H                           
0000072e  ADC12MEM7_L                           
00000730  ADC12MEM8                             
00000731  ADC12MEM8_H                           
00000730  ADC12MEM8_L                           
00000732  ADC12MEM9                             
00000733  ADC12MEM9_H                           
00000732  ADC12MEM9_L                           
000009c0  AESACTL0                              
000009c1  AESACTL0_H                            
000009c0  AESACTL0_L                            
000009c8  AESADIN                               
000009c9  AESADIN_H                             
000009c8  AESADIN_L                             
000009ca  AESADOUT                              
000009cb  AESADOUT_H                            
000009ca  AESADOUT_L                            
000009c6  AESAKEY                               
000009c7  AESAKEY_H                             
000009c6  AESAKEY_L                             
000009c4  AESASTAT                              
000009c5  AESASTAT_H                            
000009c4  AESASTAT_L                            
0000efd8  BRRX_GetDistance_u16                  
0000f3b6  BRRX_GetFS_Offset_s8                  
0000f3c6  BRRX_GetHeartRate_u8                  
0000ec6c  BRRX_GetID_u32                        
0000eff8  BRRX_GetSpeed_u8                      
0000eec2  BRRX_GetState_t                       
0000e8ac  BRRX_Init_v                           
0000da66  BRRX_PacketEndTimerTask_v             
0000ddec  BRRX_RadioCalibrate_v                 
0000d396  BRRX_RadioInit_v                      
0000d406  BRRX_RadioReceive_v                   
0000ea58  BRRX_RadioStop_v                      
0000e596  BRRX_SetID_v                          
0000f3cc  BRRX_SetPowerdownDelay_v              
0000f3d2  BRRX_SetSearchTimeout_v               
0000f3be  BRRX_SetSignalLevelReduction_v        
0000dc8c  BRRX_Start_v                          
0000f3d8  BRRX_Stop_v                           
0000e748  BRRX_TimerTask_v                      
0000f3de  BRRX__CallTimer_v                     
00001ef0  BRRX__CurrentPacketTime_u16           
00001ef2  BRRX__CurrentSignalLevel_u8           
0000e5d4  BRRX__DecodePacket_u8                 
0000fa34  BRRX__First_TXCB_t                    
0000f32e  BRRX__GetCurrentTime_u16              
0000f3e4  BRRX__InitTimer_v                     
0000f38e  BRRX__IsTimerRunning_v                
0000fa36  BRRX__Last_TXCB_t                     
00001e72  BRRX__MaxSearchTries_u8               
0000e612  BRRX__NewInfo_v                       
00001ebe  BRRX__NextEndTime_u16                 
00001ebc  BRRX__NextEventTime_u16               
00001ec1  BRRX__NextFrequencyOffset_s8          
00001ec0  BRRX__NextFrequency_u8                
00001e76  BRRX__PacketBits_t                    
00001e70  BRRX__PowerdownDelay_u8               
00008814  BRRX__Scheduler_v                     
00001e73  BRRX__SearchRatio_u8                  
00001e71  BRRX__SignalLevelReduction            
0000deea  BRRX__StartNewSearch_v                
0000f2ce  BRRX__StartTimer_v                    
00001eee  BRRX__StatusFlags_t                   
0000f398  BRRX__StopTimer_v                     
00001dd0  BRRX__TXCB_t                          
00001e74  BRRX__TestMode_u8                     
00001ec2  BRRX__TimerState_t                    
0000e988  BR__CalcCRC_u8                        
0000f274  BR__CalcRandomChannel_u8              
0000e32e  BR__CalcRandomTimeOffset_u16          
0000ef2e  BSP_Delay                             
0000f286  BlueRobin_RadioISR_v                  
0000f3fa  C$$EXIT                               
000008c0  CBCTL0                                
000008c1  CBCTL0_H                              
000008c0  CBCTL0_L                              
000008c2  CBCTL1                                
000008c3  CBCTL1_H                              
000008c2  CBCTL1_L                              
000008c4  CBCTL2                                
000008c5  CBCTL2_H                              
000008c4  CBCTL2_L                              
000008c6  CBCTL3                                
000008c7  CBCTL3_H                              
000008c6  CBCTL3_L                              
000008cc  CBINT                                 
000008cd  CBINT_H                               
000008cc  CBINT_L                               
000008ce  CBIV                                  
00000150  CRCDI                                 
00000151  CRCDI_H                               
00000150  CRCDI_L                               
00000154  CRCINIRES                             
00000155  CRCINIRES_H                           
00000154  CRCINIRES_L                           
00000510  DMA0CTL                               
00000511  DMA0CTL_H                             
00000510  DMA0CTL_L                             
00000516  DMA0DA                                
00000518  DMA0DAH                               
00000516  DMA0DAL                               
00000512  DMA0SA                                
00000514  DMA0SAH                               
00000512  DMA0SAL                               
0000051a  DMA0SZ                                
00000520  DMA1CTL                               
00000521  DMA1CTL_H                             
00000520  DMA1CTL_L                             
00000526  DMA1DA                                
00000528  DMA1DAH                               
00000526  DMA1DAL                               
00000522  DMA1SA                                
00000524  DMA1SAH                               
00000522  DMA1SAL                               
0000052a  DMA1SZ                                
00000530  DMA2CTL                               
00000531  DMA2CTL_H                             
00000530  DMA2CTL_L                             
00000536  DMA2DA                                
00000538  DMA2DAH                               
00000536  DMA2DAL                               
00000532  DMA2SA                                
00000534  DMA2SAH                               
00000532  DMA2SAL                               
0000053a  DMA2SZ                                
00000500  DMACTL0                               
00000501  DMACTL0_H                             
00000500  DMACTL0_L                             
00000502  DMACTL1                               
00000503  DMACTL1_H                             
00000502  DMACTL1_L                             
00000504  DMACTL2                               
00000505  DMACTL2_H                             
00000504  DMACTL2_L                             
00000506  DMACTL3                               
00000507  DMACTL3_H                             
00000506  DMACTL3_L                             
00000508  DMACTL4                               
00000509  DMACTL4_H                             
00000508  DMACTL4_L                             
0000050e  DMAIV                                 
0000050f  DMAIV_H                               
0000050e  DMAIV_L                               
00000140  FCTL1                                 
00000141  FCTL1_H                               
00000140  FCTL1_L                               
00000144  FCTL3                                 
00000145  FCTL3_H                               
00000144  FCTL3_L                               
00000146  FCTL4                                 
00000147  FCTL4_H                               
00000146  FCTL4_L                               
00000a04  LCDBBLKCTL                            
00000a05  LCDBBLKCTL_H                          
00000a04  LCDBBLKCTL_L                          
00000a12  LCDBCPCTL                             
00000a13  LCDBCPCTL_H                           
00000a12  LCDBCPCTL_L                           
00000a00  LCDBCTL0                              
00000a01  LCDBCTL0_H                            
00000a00  LCDBCTL0_L                            
00000a02  LCDBCTL1                              
00000a03  LCDBCTL1_H                            
00000a02  LCDBCTL1_L                            
00000a1e  LCDBIV                                
00000a40  LCDBM1                                
00000a49  LCDBM10                               
00000a4a  LCDBM11                               
00000a4b  LCDBM12                               
00000a4c  LCDBM13                               
00000a4d  LCDBM14                               
00000a4e  LCDBM15                               
00000a4f  LCDBM16                               
00000a50  LCDBM17                               
00000a51  LCDBM18                               
00000a52  LCDBM19                               
00000a41  LCDBM2                                
00000a53  LCDBM20                               
00000a54  LCDBM21                               
00000a55  LCDBM22                               
00000a56  LCDBM23                               
00000a57  LCDBM24                               
00000a42  LCDBM3                                
00000a43  LCDBM4                                
00000a44  LCDBM5                                
00000a45  LCDBM6                                
00000a46  LCDBM7                                
00000a47  LCDBM8                                
00000a48  LCDBM9                                
00000a06  LCDBMEMCTL                            
00000a07  LCDBMEMCTL_H                          
00000a06  LCDBMEMCTL_L                          
00000a0a  LCDBPCTL0                             
00000a0b  LCDBPCTL0_H                           
00000a0a  LCDBPCTL0_L                           
00000a0c  LCDBPCTL1                             
00000a0d  LCDBPCTL1_H                           
00000a0c  LCDBPCTL1_L                           
00000a0e  LCDBPCTL2                             
00000a0f  LCDBPCTL2_H                           
00000a0e  LCDBPCTL2_L                           
00000a10  LCDBPCTL3                             
00000a11  LCDBPCTL3_H                           
00000a10  LCDBPCTL3_L                           
00000a08  LCDBVCTL                              
00000a09  LCDBVCTL_H                            
00000a08  LCDBVCTL_L                            
00000a20  LCDM1                                 
00000a29  LCDM10                                
00000a2a  LCDM11                                
00000a2b  LCDM12                                
00000a2c  LCDM13                                
00000a2d  LCDM14                                
00000a2e  LCDM15                                
00000a2f  LCDM16                                
00000a30  LCDM17                                
00000a31  LCDM18                                
00000a32  LCDM19                                
00000a21  LCDM2                                 
00000a33  LCDM20                                
00000a34  LCDM21                                
00000a35  LCDM22                                
00000a36  LCDM23                                
00000a37  LCDM24                                
00000a22  LCDM3                                 
00000a23  LCDM4                                 
00000a24  LCDM5                                 
00000a25  LCDM6                                 
00000a26  LCDM7                                 
00000a27  LCDM8                                 
00000a28  LCDM9                                 
0000e6c6  L_ASR_1                               
0000e6a2  L_ASR_10                              
0000e69e  L_ASR_11                              
0000e69a  L_ASR_12                              
0000e696  L_ASR_13                              
0000e692  L_ASR_14                              
0000e68e  L_ASR_15                              
0000e6c2  L_ASR_2                               
0000e6be  L_ASR_3                               
0000e6ba  L_ASR_4                               
0000e6b6  L_ASR_5                               
0000e6b2  L_ASR_6                               
0000e6ae  L_ASR_7                               
0000e6aa  L_ASR_8                               
0000e6a6  L_ASR_9                               
0000f2de  L_LSL                                 
0000e704  L_LSL_1                               
0000e6e0  L_LSL_10                              
0000e6dc  L_LSL_11                              
0000e6d8  L_LSL_12                              
0000e6d4  L_LSL_13                              
0000e6d0  L_LSL_14                              
0000e6cc  L_LSL_15                              
0000e700  L_LSL_2                               
0000e6fc  L_LSL_3                               
0000e6f8  L_LSL_4                               
0000e6f4  L_LSL_5                               
0000e6f0  L_LSL_6                               
0000e6ec  L_LSL_7                               
0000e6e8  L_LSL_8                               
0000e6e4  L_LSL_9                               
0000f2ee  L_LSR                                 
0000e742  L_LSR_1                               
0000e71e  L_LSR_10                              
0000e71a  L_LSR_11                              
0000e716  L_LSR_12                              
0000e712  L_LSR_13                              
0000e70e  L_LSR_14                              
0000e70a  L_LSR_15                              
0000e73e  L_LSR_2                               
0000e73a  L_LSR_3                               
0000e736  L_LSR_4                               
0000e732  L_LSR_5                               
0000e72e  L_LSR_6                               
0000e72a  L_LSR_7                               
0000e726  L_LSR_8                               
0000e722  L_LSR_9                               
000004c4  MAC                                   
000004da  MAC32H                                
000004db  MAC32H_H                              
000004da  MAC32H_L                              
000004d8  MAC32L                                
000004d9  MAC32L_H                              
000004d8  MAC32L_L                              
000004c6  MACS                                  
000004de  MACS32H                               
000004df  MACS32H_H                             
000004de  MACS32H_L                             
000004dc  MACS32L                               
000004dd  MACS32L_H                             
000004dc  MACS32L_L                             
000004c7  MACS_H                                
000004c6  MACS_L                                
000004c5  MAC_H                                 
000004c4  MAC_L                                 
000004c0  MPY                                   
000004ec  MPY32CTL0                             
000004ed  MPY32CTL0_H                           
000004ec  MPY32CTL0_L                           
000004d2  MPY32H                                
000004d3  MPY32H_H                              
000004d2  MPY32H_L                              
000004d0  MPY32L                                
000004d1  MPY32L_H                              
000004d0  MPY32L_L                              
000004c2  MPYS                                  
000004d6  MPYS32H                               
000004d7  MPYS32H_H                             
000004d6  MPYS32H_L                             
000004d4  MPYS32L                               
000004d5  MPYS32L_H                             
000004d4  MPYS32L_L                             
000004c3  MPYS_H                                
000004c2  MPYS_L                                
000004c1  MPY_H                                 
000004c0  MPY_L                                 
000082c0  MRFI_Init                             
0000d822  MRFI_RadioIsr                         
0000df3c  MRFI_ReplyDelay                       
0000e374  MRFI_RxIdle                           
0000ea8a  MRFI_RxOn                             
0000ec96  MRFI_SetRFPwr                         
0000edde  MRFI_Sleep                            
0000a166  MRFI_Transmit                         
000004c8  OP2                                   
000004e2  OP2H                                  
000004e3  OP2H_H                                
000004e2  OP2H_L                                
000004e0  OP2L                                  
000004e1  OP2L_H                                
000004e0  OP2L_L                                
000004c9  OP2_H                                 
000004c8  OP2_L                                 
0000020e  P1IV                                  
000001c8  P1MAP01                               
000001c9  P1MAP01_H                             
000001c8  P1MAP01_L                             
000001ca  P1MAP23                               
000001cb  P1MAP23_H                             
000001ca  P1MAP23_L                             
000001cc  P1MAP45                               
000001cd  P1MAP45_H                             
000001cc  P1MAP45_L                             
000001ce  P1MAP67                               
000001cf  P1MAP67_H                             
000001ce  P1MAP67_L                             
0000021e  P2IV                                  
000001d0  P2MAP01                               
000001d1  P2MAP01_H                             
000001d0  P2MAP01_L                             
000001d2  P2MAP23                               
000001d3  P2MAP23_H                             
000001d2  P2MAP23_L                             
000001d4  P2MAP45                               
000001d5  P2MAP45_H                             
000001d4  P2MAP45_L                             
000001d6  P2MAP67                               
000001d7  P2MAP67_H                             
000001d6  P2MAP67_L                             
000001d8  P3MAP01                               
000001d9  P3MAP01_H                             
000001d8  P3MAP01_L                             
000001da  P3MAP23                               
000001db  P3MAP23_H                             
000001da  P3MAP23_L                             
000001dc  P3MAP45                               
000001dd  P3MAP45_H                             
000001dc  P3MAP45_L                             
000001de  P3MAP67                               
000001df  P3MAP67_H                             
000001de  P3MAP67_L                             
00000204  PADIR                                 
00000205  PADIR_H                               
00000204  PADIR_L                               
00000208  PADS                                  
00000209  PADS_H                                
00000208  PADS_L                                
0000021a  PAIE                                  
00000218  PAIES                                 
00000219  PAIES_H                               
00000218  PAIES_L                               
0000021b  PAIE_H                                
0000021a  PAIE_L                                
0000021c  PAIFG                                 
0000021d  PAIFG_H                               
0000021c  PAIFG_L                               
00000200  PAIN                                  
00000201  PAIN_H                                
00000200  PAIN_L                                
00000202  PAOUT                                 
00000203  PAOUT_H                               
00000202  PAOUT_L                               
00000206  PAREN                                 
00000207  PAREN_H                               
00000206  PAREN_L                               
0000020a  PASEL                                 
0000020b  PASEL_H                               
0000020a  PASEL_L                               
00000224  PBDIR                                 
00000225  PBDIR_H                               
00000224  PBDIR_L                               
00000228  PBDS                                  
00000229  PBDS_H                                
00000228  PBDS_L                                
00000220  PBIN                                  
00000221  PBIN_H                                
00000220  PBIN_L                                
00000222  PBOUT                                 
00000223  PBOUT_H                               
00000222  PBOUT_L                               
00000226  PBREN                                 
00000227  PBREN_H                               
00000226  PBREN_L                               
0000022a  PBSEL                                 
0000022b  PBSEL_H                               
0000022a  PBSEL_L                               
00000244  PCDIR                                 
00000245  PCDIR_H                               
00000244  PCDIR_L                               
00000248  PCDS                                  
00000249  PCDS_H                                
00000248  PCDS_L                                
00000240  PCIN                                  
00000241  PCIN_H                                
00000240  PCIN_L                                
00000242  PCOUT                                 
00000243  PCOUT_H                               
00000242  PCOUT_L                               
00000246  PCREN                                 
00000247  PCREN_H                               
00000246  PCREN_L                               
0000024a  PCSEL                                 
0000024b  PCSEL_H                               
0000024a  PCSEL_L                               
00000324  PJDIR                                 
00000325  PJDIR_H                               
00000324  PJDIR_L                               
00000328  PJDS                                  
00000329  PJDS_H                                
00000328  PJDS_L                                
00000320  PJIN                                  
00000321  PJIN_H                                
00000320  PJIN_L                                
00000322  PJOUT                                 
00000323  PJOUT_H                               
00000322  PJOUT_L                               
00000326  PJREN                                 
00000327  PJREN_H                               
00000326  PJREN_L                               
000001c2  PMAPCTL                               
000001c3  PMAPCTL_H                             
000001c2  PMAPCTL_L                             
000001c0  PMAPKEYID                             
000001c1  PMAPKEYID_H                           
000001c0  PMAPKEYID_L                           
00000120  PMMCTL0                               
00000121  PMMCTL0_H                             
00000120  PMMCTL0_L                             
00000122  PMMCTL1                               
00000123  PMMCTL1_H                             
00000122  PMMCTL1_L                             
0000012c  PMMIFG                                
0000012d  PMMIFG_H                              
0000012c  PMMIFG_L                              
0000012e  PMMRIE                                
0000012f  PMMRIE_H                              
0000012e  PMMRIE_L                              
00008f36  PORT2_ISR                             
00000158  RCCTL0                                
00000159  RCCTL0_H                              
00000158  RCCTL0_L                              
000001b0  REFCTL0                               
000001b1  REFCTL0_H                             
000001b0  REFCTL0_L                             
000004e4  RES0                                  
000004e5  RES0_H                                
000004e4  RES0_L                                
000004e6  RES1                                  
000004e7  RES1_H                                
000004e6  RES1_L                                
000004e8  RES2                                  
000004e9  RES2_H                                
000004e8  RES2_L                                
000004ea  RES3                                  
000004eb  RES3_H                                
000004ea  RES3_L                                
000004cc  RESHI                                 
000004cd  RESHI_H                               
000004cc  RESHI_L                               
000004ca  RESLO                                 
000004cb  RESLO_H                               
000004ca  RESLO_L                               
00000f16  RF1ADINW                              
00000f17  RF1ADINW_H                            
00000f16  RF1ADINW_L                            
00000f28  RF1ADOUT0W                            
00000f29  RF1ADOUT0W_H                          
00000f28  RF1ADOUT0W_L                          
00000f2a  RF1ADOUT1W                            
00000f2b  RF1ADOUT1W_H                          
00000f2a  RF1ADOUT1W_L                          
00000f2c  RF1ADOUT2W                            
00000f2d  RF1ADOUT2W_H                          
00000f2c  RF1ADOUT2W_L                          
00000f36  RF1AIE                                
00000f34  RF1AIES                               
00000f35  RF1AIES_H                             
00000f34  RF1AIES_L                             
00000f37  RF1AIE_H                              
00000f36  RF1AIE_L                              
00000f00  RF1AIFCTL0                            
00000f01  RF1AIFCTL0_H                          
00000f00  RF1AIFCTL0_L                          
00000f02  RF1AIFCTL1                            
00000f03  RF1AIFCTL1_H                          
00000f02  RF1AIFCTL1_L                          
00000f04  RF1AIFCTL2                            
00000f05  RF1AIFCTL2_H                          
00000f04  RF1AIFCTL2_L                          
00000f06  RF1AIFERR                             
00000f0c  RF1AIFERRV                            
00000f0d  RF1AIFERRV_H                          
00000f0c  RF1AIFERRV_L                          
00000f07  RF1AIFERR_H                           
00000f06  RF1AIFERR_L                           
00000f32  RF1AIFG                               
00000f33  RF1AIFG_H                             
00000f32  RF1AIFG_L                             
00000f0e  RF1AIFIV                              
00000f0f  RF1AIFIV_H                            
00000f0e  RF1AIFIV_L                            
00000f30  RF1AIN                                
00000f12  RF1AINSTR1W                           
00000f13  RF1AINSTR1W_H                         
00000f12  RF1AINSTR1W_L                         
00000f14  RF1AINSTR2W                           
00000f15  RF1AINSTR2W_H                         
00000f14  RF1AINSTR2W_L                         
00000f10  RF1AINSTRW                            
00000f11  RF1AINSTRW_H                          
00000f10  RF1AINSTRW_L                          
00000f31  RF1AIN_H                              
00000f30  RF1AIN_L                              
00000f38  RF1AIV                                
00000f39  RF1AIV_H                              
00000f38  RF1AIV_L                              
00000f3c  RF1ARXFIFO                            
00000f3d  RF1ARXFIFO_H                          
00000f3c  RF1ARXFIFO_L                          
00000f20  RF1ASTAT0W                            
00000f21  RF1ASTAT0W_H                          
00000f20  RF1ASTAT0W_L                          
00000f22  RF1ASTAT1W                            
00000f23  RF1ASTAT1W_H                          
00000f22  RF1ASTAT1W_L                          
00000f24  RF1ASTAT2W                            
00000f25  RF1ASTAT2W_H                          
00000f24  RF1ASTAT2W_L                          
00000f3e  RF1ATXFIFO                            
00000f3f  RF1ATXFIFO_H                          
00000f3e  RF1ATXFIFO_L                          
000004ba  RTCADOWDAY                            
000004bb  RTCADOWDAY_H                          
000004ba  RTCADOWDAY_L                          
000004b8  RTCAMINHR                             
000004b9  RTCAMINHR_H                           
000004b8  RTCAMINHR_L                           
000004a0  RTCCTL01                              
000004a1  RTCCTL01_H                            
000004a0  RTCCTL01_L                            
000004a2  RTCCTL23                              
000004a3  RTCCTL23_H                            
000004a2  RTCCTL23_L                            
000004b4  RTCDATE                               
000004b5  RTCDATE_H                             
000004b4  RTCDATE_L                             
000004ae  RTCIV                                 
000004ac  RTCPS                                 
000004a8  RTCPS0CTL                             
000004a9  RTCPS0CTL_H                           
000004a8  RTCPS0CTL_L                           
000004aa  RTCPS1CTL                             
000004ab  RTCPS1CTL_H                           
000004aa  RTCPS1CTL_L                           
000004ad  RTCPS_H                               
000004ac  RTCPS_L                               
000004b0  RTCTIM0                               
000004b1  RTCTIM0_H                             
000004b0  RTCTIM0_L                             
000004b2  RTCTIM1                               
000004b3  RTCTIM1_H                             
000004b2  RTCTIM1_L                             
000004b6  RTCYEAR                               
000004b7  RTCYEAR_H                             
000004b6  RTCYEAR_L                             
0000f750  RandomValue_u8                        
0000e3ba  ReadBurstReg                          
0000f19c  ReadSingleReg                         
00000100  SFRIE1                                
00000101  SFRIE1_H                              
00000100  SFRIE1_L                              
00000102  SFRIFG1                               
00000103  SFRIFG1_H                             
00000102  SFRIFG1_L                             
00000104  SFRRPCR                               
00000105  SFRRPCR_H                             
00000104  SFRRPCR_L                             
0000cdae  SMPL_Init                             
0000a7cc  SMPL_Ioctl                            
0000d8e6  SMPL_SendOpt                          
000004ce  SUMEXT                                
000004cf  SUMEXT_H                              
000004ce  SUMEXT_L                              
00000124  SVSMHCTL                              
00000125  SVSMHCTL_H                            
00000124  SVSMHCTL_L                            
00000128  SVSMIO                                
00000129  SVSMIO_H                              
00000128  SVSMIO_L                              
00000126  SVSMLCTL                              
00000127  SVSMLCTL_H                            
00000126  SVSMLCTL_L                            
00000198  SYSBERRIV                             
00000199  SYSBERRIV_H                           
00000198  SYSBERRIV_L                           
00000182  SYSBSLC                               
00000183  SYSBSLC_H                             
00000182  SYSBSLC_L                             
00000180  SYSCTL                                
00000181  SYSCTL_H                              
00000180  SYSCTL_L                              
00000186  SYSJMBC                               
00000187  SYSJMBC_H                             
00000186  SYSJMBC_L                             
00000188  SYSJMBI0                              
00000189  SYSJMBI0_H                            
00000188  SYSJMBI0_L                            
0000018a  SYSJMBI1                              
0000018b  SYSJMBI1_H                            
0000018a  SYSJMBI1_L                            
0000018c  SYSJMBO0                              
0000018d  SYSJMBO0_H                            
0000018c  SYSJMBO0_L                            
0000018e  SYSJMBO1                              
0000018f  SYSJMBO1_H                            
0000018e  SYSJMBO1_L                            
0000019e  SYSRSTIV                              
0000019f  SYSRSTIV_H                            
0000019e  SYSRSTIV_L                            
0000019c  SYSSNIV                               
0000019d  SYSSNIV_H                             
0000019c  SYSSNIV_L                             
0000019a  SYSUNIV                               
0000019b  SYSUNIV_H                             
0000019a  SYSUNIV_L                             
0000cb70  SetVCore                              
0000c856  Strobe                                
00000352  TA0CCR0                               
00000354  TA0CCR1                               
00000356  TA0CCR2                               
00000358  TA0CCR3                               
0000035a  TA0CCR4                               
00000342  TA0CCTL0                              
00000344  TA0CCTL1                              
00000346  TA0CCTL2                              
00000348  TA0CCTL3                              
0000034a  TA0CCTL4                              
00000340  TA0CTL                                
00000360  TA0EX0                                
0000036e  TA0IV                                 
00000350  TA0R                                  
00000392  TA1CCR0                               
00000394  TA1CCR1                               
00000396  TA1CCR2                               
00000382  TA1CCTL0                              
00000384  TA1CCTL1                              
00000386  TA1CCTL2                              
00000380  TA1CTL                                
000003a0  TA1EX0                                
000003ae  TA1IV                                 
00000390  TA1R                                  
00008000  TIMER0_A0_ISR                         
0000cf48  TIMER0_A1_5_ISR                       
0000ed14  Timer0_A3_Start                       
0000d884  Timer0_A4_Delay                       
000005d0  UCA0ABCTL                             
000005c6  UCA0BRW                               
000005c7  UCA0BRW_H                             
000005c6  UCA0BRW_L                             
000005c0  UCA0CTLW0                             
000005c1  UCA0CTLW0_H                           
000005c0  UCA0CTLW0_L                           
000005dc  UCA0ICTL                              
000005dd  UCA0ICTL_H                            
000005dc  UCA0ICTL_L                            
000005d2  UCA0IRCTL                             
000005d3  UCA0IRCTL_H                           
000005d2  UCA0IRCTL_L                           
000005de  UCA0IV                                
000005c8  UCA0MCTL                              
000005cc  UCA0RXBUF                             
000005ca  UCA0STAT                              
000005ce  UCA0TXBUF                             
000005e6  UCB0BRW                               
000005e7  UCB0BRW_H                             
000005e6  UCB0BRW_L                             
000005e0  UCB0CTLW0                             
000005e1  UCB0CTLW0_H                           
000005e0  UCB0CTLW0_L                           
000005f0  UCB0I2COA                             
000005f1  UCB0I2COA_H                           
000005f0  UCB0I2COA_L                           
000005f2  UCB0I2CSA                             
000005f3  UCB0I2CSA_H                           
000005f2  UCB0I2CSA_L                           
000005fc  UCB0ICTL                              
000005fd  UCB0ICTL_H                            
000005fc  UCB0ICTL_L                            
000005fe  UCB0IV                                
000005ec  UCB0RXBUF                             
000005ea  UCB0STAT                              
000005ee  UCB0TXBUF                             
00000160  UCSCTL0                               
00000161  UCSCTL0_H                             
00000160  UCSCTL0_L                             
00000162  UCSCTL1                               
00000163  UCSCTL1_H                             
00000162  UCSCTL1_L                             
00000164  UCSCTL2                               
00000165  UCSCTL2_H                             
00000164  UCSCTL2_L                             
00000166  UCSCTL3                               
00000167  UCSCTL3_H                             
00000166  UCSCTL3_L                             
00000168  UCSCTL4                               
00000169  UCSCTL4_H                             
00000168  UCSCTL4_L                             
0000016a  UCSCTL5                               
0000016b  UCSCTL5_H                             
0000016a  UCSCTL5_L                             
0000016c  UCSCTL6                               
0000016d  UCSCTL6_H                             
0000016c  UCSCTL6_L                             
0000016e  UCSCTL7                               
0000016f  UCSCTL7_H                             
0000016e  UCSCTL7_L                             
00000170  UCSCTL8                               
00000171  UCSCTL8_H                             
00000170  UCSCTL8_L                             
0000015c  WDTCTL                                
0000015d  WDTCTL_H                              
0000015c  WDTCTL_L                              
0000e400  WriteBurstReg                         
0000d54c  WritePATable                          
0000e838  WriteSingleReg                        
00002bfc  __STACK_END                           
00000050  __STACK_SIZE                          
0000f3ea  __TI_ISR_TRAP                         
0000ffda  __TI_int45                            
0000ffdc  __TI_int46                            
0000ffde  __TI_int47                            
0000ffe0  __TI_int48                            
0000ffe2  __TI_int49                            
0000ffe4  __TI_int50                            
0000ffe6  __TI_int51                            
0000ffe8  __TI_int52                            
0000ffea  __TI_int53                            
0000ffec  __TI_int54                            
0000ffee  __TI_int55                            
0000fff0  __TI_int56                            
0000fff2  __TI_int57                            
0000fff4  __TI_int58                            
0000fff6  __TI_int59                            
0000fff8  __TI_int60                            
0000fffa  __TI_int61                            
0000fffc  __TI_int62                            
ffffffff  __binit__                             
00001c00  __bss__                               
ffffffff  __c_args__                            
0000fa40  __cinit__                             
00001c00  __data__                              
0000ec14  __divi                                
0000e556  __divli                               
0000f1f8  __divu                                
0000dd94  __divul                               
00001c00  __edata__                             
00001f07  __end__                               
0000f410  __etext__                             
0000a910  __fs_add                              
0000e254  __fs_cmp                              
0000cc94  __fs_div                              
0000e952  __fs_itof                             
0000c6f4  __fs_mpy                              
0000a90a  __fs_sub                              
0000e48c  __fs_tou                              
0000e1be  __fs_toul                             
0000eb52  __fs_ultof                            
0000ef0a  __fs_utof                             
0000f20e  __mpyi_f5hw                           
0000ef94  __mpyl_f5hw                           
ffffffff  __pinit__                             
0000ec14  __remi                                
0000e556  __remli                               
0000f1f8  __remu                                
0000dd94  __remul                               
00008000  __text__                              
0000e20a  _auto_init                            
0000f134  _c_int00_noargs_noexit                
0000fffe  _reset_vector                         
00002bac  _stack                                
0000f3f6  _system_pre_init                      
0000f3fa  abort                                 
00001f02  adc12_data_ready                      
00001f00  adc12_result                          
0000d68a  adc12_single_conversion               
00001d75  as_ok                                 
0000d946  as_read_register                      
0000e784  as_start                              
0000eabc  as_stop                               
0000d9a6  as_write_register                     
[...]
00001d0e  simpliciti_flag                       
00001d0f  simpliciti_reply_count                
00001d10  sRFsmpl                               
00001d16  simpliciti_payload_length             
00001d17  burst_mode                            
00001d18  burst_start                           
00001d1a  burst_end                             
00001d1c  burst_packet                          
00001d2e  burst_packet_index                    
00001d30  p                                     
00001d74  ps_ok                                 
00001d75  as_ok                                 
00001dd0  BRRX__TXCB_t                          
00001dec  sBlueRobin                            
00001e06  bmp_cal_param                         
00001e1c  bmp_param_b5                          
00001e20  sys                                   
00001e22  request                               
00001e24  message                               
00001e26  bmp_used                              
00001e27  chronos_black                         
00001e28  rf_frequoffset                        
00001e2a  fptr_lcd_function_line1               
00001e2e  fptr_lcd_function_line2               
00001e32  sAlt                                  
00001e40  sTime                                 
00001e4e  sStopwatch                            
00001e5c  sCal                                  
00001e69  sInit_done                            
00001e70  BRRX__PowerdownDelay_u8               
00001e71  BRRX__SignalLevelReduction            
00001e72  BRRX__MaxSearchTries_u8               
00001e73  BRRX__SearchRatio_u8                  
00001e74  BRRX__TestMode_u8                     
00001e76  BRRX__PacketBits_t                    
00001e80  sAccel                                
00001e9e  button                                
00001ea0  sButton                               
00001ebb  rfBSL_button_confirmation             
00001ebc  BRRX__NextEventTime_u16               
00001ebe  BRRX__NextEndTime_u16                 
00001ec0  BRRX__NextFrequency_u8                
00001ec1  BRRX__NextFrequencyOffset_s8          
00001ec2  BRRX__TimerState_t                    
00001ec4  sBatt                                 
00001ecc  sBuzzer                               
00001ed4  fptr_Timer0_A3_function               
00001ed8  sTimer                                
00001ee0  brrx_packet_end_cap_value             
00001ee2  sDate                                 
00001ee8  sTemp                                 
00001eee  BRRX__StatusFlags_t                   
00001ef0  BRRX__CurrentPacketTime_u16           
00001ef2  BRRX__CurrentSignalLevel_u8           
00001ef8  sAlarm                                
00001efc  ptrMenu_L1                            
00001efe  ptrMenu_L2                            
00001f00  adc12_result                          
00001f02  adc12_data_ready                      
00001f07  __end__                               
00001f07  end                                   
00002bac  _stack                                
00002bfc  __STACK_END                           
00008000  .text                                 
00008000  TIMER0_A0_ISR                         
00008000  __text__                              
000082c0  MRFI_Init                             
0000857c  conv_pa_to_meter                      
00008814  BRRX__Scheduler_v                     
00008a90  test_mode                             
00008d0a  set_value                             
00008f36  PORT2_ISR                             
00009136  mx_time                               
0000931a  update_pressure_table                 
000094f4  mx_caldist                            
000096be  display_time                          
0000987c  mx_date                               
00009a10  bmp_ps_get_pa                         
00009ba2  display_acceleration                  
00009d22  init_application                      
00009e94  nwk_nwkInit                           
0000a166  MRFI_Transmit                         
0000a2b2  simpliciti_sync_decode_ap_cmd_callback
0000a3fc  init_global_variables                 
0000a544  nwk_link                              
0000a7cc  SMPL_Ioctl                            
0000a90a  __fs_sub                              
0000a910  __fs_add                              
0000aa3a  do_altitude_measurement               
0000ac84  display_stopwatch                     
0000ada0  nwk_join                              
0000aebc  wakeup_event                          
0000afd6  start_simpliciti_tx_only              
0000b1f0  mx_altitude                           
0000b2f6  display_caldist                       
0000b3fa  mx_temperature                        
0000b4fc  stopwatch_tick                        
0000b5fc  sx_bluerobin                          
0000b6fa  display_update                        
0000b7f0  mx_alarm                              
0000b8e2  display_altitude                      
0000b9d2  display_temperature                   
0000babc  bmp_ps_init                           
0000bba2  simpliciti_sync_get_data_callback     
0000bc86  simpliciti_main_sync                  
0000bd68  display_date                          
0000be44  nwk_QfindOldest                       
0000bf1c  display_alarm                         
0000bff2  int_to_array                          
0000c0c4  nwk_allocateLocalRxPort               
0000c192  nwk_processLink                       
0000c260  display_chars                         
0000c32c  simpliciti_link                       
0000c3f6  display_speed                         
0000c4be  read_calibration_values               
0000c582  sx_sync                               
0000c6f4  __fs_mpy                              
0000c7aa  main                                  
0000c856  Strobe                                
0000c8fa  clock_tick                            
0000c99e  simpliciti_get_ed_data_callback       
0000ca3c  nwk_retrieveFrame                     
0000cad8  temperature_measurement               
0000cb70  SetVCore                              
0000cc04  get_bluerobin_data                    
0000cc94  __fs_div                              
0000cd22  ps_i2c_sda                            
0000cdae  SMPL_Init                             
0000ce38  nwk_buildFrame                        
0000cf48  TIMER0_A1_5_ISR                       
0000cfcc  get_numberOfDays                      
0000d0ca  nwk_sendAckReply                      
0000d146  display_char                          
0000d1c0  nwk_QfindSlot                         
0000d238  nwk_radioControl                      
0000d2b0  mrfiRadioInterfaceCmdStrobe           
0000d324  ps_read_register                      
0000d396  BRRX_RadioInit_v                      
0000d406  BRRX_RadioReceive_v                   
0000d474  battery_measurement                   
0000d54c  WritePATable                          
0000d5b6  cma_ps_get_pa                         
0000d620  nwk_getNextConnection                 
0000d68a  adc12_single_conversion               
0000d6f2  cma_ps_init                           
0000d758  nwk_processPing                       
0000d7be  bmp_as_start                          
0000d822  MRFI_RadioIsr                         
0000d884  Timer0_A4_Delay                       
0000d8e6  SMPL_SendOpt                          
0000d946  as_read_register                      
0000d9a6  as_write_register                     
0000da06  start_altitude_measurement            
0000da66  BRRX_PacketEndTimerTask_v             
0000dac4  display_battery_V                     
0000db20  toggle_buzzer                         
0000db7c  write_lcd_mem                         
0000dc32  clear_line                            
0000dc8c  BRRX_Start_v                          
0000dce4  bmp_as_get_data                       
0000dd3c  ps_write_register                     
0000dd94  __divul                               
0000dd94  __remul                               
0000ddec  BRRX_RadioCalibrate_v                 
0000de42  display_hours                         
0000de96  ps_i2c_read                           
0000deea  BRRX__StartNewSearch_v                
0000df3c  MRFI_ReplyDelay                       
0000dfe0  cma_as_start                          
0000e032  button_repeat_function                
0000e082  cma_ps_get_temp                       
0000e0d2  display_heartrate                     
0000e122  sx_rfbsl                              
0000e1be  __fs_toul                             
0000e20a  _auto_init                            
0000e254  __fs_cmp                              
0000e29e  start_buzzer                          
0000e2e6  stop_bluerobin                        
0000e32e  BR__CalcRandomTimeOffset_u16          
0000e374  MRFI_RxIdle                           
0000e3ba  ReadBurstReg                          
0000e400  WriteBurstReg                         
0000e446  nwk_processMgmt                       
0000e48c  __fs_tou                              
0000e4d2  mrfiRadioInterfaceReadReg             
0000e516  ps_i2c_write                          
0000e556  __divli                               
0000e556  __remli                               
0000e596  BRRX_SetID_v                          
0000e5d4  BRRX__DecodePacket_u8                 
0000e612  BRRX__NewInfo_v                       
0000e68e  L_ASR_15                              
0000e692  L_ASR_14                              
0000e696  L_ASR_13                              
0000e69a  L_ASR_12                              
0000e69e  L_ASR_11                              
0000e6a2  L_ASR_10                              
0000e6a6  L_ASR_9                               
0000e6aa  L_ASR_8                               
0000e6ae  L_ASR_7                               
0000e6b2  L_ASR_6                               
0000e6b6  L_ASR_5                               
0000e6ba  L_ASR_4                               
0000e6be  L_ASR_3                               
0000e6c2  L_ASR_2                               
0000e6c6  L_ASR_1                               
0000e6cc  L_LSL_15                              
0000e6d0  L_LSL_14                              
0000e6d4  L_LSL_13                              
0000e6d8  L_LSL_12                              
0000e6dc  L_LSL_11                              
0000e6e0  L_LSL_10                              
0000e6e4  L_LSL_9                               
0000e6e8  L_LSL_8                               
0000e6ec  L_LSL_7                               
0000e6f0  L_LSL_6                               
0000e6f4  L_LSL_5                               
0000e6f8  L_LSL_4                               
0000e6fc  L_LSL_3                               
0000e700  L_LSL_2                               
0000e704  L_LSL_1                               
0000e70a  L_LSR_15                              
0000e70e  L_LSR_14                              
0000e712  L_LSR_13                              
0000e716  L_LSR_12                              
0000e71a  L_LSR_11                              
0000e71e  L_LSR_10                              
0000e722  L_LSR_9                               
0000e726  L_LSR_8                               
0000e72a  L_LSR_7                               
0000e72e  L_LSR_6                               
0000e732  L_LSR_5                               
0000e736  L_LSR_4                               
0000e73a  L_LSR_3                               
0000e73e  L_LSR_2                               
0000e742  L_LSR_1                               
0000e748  BRRX_TimerTask_v                      
0000e784  as_start                              
0000e7c0  display_calibration                   
0000e7fc  update_stopwatch_timer                
0000e838  WriteSingleReg                        
0000e872  nwk_isValidReply                      
0000e8ac  BRRX_Init_v                           
0000e8e4  radio_ISR                             
0000e91c  mrfiRadioInterfaceWriteReg            
0000e952  __fs_itof                             
0000e988  BR__CalcCRC_u8                        
0000e9f0  radio_reset                           
0000ea24  sx_stopwatch                          
0000ea58  BRRX_RadioStop_v                      
0000ea8a  MRFI_RxOn                             
0000eabc  as_stop                               
0000eaee  cma_as_get_data                       
0000eb20  mrfiRadioInterfaceReadRxFifo          
0000eb52  __fs_ultof                            
0000eb84  sx_alarm                              
0000ebb6  nwk_sendFrame                         
0000ebe6  nwk_QadjustOrder                      
0000ec14  __divi                                
0000ec14  __remi                                
0000ec40  stop_altitude_measurement             
0000ec6c  BRRX_GetID_u32                        
0000ec96  MRFI_SetRFPwr                         
0000ed14  Timer0_A3_Start                       
0000ed66  mx_stopwatch                          
0000ed8e  nwk_getConnInfo                       
0000edb6  stop_buzzer                           
0000edde  MRFI_Sleep                            
0000ee04  display_rfbsl                         
0000ee2a  init_pressure_table                   
0000ee50  nwk_checkConnInfo                     
0000ee76  sx_ppt                                
0000ee9c  sx_rf                                 
0000eec2  BRRX_GetState_t                       
0000eee6  ps_init                               
0000ef0a  __fs_utof                             
0000ef2e  BSP_Delay                             
0000ef50  display_value                         
0000ef72  memcmp                                
0000ef94  __mpyl_f5hw                           
0000efb6  sx_acceleration                       
0000efd8  BRRX_GetDistance_u16                  
0000eff8  BRRX_GetSpeed_u8                      
0000f036  display_symbol                        
0000f054  memmove                               
0000f072  nwk_processJoin                       
0000f0ac  clear_display_all                     
0000f0c8  close_radio                           
0000f0e4  nwk_putNumObjectIntoMsg               
0000f11a  ADC12ISR                              
0000f134  _c_int00_noargs_noexit                
0000f14e  display_am_pm_symbol                  
0000f168  stop_stopwatch                        
0000f182  sx_caldist                            
0000f19c  ReadSingleReg                         
0000f1b4  mx_calibration                        
0000f1cc  display_selection_Timeformat1         
0000f1e2  display_selection_User_Gender         
0000f1f8  __divu                                
0000f1f8  __remu                                
0000f20e  __mpyi_f5hw                           
0000f224  display_ppt                           
0000f238  display_rf                            
0000f24c  display_sync                          
0000f260  is_stopwatch                          
0000f274  BR__CalcRandomChannel_u8              
0000f286  BlueRobin_RadioISR_v                  
0000f298  memcpy                                
0000f2aa  memset                                
0000f2bc  open_radio                            
0000f2ce  BRRX__StartTimer_v                    
0000f2de  L_LSL                                 
0000f2ee  L_LSR                                 
0000f2fe  radio_powerdown                       
0000f30e  sx_date                               
0000f31e  sx_time                               
0000f32e  BRRX__GetCurrentTime_u16              
0000f33a  is_rf                                 
0000f346  update_acceleration                   
0000f352  update_alarm                          
0000f35e  update_battery_voltage                
0000f36a  update_calibration                    
0000f376  update_stopwatch                      
0000f382  update_temperature                    
0000f38e  BRRX__IsTimerRunning_v                
0000f398  BRRX__StopTimer_v                     
0000f3a2  update_date                           
0000f3ac  update_time                           
0000f3b6  BRRX_GetFS_Offset_s8                  
0000f3be  BRRX_SetSignalLevelReduction_v        
0000f3c6  BRRX_GetHeartRate_u8                  
0000f3cc  BRRX_SetPowerdownDelay_v              
0000f3d2  BRRX_SetSearchTimeout_v               
0000f3d8  BRRX_Stop_v                           
0000f3de  BRRX__CallTimer_v                     
0000f3e4  BRRX__InitTimer_v                     
0000f3ea  __TI_ISR_TRAP                         
0000f3f0  mx_bluerobin                          
0000f3f6  _system_pre_init                      
0000f3fa  C$$EXIT                               
0000f3fa  abort                                 
0000f3fe  nwk_processFreq                       
0000f402  nwk_processSecurity                   
0000f406  ps_i2c_delay                          
0000f40a  dummy                                 
0000f40c  sx_altitude                           
0000f40e  sx_calibration                        
0000f410  __etext__                             
0000f410  etext                                 
0000f410  int_to_array_conversion_table         
0000f62f  method                                
0000f630  menu_L1_Calibration                   
0000f642  menu_L2_Date                          
0000f654  menu_L2_RFBSL                         
0000f666  menu_L1_Time                          
0000f678  menu_L1_Alarm                         
0000f68a  menu_L1_Temperature                   
0000f69c  menu_L1_Altitude                      
0000f6ae  menu_L1_Heartrate                     
0000f6c0  menu_L1_Speed                         
0000f6d2  menu_L1_Acceleration                  
0000f6e4  menu_L2_Stopwatch                     
0000f6f6  menu_L2_Battery                       
0000f708  menu_L2_Rf                            
0000f71a  menu_L2_Ppt                           
0000f72c  menu_L2_Sync                          
0000f73e  menu_L2_CalDist                       
0000f750  RandomValue_u8                        
0000f8e2  mrfiRadioCfg                          
0000f91c  lcd_font                              
0000f948  segments_bitmask                      
0000f99a  h0                                    
0000f9bc  p0                                    
0000f9f6  bmp_mgrav_per_bit                     
0000fa04  cma_mgrav_per_bit                     
0000fa1c  selection_Timeformat                  
0000fa24  selection_User_Gender                 
0000fa2c  mrfiBroadcastAddr                     
0000fa34  BRRX__First_TXCB_t                    
0000fa36  BRRX__Last_TXCB_t                     
0000fa40  __cinit__                             
0000fa40  cinit                                 
0000ffda  __TI_int45                            
0000ffdc  __TI_int46                            
0000ffde  __TI_int47                            
0000ffe0  __TI_int48                            
0000ffe2  __TI_int49                            
0000ffe4  __TI_int50                            
0000ffe6  __TI_int51                            
0000ffe8  __TI_int52                            
0000ffea  __TI_int53                            
0000ffec  __TI_int54                            
0000ffee  __TI_int55                            
0000fff0  __TI_int56                            
0000fff2  __TI_int57                            
0000fff4  __TI_int58                            
0000fff6  __TI_int59                            
0000fff8  __TI_int60                            
0000fffa  __TI_int61                            
0000fffc  __TI_int62                            
0000fffe  _reset_vector                         
ffffffff  __binit__                             
ffffffff  __c_args__                            
ffffffff  __pinit__                             
ffffffff  binit                                 
ffffffff  pinit                                 
UNDEFED   reset_SCal                            

[1128 symbols]
