<?xml version="1.0"?>
<link_info>
   <banner>MSP430 Linker PC v4.4.5</banner>
   <copyright>Copyright (c) 2003-2015 Texas Instruments Incorporated</copyright>
   <link_time>0x563abd3c</link_time>
   <link_errors>0x0</link_errors>
   <output_file>ez430_chronos_cal_868MHz.out</output_file>
   <entry_point>
      <name>_c_int00_noargs_noexit</name>
      <address>0xf0da</address>
   </entry_point>
   <input_file_list>
      <input_file id="fl-2b">
         <path>.\driver\</path>
         <kind>object</kind>
         <file>ps.obj</file>
         <name>ps.obj</name>
      </input_file>
      <input_file id="fl-2c">
         <path>.\driver\</path>
         <kind>object</kind>
         <file>radio.obj</file>
         <name>radio.obj</name>
      </input_file>
      <input_file id="fl-35">
         <path>..\bluerobin\</path>
         <kind>archive</kind>
         <file>BlueRobin_RX_868MHz.lib</file>
         <name>BRRX_Radio.obj</name>
      </input_file>
      <input_file id="fl-36">
         <path>..\bluerobin\</path>
         <kind>archive</kind>
         <file>BlueRobin_RX_868MHz.lib</file>
         <name>BRRX_Timer.obj</name>
      </input_file>
      <input_file id="fl-37">
         <path>..\bluerobin\</path>
         <kind>archive</kind>
         <file>BlueRobin_RX_868MHz.lib</file>
         <name>BRRX_Scheduler.obj</name>
      </input_file>
      <input_file id="fl-38">
         <path>..\bluerobin\</path>
         <kind>archive</kind>
         <file>BlueRobin_RX_868MHz.lib</file>
         <name>BRRX_Resource.obj</name>
      </input_file>
      <input_file id="fl-39">
         <path>..\bluerobin\</path>
         <kind>archive</kind>
         <file>BlueRobin_RX_868MHz.lib</file>
         <name>BRRX_Packet.obj</name>
      </input_file>
      <input_file id="fl-3a">
         <path>..\bluerobin\</path>
         <kind>archive</kind>
         <file>BlueRobin_RX_868MHz.lib</file>
         <name>BRRX_API.obj</name>
      </input_file>
      <input_file id="fl-3b">
         <path>..\bluerobin\</path>
         <kind>archive</kind>
         <file>BlueRobin_RX_868MHz.lib</file>
         <name>BR_Common.obj</name>
      </input_file>
      <input_file id="fl-3c">
         <path>C:\ti\ccsv6\tools\compiler\ti-cgt-msp430_4.4.5\lib\</path>
         <kind>archive</kind>
         <file>rts430x.lib</file>
         <name>asr32.obj</name>
      </input_file>
      <input_file id="fl-3d">
         <path>C:\ti\ccsv6\tools\compiler\ti-cgt-msp430_4.4.5\lib\</path>
         <kind>archive</kind>
         <file>rts430x.lib</file>
         <name>boot.obj</name>
      </input_file>
      <input_file id="fl-3e">
         <path>C:\ti\ccsv6\tools\compiler\ti-cgt-msp430_4.4.5\lib\</path>
         <kind>archive</kind>
         <file>rts430x.lib</file>
         <name>boot_special.obj</name>
      </input_file>
      <input_file id="fl-42">
         <path>C:\ti\ccsv6\tools\compiler\ti-cgt-msp430_4.4.5\lib\</path>
         <kind>archive</kind>
         <file>rts430x.lib</file>
         <name>cpy_util.obj</name>
      </input_file>
      <input_file id="fl-43">
         <path>C:\ti\ccsv6\tools\compiler\ti-cgt-msp430_4.4.5\lib\</path>
         <kind>archive</kind>
         <file>rts430x.lib</file>
         <name>div16s.obj</name>
      </input_file>
      <input_file id="fl-44">
         <path>C:\ti\ccsv6\tools\compiler\ti-cgt-msp430_4.4.5\lib\</path>
         <kind>archive</kind>
         <file>rts430x.lib</file>
         <name>div16u.obj</name>
      </input_file>
      <input_file id="fl-45">
         <path>C:\ti\ccsv6\tools\compiler\ti-cgt-msp430_4.4.5\lib\</path>
         <kind>archive</kind>
         <file>rts430x.lib</file>
         <name>div32s.obj</name>
      </input_file>
      <input_file id="fl-46">
         <path>C:\ti\ccsv6\tools\compiler\ti-cgt-msp430_4.4.5\lib\</path>
         <kind>archive</kind>
         <file>rts430x.lib</file>
         <name>div32u.obj</name>
      </input_file>
      <input_file id="fl-47">
         <path>C:\ti\ccsv6\tools\compiler\ti-cgt-msp430_4.4.5\lib\</path>
         <kind>archive</kind>
         <file>rts430x.lib</file>
         <name>exit.obj</name>
      </input_file>
      <input_file id="fl-49">
         <path>C:\ti\ccsv6\tools\compiler\ti-cgt-msp430_4.4.5\lib\</path>
         <kind>archive</kind>
         <file>rts430x.lib</file>
         <name>fs_add.obj</name>
      </input_file>
      <input_file id="fl-4a">
         <path>C:\ti\ccsv6\tools\compiler\ti-cgt-msp430_4.4.5\lib\</path>
         <kind>archive</kind>
         <file>rts430x.lib</file>
         <name>fs_cmp.obj</name>
      </input_file>
      <input_file id="fl-4b">
         <path>C:\ti\ccsv6\tools\compiler\ti-cgt-msp430_4.4.5\lib\</path>
         <kind>archive</kind>
         <file>rts430x.lib</file>
         <name>fs_div.obj</name>
      </input_file>
      <input_file id="fl-4c">
         <path>C:\ti\ccsv6\tools\compiler\ti-cgt-msp430_4.4.5\lib\</path>
         <kind>archive</kind>
         <file>rts430x.lib</file>
         <name>fs_itof.obj</name>
      </input_file>
      <input_file id="fl-4d">
         <path>C:\ti\ccsv6\tools\compiler\ti-cgt-msp430_4.4.5\lib\</path>
         <kind>archive</kind>
         <file>rts430x.lib</file>
         <name>fs_mpy.obj</name>
      </input_file>
      <input_file id="fl-4e">
         <path>C:\ti\ccsv6\tools\compiler\ti-cgt-msp430_4.4.5\lib\</path>
         <kind>archive</kind>
         <file>rts430x.lib</file>
         <name>fs_tou.obj</name>
      </input_file>
      <input_file id="fl-4f">
         <path>C:\ti\ccsv6\tools\compiler\ti-cgt-msp430_4.4.5\lib\</path>
         <kind>archive</kind>
         <file>rts430x.lib</file>
         <name>fs_toul.obj</name>
      </input_file>
      <input_file id="fl-50">
         <path>C:\ti\ccsv6\tools\compiler\ti-cgt-msp430_4.4.5\lib\</path>
         <kind>archive</kind>
         <file>rts430x.lib</file>
         <name>fs_ultof.obj</name>
      </input_file>
      <input_file id="fl-51">
         <path>C:\ti\ccsv6\tools\compiler\ti-cgt-msp430_4.4.5\lib\</path>
         <kind>archive</kind>
         <file>rts430x.lib</file>
         <name>fs_utof.obj</name>
      </input_file>
      <input_file id="fl-52">
         <path>C:\ti\ccsv6\tools\compiler\ti-cgt-msp430_4.4.5\lib\</path>
         <kind>archive</kind>
         <file>rts430x.lib</file>
         <name>int45.obj</name>
      </input_file>
      <input_file id="fl-53">
         <path>C:\ti\ccsv6\tools\compiler\ti-cgt-msp430_4.4.5\lib\</path>
         <kind>archive</kind>
         <file>rts430x.lib</file>
         <name>int46.obj</name>
      </input_file>
      <input_file id="fl-54">
         <path>C:\ti\ccsv6\tools\compiler\ti-cgt-msp430_4.4.5\lib\</path>
         <kind>archive</kind>
         <file>rts430x.lib</file>
         <name>int47.obj</name>
      </input_file>
      <input_file id="fl-55">
         <path>C:\ti\ccsv6\tools\compiler\ti-cgt-msp430_4.4.5\lib\</path>
         <kind>archive</kind>
         <file>rts430x.lib</file>
         <name>int49.obj</name>
      </input_file>
      <input_file id="fl-56">
         <path>C:\ti\ccsv6\tools\compiler\ti-cgt-msp430_4.4.5\lib\</path>
         <kind>archive</kind>
         <file>rts430x.lib</file>
         <name>int50.obj</name>
      </input_file>
      <input_file id="fl-57">
         <path>C:\ti\ccsv6\tools\compiler\ti-cgt-msp430_4.4.5\lib\</path>
         <kind>archive</kind>
         <file>rts430x.lib</file>
         <name>int51.obj</name>
      </input_file>
      <input_file id="fl-58">
         <path>C:\ti\ccsv6\tools\compiler\ti-cgt-msp430_4.4.5\lib\</path>
         <kind>archive</kind>
         <file>rts430x.lib</file>
         <name>int52.obj</name>
      </input_file>
      <input_file id="fl-59">
         <path>C:\ti\ccsv6\tools\compiler\ti-cgt-msp430_4.4.5\lib\</path>
         <kind>archive</kind>
         <file>rts430x.lib</file>
         <name>int57.obj</name>
      </input_file>
      <input_file id="fl-5a">
         <path>C:\ti\ccsv6\tools\compiler\ti-cgt-msp430_4.4.5\lib\</path>
         <kind>archive</kind>
         <file>rts430x.lib</file>
         <name>int58.obj</name>
      </input_file>
      <input_file id="fl-5b">
         <path>C:\ti\ccsv6\tools\compiler\ti-cgt-msp430_4.4.5\lib\</path>
         <kind>archive</kind>
         <file>rts430x.lib</file>
         <name>int59.obj</name>
      </input_file>
      <input_file id="fl-5c">
         <path>C:\ti\ccsv6\tools\compiler\ti-cgt-msp430_4.4.5\lib\</path>
         <kind>archive</kind>
         <file>rts430x.lib</file>
         <name>int60.obj</name>
      </input_file>
      <input_file id="fl-5d">
         <path>C:\ti\ccsv6\tools\compiler\ti-cgt-msp430_4.4.5\lib\</path>
         <kind>archive</kind>
         <file>rts430x.lib</file>
         <name>int61.obj</name>
      </input_file>
      <input_file id="fl-5e">
         <path>C:\ti\ccsv6\tools\compiler\ti-cgt-msp430_4.4.5\lib\</path>
         <kind>archive</kind>
         <file>rts430x.lib</file>
         <name>int62.obj</name>
      </input_file>
      <input_file id="fl-5f">
         <path>C:\ti\ccsv6\tools\compiler\ti-cgt-msp430_4.4.5\lib\</path>
         <kind>archive</kind>
         <file>rts430x.lib</file>
         <name>isr_trap.obj</name>
      </input_file>
      <input_file id="fl-60">
         <path>C:\ti\ccsv6\tools\compiler\ti-cgt-msp430_4.4.5\lib\</path>
         <kind>archive</kind>
         <file>rts430x.lib</file>
         <name>lsl32.obj</name>
      </input_file>
      <input_file id="fl-61">
         <path>C:\ti\ccsv6\tools\compiler\ti-cgt-msp430_4.4.5\lib\</path>
         <kind>archive</kind>
         <file>rts430x.lib</file>
         <name>lsr32.obj</name>
      </input_file>
      <input_file id="fl-67">
         <path>C:\ti\ccsv6\tools\compiler\ti-cgt-msp430_4.4.5\lib\</path>
         <kind>archive</kind>
         <file>rts430x.lib</file>
         <name>mult16.obj</name>
      </input_file>
      <input_file id="fl-68">
         <path>C:\ti\ccsv6\tools\compiler\ti-cgt-msp430_4.4.5\lib\</path>
         <kind>archive</kind>
         <file>rts430x.lib</file>
         <name>mult1632_f5hw.obj</name>
      </input_file>
      <input_file id="fl-69">
         <path>C:\ti\ccsv6\tools\compiler\ti-cgt-msp430_4.4.5\lib\</path>
         <kind>archive</kind>
         <file>rts430x.lib</file>
         <name>mult16_f5hw.obj</name>
      </input_file>
      <input_file id="fl-6a">
         <path>C:\ti\ccsv6\tools\compiler\ti-cgt-msp430_4.4.5\lib\</path>
         <kind>archive</kind>
         <file>rts430x.lib</file>
         <name>mult32.obj</name>
      </input_file>
      <input_file id="fl-6b">
         <path>C:\ti\ccsv6\tools\compiler\ti-cgt-msp430_4.4.5\lib\</path>
         <kind>archive</kind>
         <file>rts430x.lib</file>
         <name>mult3264_f5hw.obj</name>
      </input_file>
      <input_file id="fl-6c">
         <path>C:\ti\ccsv6\tools\compiler\ti-cgt-msp430_4.4.5\lib\</path>
         <kind>archive</kind>
         <file>rts430x.lib</file>
         <name>mult32_f5hw.obj</name>
      </input_file>
      <input_file id="fl-6d">
         <path>C:\ti\ccsv6\tools\compiler\ti-cgt-msp430_4.4.5\lib\</path>
         <kind>archive</kind>
         <file>rts430x.lib</file>
         <name>mult64_f5hw.obj</name>
      </input_file>
      <input_file id="fl-70">
         <path>C:\ti\ccsv6\tools\compiler\ti-cgt-msp430_4.4.5\lib\</path>
         <kind>archive</kind>
         <file>rts430x.lib</file>
         <name>args_main.obj</name>
      </input_file>
      <input_file id="fl-71">
         <path>C:\ti\ccsv6\tools\compiler\ti-cgt-msp430_4.4.5\lib\</path>
         <kind>archive</kind>
         <file>rts430x.lib</file>
         <name>autoinit.obj</name>
      </input_file>
      <input_file id="fl-9c">
         <path>C:\Users\rafael\AppData\Local\Temp\</path>
         <kind>object</kind>
         <file>046122</file>
         <name>046122</name>
      </input_file>
   </input_file_list>
   <object_component_list>
      <object_component id="oc-84">
         <name>.bss</name>
         <uninitialized>true</uninitialized>
         <run_address>0x1d30</run_address>
         <size>0x45</size>
         <input_file_ref idref="fl-2b"/>
      </object_component>
      <object_component id="oc-8f">
         <name>.bss</name>
         <uninitialized>true</uninitialized>
         <run_address>0x1ede</run_address>
         <size>0x6</size>
         <input_file_ref idref="fl-35"/>
      </object_component>
      <object_component id="oc-95">
         <name>.bss</name>
         <uninitialized>true</uninitialized>
         <run_address>0x1ebe</run_address>
         <size>0x8</size>
         <input_file_ref idref="fl-36"/>
      </object_component>
      <object_component id="oc-9b">
         <name>.bss</name>
         <uninitialized>true</uninitialized>
         <run_address>0x1e6c</run_address>
         <size>0xc</size>
         <input_file_ref idref="fl-37"/>
      </object_component>
      <object_component id="oc-a1">
         <name>.bss</name>
         <uninitialized>true</uninitialized>
         <run_address>0x1dd0</run_address>
         <size>0x1c</size>
         <input_file_ref idref="fl-38"/>
      </object_component>
      <object_component id="oc-a6">
         <name>.bss</name>
         <uninitialized>true</uninitialized>
         <run_address>0x1ef0</run_address>
         <size>0x5</size>
         <input_file_ref idref="fl-39"/>
      </object_component>
      <object_component id="oc-ac">
         <name>.bss</name>
         <uninitialized>true</uninitialized>
         <run_address>0x1ef6</run_address>
         <size>0x4</size>
         <input_file_ref idref="fl-3a"/>
      </object_component>
      <object_component id="oc-b1">
         <name>.bss</name>
         <uninitialized>true</uninitialized>
         <run_address>0x1e78</run_address>
         <size>0xa</size>
         <input_file_ref idref="fl-3b"/>
      </object_component>
      <object_component id="oc-145">
         <name>.bss</name>
         <uninitialized>true</uninitialized>
         <run_address>0x1c8c</run_address>
         <size>0x5e</size>
         <input_file_ref idref="fl-28"/>
      </object_component>
      <object_component id="oc-146">
         <name>.bss</name>
         <uninitialized>true</uninitialized>
         <run_address>0x1ea0</run_address>
         <size>0xa</size>
         <input_file_ref idref="fl-2a"/>
      </object_component>
      <object_component id="oc-148">
         <name>.bss</name>
         <uninitialized>true</uninitialized>
         <run_address>0x1efe</run_address>
         <size>0x4</size>
         <input_file_ref idref="fl-1a"/>
      </object_component>
      <object_component id="oc-149">
         <name>.bss</name>
         <uninitialized>true</uninitialized>
         <run_address>0x1ec6</run_address>
         <size>0x8</size>
         <input_file_ref idref="fl-16"/>
      </object_component>
      <object_component id="oc-14a">
         <name>.bss</name>
         <uninitialized>true</uninitialized>
         <run_address>0x1eea</run_address>
         <size>0x6</size>
         <input_file_ref idref="fl-1e"/>
      </object_component>
      <object_component id="oc-14b">
         <name>.bss</name>
         <uninitialized>true</uninitialized>
         <run_address>0x1e42</run_address>
         <size>0xe</size>
         <input_file_ref idref="fl-15"/>
      </object_component>
      <object_component id="oc-14c">
         <name>.bss</name>
         <uninitialized>true</uninitialized>
         <run_address>0x1cea</run_address>
         <size>0x46</size>
         <input_file_ref idref="fl-1c"/>
      </object_component>
      <object_component id="oc-14d">
         <name>.bss</name>
         <uninitialized>true</uninitialized>
         <run_address>0x1edd</run_address>
         <size>0x1</size>
         <input_file_ref idref="fl-1b"/>
      </object_component>
      <object_component id="oc-14e">
         <name>.bss</name>
         <uninitialized>true</uninitialized>
         <run_address>0x1e20</run_address>
         <size>0x12</size>
         <input_file_ref idref="fl-2"/>
      </object_component>
      <object_component id="oc-14f">
         <name>.bss</name>
         <uninitialized>true</uninitialized>
         <run_address>0x1eb4</run_address>
         <size>0x9</size>
         <input_file_ref idref="fl-5"/>
      </object_component>
      <object_component id="oc-150">
         <name>.bss</name>
         <uninitialized>true</uninitialized>
         <run_address>0x1e96</run_address>
         <size>0xa</size>
         <input_file_ref idref="fl-6"/>
      </object_component>
      <object_component id="oc-151">
         <name>.bss</name>
         <uninitialized>true</uninitialized>
         <run_address>0x1f06</run_address>
         <size>0x3</size>
         <input_file_ref idref="fl-7"/>
      </object_component>
      <object_component id="oc-152">
         <name>.bss</name>
         <uninitialized>true</uninitialized>
         <run_address>0x1ebd</run_address>
         <size>0x1</size>
         <input_file_ref idref="fl-8"/>
      </object_component>
      <object_component id="oc-153">
         <name>.bss</name>
         <uninitialized>true</uninitialized>
         <run_address>0x1db2</run_address>
         <size>0x1d</size>
         <input_file_ref idref="fl-a"/>
      </object_component>
      <object_component id="oc-154">
         <name>.bss</name>
         <uninitialized>true</uninitialized>
         <run_address>0x1c00</run_address>
         <size>0x8c</size>
         <input_file_ref idref="fl-b"/>
      </object_component>
      <object_component id="oc-155">
         <name>.bss</name>
         <uninitialized>true</uninitialized>
         <run_address>0x1eb3</run_address>
         <size>0x1</size>
         <input_file_ref idref="fl-c"/>
      </object_component>
      <object_component id="oc-156">
         <name>.bss</name>
         <uninitialized>true</uninitialized>
         <run_address>0x1e8c</run_address>
         <size>0xa</size>
         <input_file_ref idref="fl-d"/>
      </object_component>
      <object_component id="oc-159">
         <name>.bss</name>
         <uninitialized>true</uninitialized>
         <run_address>0x1eaa</run_address>
         <size>0x9</size>
         <input_file_ref idref="fl-e"/>
      </object_component>
      <object_component id="oc-15a">
         <name>.bss</name>
         <uninitialized>true</uninitialized>
         <run_address>0x1d76</run_address>
         <size>0x3c</size>
         <input_file_ref idref="fl-f"/>
      </object_component>
      <object_component id="oc-15c">
         <name>.bss</name>
         <uninitialized>true</uninitialized>
         <run_address>0x1dcf</run_address>
         <size>0x1</size>
         <input_file_ref idref="fl-11"/>
      </object_component>
      <object_component id="oc-15d">
         <name>.bss</name>
         <uninitialized>true</uninitialized>
         <run_address>0x1e32</run_address>
         <size>0x10</size>
         <input_file_ref idref="fl-12"/>
      </object_component>
      <object_component id="oc-15e">
         <name>.bss</name>
         <uninitialized>true</uninitialized>
         <run_address>0x1d75</run_address>
         <size>0x1</size>
         <input_file_ref idref="fl-22"/>
      </object_component>
      <object_component id="oc-15f">
         <name>.bss</name>
         <uninitialized>true</uninitialized>
         <run_address>0x1e82</run_address>
         <size>0xa</size>
         <input_file_ref idref="fl-13"/>
      </object_component>
      <object_component id="oc-160">
         <name>.bss</name>
         <uninitialized>true</uninitialized>
         <run_address>0x1e50</run_address>
         <size>0xe</size>
         <input_file_ref idref="fl-18"/>
      </object_component>
      <object_component id="oc-161">
         <name>.bss</name>
         <uninitialized>true</uninitialized>
         <run_address>0x1efa</run_address>
         <size>0x4</size>
         <input_file_ref idref="fl-14"/>
      </object_component>
      <object_component id="oc-162">
         <name>.bss</name>
         <uninitialized>true</uninitialized>
         <run_address>0x1dec</run_address>
         <size>0x1a</size>
         <input_file_ref idref="fl-17"/>
      </object_component>
      <object_component id="oc-163">
         <name>.bss</name>
         <uninitialized>true</uninitialized>
         <run_address>0x1ee4</run_address>
         <size>0x6</size>
         <input_file_ref idref="fl-19"/>
      </object_component>
      <object_component id="oc-164">
         <name>.bss</name>
         <uninitialized>true</uninitialized>
         <run_address>0x1e5e</run_address>
         <size>0xe</size>
         <input_file_ref idref="fl-1d"/>
      </object_component>
      <object_component id="oc-165">
         <name>.bss</name>
         <uninitialized>true</uninitialized>
         <run_address>0x1f02</run_address>
         <size>0x3</size>
         <input_file_ref idref="fl-21"/>
      </object_component>
      <object_component id="oc-166">
         <name>.bss</name>
         <uninitialized>true</uninitialized>
         <run_address>0x1e06</run_address>
         <size>0x1a</size>
         <input_file_ref idref="fl-24"/>
      </object_component>
      <object_component id="oc-167">
         <name>.bss</name>
         <uninitialized>true</uninitialized>
         <run_address>0x1ed6</run_address>
         <size>0x7</size>
         <input_file_ref idref="fl-2e"/>
      </object_component>
      <object_component id="oc-168">
         <name>.bss</name>
         <uninitialized>true</uninitialized>
         <run_address>0x1ece</run_address>
         <size>0x8</size>
         <input_file_ref idref="fl-25"/>
      </object_component>
      <object_component id="oc-bb">
         <name>.stack</name>
         <uninitialized>true</uninitialized>
         <run_address>0x2bac</run_address>
         <size>0x2</size>
         <input_file_ref idref="fl-3d"/>
      </object_component>
      <object_component id="oc-2d6">
         <name>.stack</name>
         <uninitialized>true</uninitialized>
         <run_address>0x2bac</run_address>
         <size>0x0</size>
      </object_component>
      <object_component id="oc-173">
         <name>.text:_isr:TIMER0_A0_ISR</name>
         <load_address>0x8000</load_address>
         <run_address>0x8000</run_address>
         <size>0x2c0</size>
         <input_file_ref idref="fl-2e"/>
      </object_component>
      <object_component id="oc-211">
         <name>.text:conv_pa_to_meter</name>
         <load_address>0x82c0</load_address>
         <run_address>0x82c0</run_address>
         <size>0x298</size>
         <input_file_ref idref="fl-2b"/>
      </object_component>
      <object_component id="oc-1f8">
         <name>.text:BRRX__Scheduler_v</name>
         <load_address>0x8558</load_address>
         <run_address>0x8558</run_address>
         <size>0x284</size>
         <input_file_ref idref="fl-37"/>
      </object_component>
      <object_component id="oc-1c8">
         <name>.text:test_mode</name>
         <load_address>0x87dc</load_address>
         <run_address>0x87dc</run_address>
         <size>0x27a</size>
         <input_file_ref idref="fl-1f"/>
      </object_component>
      <object_component id="oc-1d2">
         <name>.text:set_value</name>
         <load_address>0x8a56</load_address>
         <run_address>0x8a56</run_address>
         <size>0x22c</size>
         <input_file_ref idref="fl-20"/>
      </object_component>
      <object_component id="oc-170">
         <name>.text:_isr:PORT2_ISR</name>
         <load_address>0x8c82</load_address>
         <run_address>0x8c82</run_address>
         <size>0x200</size>
         <input_file_ref idref="fl-2a"/>
      </object_component>
      <object_component id="oc-251">
         <name>.text:MRFI_Init</name>
         <load_address>0x8e82</load_address>
         <run_address>0x8e82</run_address>
         <size>0x1f6</size>
         <input_file_ref idref="fl-f"/>
      </object_component>
      <object_component id="oc-189">
         <name>.text:mx_time</name>
         <load_address>0x9078</load_address>
         <run_address>0x9078</run_address>
         <size>0x1e4</size>
         <input_file_ref idref="fl-18"/>
      </object_component>
      <object_component id="oc-1db">
         <name>.text:update_pressure_table</name>
         <load_address>0x925c</load_address>
         <run_address>0x925c</run_address>
         <size>0x1da</size>
         <input_file_ref idref="fl-2b"/>
      </object_component>
      <object_component id="oc-1a9">
         <name>.text:mx_caldist</name>
         <load_address>0x9436</load_address>
         <run_address>0x9436</run_address>
         <size>0x1ca</size>
         <input_file_ref idref="fl-17"/>
      </object_component>
      <object_component id="oc-18a">
         <name>.text:display_time</name>
         <load_address>0x9600</load_address>
         <run_address>0x9600</run_address>
         <size>0x1be</size>
         <input_file_ref idref="fl-18"/>
      </object_component>
      <object_component id="oc-181">
         <name>.text:mx_date</name>
         <load_address>0x97be</load_address>
         <run_address>0x97be</run_address>
         <size>0x194</size>
         <input_file_ref idref="fl-19"/>
      </object_component>
      <object_component id="oc-210">
         <name>.text:bmp_ps_get_pa</name>
         <load_address>0x9952</load_address>
         <run_address>0x9952</run_address>
         <size>0x192</size>
         <input_file_ref idref="fl-24"/>
      </object_component>
      <object_component id="oc-19a">
         <name>.text:display_acceleration</name>
         <load_address>0x9ae4</load_address>
         <run_address>0x9ae4</run_address>
         <size>0x180</size>
         <input_file_ref idref="fl-13"/>
      </object_component>
      <object_component id="oc-1c6">
         <name>.text:init_application</name>
         <load_address>0x9c64</load_address>
         <run_address>0x9c64</run_address>
         <size>0x172</size>
         <input_file_ref idref="fl-2"/>
      </object_component>
      <object_component id="oc-252">
         <name>.text:nwk_nwkInit</name>
         <load_address>0x9dd6</load_address>
         <run_address>0x9dd6</run_address>
         <size>0x16e</size>
         <input_file_ref idref="fl-a"/>
      </object_component>
      <object_component id="oc-279">
         <name>.text:smpl_send_link_reply$4</name>
         <load_address>0x9f44</load_address>
         <run_address>0x9f44</run_address>
         <size>0x164</size>
         <input_file_ref idref="fl-6"/>
      </object_component>
      <object_component id="oc-1c7">
         <name>.text:init_global_variables</name>
         <load_address>0xa0a8</load_address>
         <run_address>0xa0a8</run_address>
         <size>0x14e</size>
         <input_file_ref idref="fl-2"/>
      </object_component>
      <object_component id="oc-269">
         <name>.text:MRFI_Transmit</name>
         <load_address>0xa1f6</load_address>
         <run_address>0xa1f6</run_address>
         <size>0x14c</size>
         <input_file_ref idref="fl-f"/>
      </object_component>
      <object_component id="oc-22d">
         <name>.text:simpliciti_sync_decode_ap_cmd_callback</name>
         <load_address>0xa342</load_address>
         <run_address>0xa342</run_address>
         <size>0x14a</size>
         <input_file_ref idref="fl-1c"/>
      </object_component>
      <object_component id="oc-228">
         <name>.text:nwk_link</name>
         <load_address>0xa48c</load_address>
         <run_address>0xa48c</run_address>
         <size>0x148</size>
         <input_file_ref idref="fl-6"/>
      </object_component>
      <object_component id="oc-1f7">
         <name>.text:Mrfi_SyncPinRxIsr$13</name>
         <load_address>0xa5d4</load_address>
         <run_address>0xa5d4</run_address>
         <size>0x140</size>
         <input_file_ref idref="fl-f"/>
      </object_component>
      <object_component id="oc-225">
         <name>.text:SMPL_Ioctl</name>
         <load_address>0xa714</load_address>
         <run_address>0xa714</run_address>
         <size>0x13e</size>
         <input_file_ref idref="fl-c"/>
      </object_component>
      <object_component id="oc-e3">
         <name>.text</name>
         <load_address>0xa852</load_address>
         <run_address>0xa852</run_address>
         <size>0x130</size>
         <input_file_ref idref="fl-49"/>
      </object_component>
      <object_component id="oc-1cb">
         <name>.text:do_altitude_measurement</name>
         <load_address>0xa982</load_address>
         <run_address>0xa982</run_address>
         <size>0x12c</size>
         <input_file_ref idref="fl-15"/>
      </object_component>
      <object_component id="oc-19e">
         <name>.text:display_stopwatch</name>
         <load_address>0xaaae</load_address>
         <run_address>0xaaae</run_address>
         <size>0x11c</size>
         <input_file_ref idref="fl-1d"/>
      </object_component>
      <object_component id="oc-254">
         <name>.text:nwk_join</name>
         <load_address>0xabca</load_address>
         <run_address>0xabca</run_address>
         <size>0x11c</size>
         <input_file_ref idref="fl-5"/>
      </object_component>
      <object_component id="oc-1c9">
         <name>.text:wakeup_event</name>
         <load_address>0xace6</load_address>
         <run_address>0xace6</run_address>
         <size>0x11a</size>
         <input_file_ref idref="fl-2"/>
      </object_component>
      <object_component id="oc-1ef">
         <name>.text:start_simpliciti_tx_only</name>
         <load_address>0xae00</load_address>
         <run_address>0xae00</run_address>
         <size>0x112</size>
         <input_file_ref idref="fl-1c"/>
      </object_component>
      <object_component id="oc-240">
         <name>.text:PacketMissed_v</name>
         <load_address>0xaf12</load_address>
         <run_address>0xaf12</run_address>
         <size>0x10c</size>
         <input_file_ref idref="fl-37"/>
      </object_component>
      <object_component id="oc-23a">
         <name>.text:dispatchFrame$11</name>
         <load_address>0xb01e</load_address>
         <run_address>0xb01e</run_address>
         <size>0x108</size>
         <input_file_ref idref="fl-d"/>
      </object_component>
      <object_component id="oc-193">
         <name>.text:mx_altitude</name>
         <load_address>0xb126</load_address>
         <run_address>0xb126</run_address>
         <size>0x106</size>
         <input_file_ref idref="fl-15"/>
      </object_component>
      <object_component id="oc-1aa">
         <name>.text:display_caldist</name>
         <load_address>0xb22c</load_address>
         <run_address>0xb22c</run_address>
         <size>0x104</size>
         <input_file_ref idref="fl-17"/>
      </object_component>
      <object_component id="oc-18f">
         <name>.text:mx_temperature</name>
         <load_address>0xb330</load_address>
         <run_address>0xb330</run_address>
         <size>0x102</size>
         <input_file_ref idref="fl-1e"/>
      </object_component>
      <object_component id="oc-1b4">
         <name>.text:stopwatch_tick</name>
         <load_address>0xb432</load_address>
         <run_address>0xb432</run_address>
         <size>0x100</size>
         <input_file_ref idref="fl-1d"/>
      </object_component>
      <object_component id="oc-195">
         <name>.text:sx_bluerobin</name>
         <load_address>0xb532</load_address>
         <run_address>0xb532</run_address>
         <size>0xfe</size>
         <input_file_ref idref="fl-17"/>
      </object_component>
      <object_component id="oc-1cf">
         <name>.text:display_update</name>
         <load_address>0xb630</load_address>
         <run_address>0xb630</run_address>
         <size>0xf6</size>
         <input_file_ref idref="fl-2"/>
      </object_component>
      <object_component id="oc-18c">
         <name>.text:mx_alarm</name>
         <load_address>0xb726</load_address>
         <run_address>0xb726</run_address>
         <size>0xf2</size>
         <input_file_ref idref="fl-14"/>
      </object_component>
      <object_component id="oc-194">
         <name>.text:display_altitude</name>
         <load_address>0xb818</load_address>
         <run_address>0xb818</run_address>
         <size>0xf0</size>
         <input_file_ref idref="fl-15"/>
      </object_component>
      <object_component id="oc-190">
         <name>.text:display_temperature</name>
         <load_address>0xb908</load_address>
         <run_address>0xb908</run_address>
         <size>0xea</size>
         <input_file_ref idref="fl-1e"/>
      </object_component>
      <object_component id="oc-207">
         <name>.text:bmp_ps_init</name>
         <load_address>0xb9f2</load_address>
         <run_address>0xb9f2</run_address>
         <size>0xe6</size>
         <input_file_ref idref="fl-24"/>
      </object_component>
      <object_component id="oc-22e">
         <name>.text:simpliciti_sync_get_data_callback</name>
         <load_address>0xbad8</load_address>
         <run_address>0xbad8</run_address>
         <size>0xe4</size>
         <input_file_ref idref="fl-1c"/>
      </object_component>
      <object_component id="oc-1f1">
         <name>.text:simpliciti_main_sync</name>
         <load_address>0xbbbc</load_address>
         <run_address>0xbbbc</run_address>
         <size>0xe2</size>
         <input_file_ref idref="fl-11"/>
      </object_component>
      <object_component id="oc-182">
         <name>.text:display_date</name>
         <load_address>0xbc9e</load_address>
         <run_address>0xbc9e</run_address>
         <size>0xdc</size>
         <input_file_ref idref="fl-19"/>
      </object_component>
      <object_component id="oc-25e">
         <name>.text:nwk_QfindOldest</name>
         <load_address>0xbd7a</load_address>
         <run_address>0xbd7a</run_address>
         <size>0xd8</size>
         <input_file_ref idref="fl-b"/>
      </object_component>
      <object_component id="oc-18d">
         <name>.text:display_alarm</name>
         <load_address>0xbe52</load_address>
         <run_address>0xbe52</run_address>
         <size>0xd6</size>
         <input_file_ref idref="fl-14"/>
      </object_component>
      <object_component id="oc-1d4">
         <name>.text:int_to_array</name>
         <load_address>0xbf28</load_address>
         <run_address>0xbf28</run_address>
         <size>0xd2</size>
         <input_file_ref idref="fl-28"/>
      </object_component>
      <object_component id="oc-256">
         <name>.text:nwk_allocateLocalRxPort</name>
         <load_address>0xbffa</load_address>
         <run_address>0xbffa</run_address>
         <size>0xce</size>
         <input_file_ref idref="fl-a"/>
      </object_component>
      <object_component id="oc-26f">
         <name>.text:nwk_processLink</name>
         <load_address>0xc0c8</load_address>
         <run_address>0xc0c8</run_address>
         <size>0xce</size>
         <input_file_ref idref="fl-6"/>
      </object_component>
      <object_component id="oc-1bc">
         <name>.text:display_chars</name>
         <load_address>0xc196</load_address>
         <run_address>0xc196</run_address>
         <size>0xcc</size>
         <input_file_ref idref="fl-28"/>
      </object_component>
      <object_component id="oc-1f0">
         <name>.text:simpliciti_link</name>
         <load_address>0xc262</load_address>
         <run_address>0xc262</run_address>
         <size>0xca</size>
         <input_file_ref idref="fl-11"/>
      </object_component>
      <object_component id="oc-198">
         <name>.text:display_speed</name>
         <load_address>0xc32c</load_address>
         <run_address>0xc32c</run_address>
         <size>0xc8</size>
         <input_file_ref idref="fl-17"/>
      </object_component>
      <object_component id="oc-209">
         <name>.text:read_calibration_values</name>
         <load_address>0xc3f4</load_address>
         <run_address>0xc3f4</run_address>
         <size>0xc4</size>
         <input_file_ref idref="fl-2"/>
      </object_component>
      <object_component id="oc-1a6">
         <name>.text:sx_sync</name>
         <load_address>0xc4b8</load_address>
         <run_address>0xc4b8</run_address>
         <size>0xbc</size>
         <input_file_ref idref="fl-1c"/>
      </object_component>
      <object_component id="oc-243">
         <name>.text:SearchPacketHit_u8</name>
         <load_address>0xc574</load_address>
         <run_address>0xc574</run_address>
         <size>0xb6</size>
         <input_file_ref idref="fl-37"/>
      </object_component>
      <object_component id="oc-f7">
         <name>.text</name>
         <load_address>0xc62a</load_address>
         <run_address>0xc62a</run_address>
         <size>0xb6</size>
         <input_file_ref idref="fl-4d"/>
      </object_component>
      <object_component id="oc-17a">
         <name>.text:main</name>
         <load_address>0xc6e0</load_address>
         <run_address>0xc6e0</run_address>
         <size>0xac</size>
         <input_file_ref idref="fl-2"/>
      </object_component>
      <object_component id="oc-22f">
         <name>.text:Strobe</name>
         <load_address>0xc78c</load_address>
         <run_address>0xc78c</run_address>
         <size>0xa4</size>
         <input_file_ref idref="fl-2d"/>
      </object_component>
      <object_component id="oc-1b6">
         <name>.text:clock_tick</name>
         <load_address>0xc830</load_address>
         <run_address>0xc830</run_address>
         <size>0xa4</size>
         <input_file_ref idref="fl-18"/>
      </object_component>
      <object_component id="oc-224">
         <name>.text:simpliciti_get_ed_data_callback</name>
         <load_address>0xc8d4</load_address>
         <run_address>0xc8d4</run_address>
         <size>0x9e</size>
         <input_file_ref idref="fl-1c"/>
      </object_component>
      <object_component id="oc-22c">
         <name>.text:nwk_retrieveFrame</name>
         <load_address>0xc972</load_address>
         <run_address>0xc972</run_address>
         <size>0x9c</size>
         <input_file_ref idref="fl-d"/>
      </object_component>
      <object_component id="oc-1ca">
         <name>.text:temperature_measurement</name>
         <load_address>0xca0e</load_address>
         <run_address>0xca0e</run_address>
         <size>0x98</size>
         <input_file_ref idref="fl-1e"/>
      </object_component>
      <object_component id="oc-204">
         <name>.text:SetVCore</name>
         <load_address>0xcaa6</load_address>
         <run_address>0xcaa6</run_address>
         <size>0x94</size>
         <input_file_ref idref="fl-29"/>
      </object_component>
      <object_component id="oc-1bb">
         <name>.text:get_bluerobin_data</name>
         <load_address>0xcb3a</load_address>
         <run_address>0xcb3a</run_address>
         <size>0x90</size>
         <input_file_ref idref="fl-17"/>
      </object_component>
      <object_component id="oc-ed">
         <name>.text</name>
         <load_address>0xcbca</load_address>
         <run_address>0xcbca</run_address>
         <size>0x8e</size>
         <input_file_ref idref="fl-4b"/>
      </object_component>
      <object_component id="oc-1fc">
         <name>.text:ps_i2c_sda</name>
         <load_address>0xcc58</load_address>
         <run_address>0xcc58</run_address>
         <size>0x8c</size>
         <input_file_ref idref="fl-2b"/>
      </object_component>
      <object_component id="oc-227">
         <name>.text:SMPL_Init</name>
         <load_address>0xcce4</load_address>
         <run_address>0xcce4</run_address>
         <size>0x8a</size>
         <input_file_ref idref="fl-c"/>
      </object_component>
      <object_component id="oc-24e">
         <name>.text:nwk_buildFrame</name>
         <load_address>0xcd6e</load_address>
         <run_address>0xcd6e</run_address>
         <size>0x8a</size>
         <input_file_ref idref="fl-d"/>
      </object_component>
      <object_component id="oc-264">
         <name>.text:GetData_v</name>
         <load_address>0xcdf8</load_address>
         <run_address>0xcdf8</run_address>
         <size>0x86</size>
         <input_file_ref idref="fl-37"/>
      </object_component>
      <object_component id="oc-274">
         <name>.text:TrimACLK_Offset_v</name>
         <load_address>0xce7e</load_address>
         <run_address>0xce7e</run_address>
         <size>0x86</size>
         <input_file_ref idref="fl-37"/>
      </object_component>
      <object_component id="oc-172">
         <name>.text:_isr:TIMER0_A1_5_ISR</name>
         <load_address>0xcf04</load_address>
         <run_address>0xcf04</run_address>
         <size>0x84</size>
         <input_file_ref idref="fl-2e"/>
      </object_component>
      <object_component id="oc-1d3">
         <name>.text:get_numberOfDays</name>
         <load_address>0xcf88</load_address>
         <run_address>0xcf88</run_address>
         <size>0x82</size>
         <input_file_ref idref="fl-19"/>
      </object_component>
      <object_component id="oc-1fa">
         <name>.text:BRRX_RadioReceive_v</name>
         <load_address>0xd00a</load_address>
         <run_address>0xd00a</run_address>
         <size>0x7e</size>
         <input_file_ref idref="fl-35"/>
      </object_component>
      <object_component id="oc-263">
         <name>.text:nwk_sendAckReply</name>
         <load_address>0xd088</load_address>
         <run_address>0xd088</run_address>
         <size>0x7c</size>
         <input_file_ref idref="fl-d"/>
      </object_component>
      <object_component id="oc-1d9">
         <name>.text:display_char</name>
         <load_address>0xd104</load_address>
         <run_address>0xd104</run_address>
         <size>0x7a</size>
         <input_file_ref idref="fl-28"/>
      </object_component>
      <object_component id="oc-239">
         <name>.text:nwk_QfindSlot</name>
         <load_address>0xd17e</load_address>
         <run_address>0xd17e</run_address>
         <size>0x78</size>
         <input_file_ref idref="fl-b"/>
      </object_component>
      <object_component id="oc-250">
         <name>.text:nwk_radioControl</name>
         <load_address>0xd1f6</load_address>
         <run_address>0xd1f6</run_address>
         <size>0x78</size>
         <input_file_ref idref="fl-4"/>
      </object_component>
      <object_component id="oc-23b">
         <name>.text:mrfiRadioInterfaceCmdStrobe</name>
         <load_address>0xd26e</load_address>
         <run_address>0xd26e</run_address>
         <size>0x74</size>
         <input_file_ref idref="fl-f"/>
      </object_component>
      <object_component id="oc-20d">
         <name>.text:ps_read_register</name>
         <load_address>0xd2e2</load_address>
         <run_address>0xd2e2</run_address>
         <size>0x72</size>
         <input_file_ref idref="fl-2b"/>
      </object_component>
      <object_component id="oc-21b">
         <name>.text:BRRX_RadioInit_v</name>
         <load_address>0xd354</load_address>
         <run_address>0xd354</run_address>
         <size>0x70</size>
         <input_file_ref idref="fl-35"/>
      </object_component>
      <object_component id="oc-1ce">
         <name>.text:battery_measurement</name>
         <load_address>0xd3c4</load_address>
         <run_address>0xd3c4</run_address>
         <size>0x6e</size>
         <input_file_ref idref="fl-16"/>
      </object_component>
      <object_component id="oc-21a">
         <name>.text:ResetTXCB_v</name>
         <load_address>0xd432</load_address>
         <run_address>0xd432</run_address>
         <size>0x6a</size>
         <input_file_ref idref="fl-3a"/>
      </object_component>
      <object_component id="oc-24d">
         <name>.text:WritePATable</name>
         <load_address>0xd49c</load_address>
         <run_address>0xd49c</run_address>
         <size>0x6a</size>
         <input_file_ref idref="fl-2d"/>
      </object_component>
      <object_component id="oc-20f">
         <name>.text:cma_ps_get_pa</name>
         <load_address>0xd506</load_address>
         <run_address>0xd506</run_address>
         <size>0x6a</size>
         <input_file_ref idref="fl-27"/>
      </object_component>
      <object_component id="oc-255">
         <name>.text:nwk_getNextConnection</name>
         <load_address>0xd570</load_address>
         <run_address>0xd570</run_address>
         <size>0x6a</size>
         <input_file_ref idref="fl-a"/>
      </object_component>
      <object_component id="oc-20b">
         <name>.text:adc12_single_conversion</name>
         <load_address>0xd5da</load_address>
         <run_address>0xd5da</run_address>
         <size>0x68</size>
         <input_file_ref idref="fl-21"/>
      </object_component>
      <object_component id="oc-208">
         <name>.text:cma_ps_init</name>
         <load_address>0xd642</load_address>
         <run_address>0xd642</run_address>
         <size>0x66</size>
         <input_file_ref idref="fl-27"/>
      </object_component>
      <object_component id="oc-26e">
         <name>.text:nwk_processPing</name>
         <load_address>0xd6a8</load_address>
         <run_address>0xd6a8</run_address>
         <size>0x66</size>
         <input_file_ref idref="fl-8"/>
      </object_component>
      <object_component id="oc-1ec">
         <name>.text:bmp_as_start</name>
         <load_address>0xd70e</load_address>
         <run_address>0xd70e</run_address>
         <size>0x64</size>
         <input_file_ref idref="fl-23"/>
      </object_component>
      <object_component id="oc-1b2">
         <name>.text:MRFI_RadioIsr</name>
         <load_address>0xd772</load_address>
         <run_address>0xd772</run_address>
         <size>0x62</size>
         <input_file_ref idref="fl-f"/>
      </object_component>
      <object_component id="oc-1ab">
         <name>.text:Timer0_A4_Delay</name>
         <load_address>0xd7d4</load_address>
         <run_address>0xd7d4</run_address>
         <size>0x62</size>
         <input_file_ref idref="fl-2e"/>
      </object_component>
      <object_component id="oc-226">
         <name>.text:SMPL_SendOpt</name>
         <load_address>0xd836</load_address>
         <run_address>0xd836</run_address>
         <size>0x60</size>
         <input_file_ref idref="fl-c"/>
      </object_component>
      <object_component id="oc-212">
         <name>.text:as_read_register</name>
         <load_address>0xd896</load_address>
         <run_address>0xd896</run_address>
         <size>0x60</size>
         <input_file_ref idref="fl-22"/>
      </object_component>
      <object_component id="oc-223">
         <name>.text:as_write_register</name>
         <load_address>0xd8f6</load_address>
         <run_address>0xd8f6</run_address>
         <size>0x60</size>
         <input_file_ref idref="fl-22"/>
      </object_component>
      <object_component id="oc-1dc">
         <name>.text:start_altitude_measurement</name>
         <load_address>0xd956</load_address>
         <run_address>0xd956</run_address>
         <size>0x60</size>
         <input_file_ref idref="fl-15"/>
      </object_component>
      <object_component id="oc-1f6">
         <name>.text:BRRX_PacketEndTimerTask_v</name>
         <load_address>0xd9b6</load_address>
         <run_address>0xd9b6</run_address>
         <size>0x5e</size>
         <input_file_ref idref="fl-35"/>
      </object_component>
      <object_component id="oc-265">
         <name>.text:PrepareForFirstPacket_v</name>
         <load_address>0xda14</load_address>
         <run_address>0xda14</run_address>
         <size>0x5c</size>
         <input_file_ref idref="fl-37"/>
      </object_component>
      <object_component id="oc-1a0">
         <name>.text:display_battery_V</name>
         <load_address>0xda70</load_address>
         <run_address>0xda70</run_address>
         <size>0x5c</size>
         <input_file_ref idref="fl-16"/>
      </object_component>
      <object_component id="oc-1f4">
         <name>.text:toggle_buzzer</name>
         <load_address>0xdacc</load_address>
         <run_address>0xdacc</run_address>
         <size>0x5c</size>
         <input_file_ref idref="fl-25"/>
      </object_component>
      <object_component id="oc-1ff">
         <name>.text:write_lcd_mem</name>
         <load_address>0xdb28</load_address>
         <run_address>0xdb28</run_address>
         <size>0x5c</size>
         <input_file_ref idref="fl-28"/>
      </object_component>
      <object_component id="oc-1d5">
         <name>.text:clear_line</name>
         <load_address>0xdb84</load_address>
         <run_address>0xdb84</run_address>
         <size>0x5a</size>
         <input_file_ref idref="fl-28"/>
      </object_component>
      <object_component id="oc-1e5">
         <name>.text:BRRX_Start_v</name>
         <load_address>0xdbde</load_address>
         <run_address>0xdbde</run_address>
         <size>0x58</size>
         <input_file_ref idref="fl-3a"/>
      </object_component>
      <object_component id="oc-21d">
         <name>.text:BRRX__StartNewSearch_v</name>
         <load_address>0xdc36</load_address>
         <run_address>0xdc36</run_address>
         <size>0x58</size>
         <input_file_ref idref="fl-37"/>
      </object_component>
      <object_component id="oc-1cd">
         <name>.text:bmp_as_get_data</name>
         <load_address>0xdc8e</load_address>
         <run_address>0xdc8e</run_address>
         <size>0x58</size>
         <input_file_ref idref="fl-23"/>
      </object_component>
      <object_component id="oc-1b7">
         <name>.text:ps_write_register</name>
         <load_address>0xdce6</load_address>
         <run_address>0xdce6</run_address>
         <size>0x58</size>
         <input_file_ref idref="fl-2b"/>
      </object_component>
      <object_component id="oc-d9">
         <name>.text</name>
         <load_address>0xdd3e</load_address>
         <run_address>0xdd3e</run_address>
         <size>0x58</size>
         <input_file_ref idref="fl-46"/>
      </object_component>
      <object_component id="oc-21c">
         <name>.text:BRRX_RadioCalibrate_v</name>
         <load_address>0xdd96</load_address>
         <run_address>0xdd96</run_address>
         <size>0x56</size>
         <input_file_ref idref="fl-35"/>
      </object_component>
      <object_component id="oc-1d7">
         <name>.text:display_hours</name>
         <load_address>0xddec</load_address>
         <run_address>0xddec</run_address>
         <size>0x54</size>
         <input_file_ref idref="fl-28"/>
      </object_component>
      <object_component id="oc-248">
         <name>.text:ps_i2c_read</name>
         <load_address>0xde40</load_address>
         <run_address>0xde40</run_address>
         <size>0x54</size>
         <input_file_ref idref="fl-2b"/>
      </object_component>
      <object_component id="oc-259">
         <name>.text:MRFI_ReplyDelay</name>
         <load_address>0xde94</load_address>
         <run_address>0xde94</run_address>
         <size>0x52</size>
         <input_file_ref idref="fl-f"/>
      </object_component>
      <object_component id="oc-242">
         <name>.text:TestStartTime_v</name>
         <load_address>0xdee6</load_address>
         <run_address>0xdee6</run_address>
         <size>0x52</size>
         <input_file_ref idref="fl-37"/>
      </object_component>
      <object_component id="oc-1eb">
         <name>.text:cma_as_start</name>
         <load_address>0xdf38</load_address>
         <run_address>0xdf38</run_address>
         <size>0x52</size>
         <input_file_ref idref="fl-26"/>
      </object_component>
      <object_component id="oc-213">
         <name>.text:button_repeat_function</name>
         <load_address>0xdf8a</load_address>
         <run_address>0xdf8a</run_address>
         <size>0x50</size>
         <input_file_ref idref="fl-2a"/>
      </object_component>
      <object_component id="oc-20c">
         <name>.text:cma_ps_get_temp</name>
         <load_address>0xdfda</load_address>
         <run_address>0xdfda</run_address>
         <size>0x50</size>
         <input_file_ref idref="fl-27"/>
      </object_component>
      <object_component id="oc-197">
         <name>.text:display_heartrate</name>
         <load_address>0xe02a</load_address>
         <run_address>0xe02a</run_address>
         <size>0x50</size>
         <input_file_ref idref="fl-17"/>
      </object_component>
      <object_component id="oc-184">
         <name>.text:sx_rfbsl</name>
         <load_address>0xe07a</load_address>
         <run_address>0xe07a</run_address>
         <size>0x50</size>
         <input_file_ref idref="fl-1b"/>
      </object_component>
      <object_component id="oc-23d">
         <name>.text:SearchPacketCheck_u8</name>
         <load_address>0xe0ca</load_address>
         <run_address>0xe0ca</run_address>
         <size>0x4e</size>
         <input_file_ref idref="fl-37"/>
      </object_component>
      <object_component id="oc-101">
         <name>.text</name>
         <load_address>0xe118</load_address>
         <run_address>0xe118</run_address>
         <size>0x4c</size>
         <input_file_ref idref="fl-4f"/>
      </object_component>
      <object_component id="oc-176">
         <name>.text:_auto_init</name>
         <load_address>0xe164</load_address>
         <run_address>0xe164</run_address>
         <size>0x4a</size>
         <input_file_ref idref="fl-71"/>
      </object_component>
      <object_component id="oc-e8">
         <name>.text</name>
         <load_address>0xe1ae</load_address>
         <run_address>0xe1ae</run_address>
         <size>0x4a</size>
         <input_file_ref idref="fl-4a"/>
      </object_component>
      <object_component id="oc-267">
         <name>.text:BR__CalcRandomTimeOffset_u16</name>
         <load_address>0xe1f8</load_address>
         <run_address>0xe1f8</run_address>
         <size>0x48</size>
         <input_file_ref idref="fl-3b"/>
      </object_component>
      <object_component id="oc-1ae">
         <name>.text:start_buzzer</name>
         <load_address>0xe240</load_address>
         <run_address>0xe240</run_address>
         <size>0x48</size>
         <input_file_ref idref="fl-25"/>
      </object_component>
      <object_component id="oc-1e7">
         <name>.text:stop_bluerobin</name>
         <load_address>0xe288</load_address>
         <run_address>0xe288</run_address>
         <size>0x48</size>
         <input_file_ref idref="fl-17"/>
      </object_component>
      <object_component id="oc-25a">
         <name>.text:MRFI_RxIdle</name>
         <load_address>0xe2d0</load_address>
         <run_address>0xe2d0</run_address>
         <size>0x46</size>
         <input_file_ref idref="fl-f"/>
      </object_component>
      <object_component id="oc-232">
         <name>.text:ReadBurstReg</name>
         <load_address>0xe316</load_address>
         <run_address>0xe316</run_address>
         <size>0x46</size>
         <input_file_ref idref="fl-2d"/>
      </object_component>
      <object_component id="oc-24c">
         <name>.text:WriteBurstReg</name>
         <load_address>0xe35c</load_address>
         <run_address>0xe35c</run_address>
         <size>0x46</size>
         <input_file_ref idref="fl-2d"/>
      </object_component>
      <object_component id="oc-273">
         <name>.text:nwk_processMgmt</name>
         <load_address>0xe3a2</load_address>
         <run_address>0xe3a2</run_address>
         <size>0x46</size>
         <input_file_ref idref="fl-7"/>
      </object_component>
      <object_component id="oc-fc">
         <name>.text</name>
         <load_address>0xe3e8</load_address>
         <run_address>0xe3e8</run_address>
         <size>0x46</size>
         <input_file_ref idref="fl-4e"/>
      </object_component>
      <object_component id="oc-234">
         <name>.text:mrfiRadioInterfaceReadReg</name>
         <load_address>0xe42e</load_address>
         <run_address>0xe42e</run_address>
         <size>0x44</size>
         <input_file_ref idref="fl-f"/>
      </object_component>
      <object_component id="oc-23f">
         <name>.text:PacketHit_u8</name>
         <load_address>0xe472</load_address>
         <run_address>0xe472</run_address>
         <size>0x42</size>
         <input_file_ref idref="fl-37"/>
      </object_component>
      <object_component id="oc-17d">
         <name>.text:mx_calibration</name>
         <load_address>0xe4b4</load_address>
         <run_address>0xe4b4</run_address>
         <size>0x42</size>
         <input_file_ref idref="fl-12"/>
      </object_component>
      <object_component id="oc-266">
         <name>.text:BRRX__NewInfo_v</name>
         <load_address>0xe4f6</load_address>
         <run_address>0xe4f6</run_address>
         <size>0x40</size>
         <input_file_ref idref="fl-3a"/>
      </object_component>
      <object_component id="oc-1fd">
         <name>.text:ps_i2c_write</name>
         <load_address>0xe536</load_address>
         <run_address>0xe536</run_address>
         <size>0x40</size>
         <input_file_ref idref="fl-2b"/>
      </object_component>
      <object_component id="oc-d4">
         <name>.text</name>
         <load_address>0xe576</load_address>
         <run_address>0xe576</run_address>
         <size>0x40</size>
         <input_file_ref idref="fl-45"/>
      </object_component>
      <object_component id="oc-1e4">
         <name>.text:BRRX_SetID_v</name>
         <load_address>0xe5b6</load_address>
         <run_address>0xe5b6</run_address>
         <size>0x3e</size>
         <input_file_ref idref="fl-3a"/>
      </object_component>
      <object_component id="oc-233">
         <name>.text:BRRX__DecodePacket_u8</name>
         <load_address>0xe5f4</load_address>
         <run_address>0xe5f4</run_address>
         <size>0x3e</size>
         <input_file_ref idref="fl-39"/>
      </object_component>
      <object_component id="oc-17e">
         <name>.text:display_calibration</name>
         <load_address>0xe632</load_address>
         <run_address>0xe632</run_address>
         <size>0x3e</size>
         <input_file_ref idref="fl-12"/>
      </object_component>
      <object_component id="oc-249">
         <name>.text:l_asr_const</name>
         <load_address>0xe670</load_address>
         <run_address>0xe670</run_address>
         <size>0x3e</size>
         <input_file_ref idref="fl-3c"/>
      </object_component>
      <object_component id="oc-20e">
         <name>.text:l_lsl_const</name>
         <load_address>0xe6ae</load_address>
         <run_address>0xe6ae</run_address>
         <size>0x3e</size>
         <input_file_ref idref="fl-60"/>
      </object_component>
      <object_component id="oc-24a">
         <name>.text:l_lsr_const</name>
         <load_address>0xe6ec</load_address>
         <run_address>0xe6ec</run_address>
         <size>0x3e</size>
         <input_file_ref idref="fl-61"/>
      </object_component>
      <object_component id="oc-1b5">
         <name>.text:BRRX_TimerTask_v</name>
         <load_address>0xe72a</load_address>
         <run_address>0xe72a</run_address>
         <size>0x3c</size>
         <input_file_ref idref="fl-36"/>
      </object_component>
      <object_component id="oc-222">
         <name>.text:as_start</name>
         <load_address>0xe766</load_address>
         <run_address>0xe766</run_address>
         <size>0x3c</size>
         <input_file_ref idref="fl-22"/>
      </object_component>
      <object_component id="oc-1b3">
         <name>.text:update_stopwatch_timer</name>
         <load_address>0xe7a2</load_address>
         <run_address>0xe7a2</run_address>
         <size>0x3c</size>
         <input_file_ref idref="fl-1d"/>
      </object_component>
      <object_component id="oc-1e2">
         <name>.text:WriteSingleReg</name>
         <load_address>0xe7de</load_address>
         <run_address>0xe7de</run_address>
         <size>0x3a</size>
         <input_file_ref idref="fl-2d"/>
      </object_component>
      <object_component id="oc-278">
         <name>.text:nwk_isValidReply</name>
         <load_address>0xe818</load_address>
         <run_address>0xe818</run_address>
         <size>0x3a</size>
         <input_file_ref idref="fl-a"/>
      </object_component>
      <object_component id="oc-1de">
         <name>.text:BRRX_Init_v</name>
         <load_address>0xe852</load_address>
         <run_address>0xe852</run_address>
         <size>0x38</size>
         <input_file_ref idref="fl-3a"/>
      </object_component>
      <object_component id="oc-171">
         <name>.text:_isr:radio_ISR</name>
         <load_address>0xe88a</load_address>
         <run_address>0xe88a</run_address>
         <size>0x38</size>
         <input_file_ref idref="fl-2c"/>
      </object_component>
      <object_component id="oc-253">
         <name>.text:mrfiRadioInterfaceWriteReg</name>
         <load_address>0xe8c2</load_address>
         <run_address>0xe8c2</run_address>
         <size>0x36</size>
         <input_file_ref idref="fl-f"/>
      </object_component>
      <object_component id="oc-f2">
         <name>.text</name>
         <load_address>0xe8f8</load_address>
         <run_address>0xe8f8</run_address>
         <size>0x36</size>
         <input_file_ref idref="fl-4c"/>
      </object_component>
      <object_component id="oc-260">
         <name>.text:BR__CalcCRC_u8</name>
         <load_address>0xe92e</load_address>
         <run_address>0xe92e</run_address>
         <size>0x34</size>
         <input_file_ref idref="fl-3b"/>
      </object_component>
      <object_component id="oc-241">
         <name>.text:TrimRFCLK_Offset_v</name>
         <load_address>0xe962</load_address>
         <run_address>0xe962</run_address>
         <size>0x34</size>
         <input_file_ref idref="fl-37"/>
      </object_component>
      <object_component id="oc-205">
         <name>.text:radio_reset</name>
         <load_address>0xe996</load_address>
         <run_address>0xe996</run_address>
         <size>0x34</size>
         <input_file_ref idref="fl-2c"/>
      </object_component>
      <object_component id="oc-19c">
         <name>.text:sx_stopwatch</name>
         <load_address>0xe9ca</load_address>
         <run_address>0xe9ca</run_address>
         <size>0x34</size>
         <input_file_ref idref="fl-1d"/>
      </object_component>
      <object_component id="oc-1f9">
         <name>.text:BRRX_RadioStop_v</name>
         <load_address>0xe9fe</load_address>
         <run_address>0xe9fe</run_address>
         <size>0x32</size>
         <input_file_ref idref="fl-35"/>
      </object_component>
      <object_component id="oc-258">
         <name>.text:MRFI_RxOn</name>
         <load_address>0xea30</load_address>
         <run_address>0xea30</run_address>
         <size>0x32</size>
         <input_file_ref idref="fl-f"/>
      </object_component>
      <object_component id="oc-1b9">
         <name>.text:as_stop</name>
         <load_address>0xea62</load_address>
         <run_address>0xea62</run_address>
         <size>0x32</size>
         <input_file_ref idref="fl-22"/>
      </object_component>
      <object_component id="oc-1cc">
         <name>.text:cma_as_get_data</name>
         <load_address>0xea94</load_address>
         <run_address>0xea94</run_address>
         <size>0x32</size>
         <input_file_ref idref="fl-26"/>
      </object_component>
      <object_component id="oc-235">
         <name>.text:mrfiRadioInterfaceReadRxFifo</name>
         <load_address>0xeac6</load_address>
         <run_address>0xeac6</run_address>
         <size>0x32</size>
         <input_file_ref idref="fl-f"/>
      </object_component>
      <object_component id="oc-106">
         <name>.text</name>
         <load_address>0xeaf8</load_address>
         <run_address>0xeaf8</run_address>
         <size>0x32</size>
         <input_file_ref idref="fl-50"/>
      </object_component>
      <object_component id="oc-18b">
         <name>.text:sx_alarm</name>
         <load_address>0xeb2a</load_address>
         <run_address>0xeb2a</run_address>
         <size>0x32</size>
         <input_file_ref idref="fl-14"/>
      </object_component>
      <object_component id="oc-24f">
         <name>.text:nwk_sendFrame</name>
         <load_address>0xeb5c</load_address>
         <run_address>0xeb5c</run_address>
         <size>0x30</size>
         <input_file_ref idref="fl-d"/>
      </object_component>
      <object_component id="oc-25f">
         <name>.text:nwk_QadjustOrder</name>
         <load_address>0xeb8c</load_address>
         <run_address>0xeb8c</run_address>
         <size>0x2e</size>
         <input_file_ref idref="fl-b"/>
      </object_component>
      <object_component id="oc-ca">
         <name>.text</name>
         <load_address>0xebba</load_address>
         <run_address>0xebba</run_address>
         <size>0x2c</size>
         <input_file_ref idref="fl-43"/>
      </object_component>
      <object_component id="oc-1b8">
         <name>.text:stop_altitude_measurement</name>
         <load_address>0xebe6</load_address>
         <run_address>0xebe6</run_address>
         <size>0x2c</size>
         <input_file_ref idref="fl-15"/>
      </object_component>
      <object_component id="oc-1e6">
         <name>.text:BRRX_GetID_u32</name>
         <load_address>0xec12</load_address>
         <run_address>0xec12</run_address>
         <size>0x2a</size>
         <input_file_ref idref="fl-3a"/>
      </object_component>
      <object_component id="oc-26a">
         <name>.text:MRFI_SetRFPwr</name>
         <load_address>0xec3c</load_address>
         <run_address>0xec3c</run_address>
         <size>0x2a</size>
         <input_file_ref idref="fl-f"/>
      </object_component>
      <object_component id="oc-238">
         <name>.text:Mrfi_CalculateRssi$13</name>
         <load_address>0xec66</load_address>
         <run_address>0xec66</run_address>
         <size>0x2a</size>
         <input_file_ref idref="fl-f"/>
      </object_component>
      <object_component id="oc-244">
         <name>.text:SearchPacketMissed_u8</name>
         <load_address>0xec90</load_address>
         <run_address>0xec90</run_address>
         <size>0x2a</size>
         <input_file_ref idref="fl-37"/>
      </object_component>
      <object_component id="oc-1f5">
         <name>.text:Timer0_A3_Start</name>
         <load_address>0xecba</load_address>
         <run_address>0xecba</run_address>
         <size>0x2a</size>
         <input_file_ref idref="fl-2e"/>
      </object_component>
      <object_component id="oc-25d">
         <name>.text:map_lid2idx$8</name>
         <load_address>0xece4</load_address>
         <run_address>0xece4</run_address>
         <size>0x28</size>
         <input_file_ref idref="fl-a"/>
      </object_component>
      <object_component id="oc-19d">
         <name>.text:mx_stopwatch</name>
         <load_address>0xed0c</load_address>
         <run_address>0xed0c</run_address>
         <size>0x28</size>
         <input_file_ref idref="fl-1d"/>
      </object_component>
      <object_component id="oc-22a">
         <name>.text:nwk_getConnInfo</name>
         <load_address>0xed34</load_address>
         <run_address>0xed34</run_address>
         <size>0x28</size>
         <input_file_ref idref="fl-a"/>
      </object_component>
      <object_component id="oc-1af">
         <name>.text:stop_buzzer</name>
         <load_address>0xed5c</load_address>
         <run_address>0xed5c</run_address>
         <size>0x28</size>
         <input_file_ref idref="fl-25"/>
      </object_component>
      <object_component id="oc-25b">
         <name>.text:MRFI_Sleep</name>
         <load_address>0xed84</load_address>
         <run_address>0xed84</run_address>
         <size>0x26</size>
         <input_file_ref idref="fl-f"/>
      </object_component>
      <object_component id="oc-186">
         <name>.text:display_rfbsl</name>
         <load_address>0xedaa</load_address>
         <run_address>0xedaa</run_address>
         <size>0x26</size>
         <input_file_ref idref="fl-1b"/>
      </object_component>
      <object_component id="oc-20a">
         <name>.text:init_pressure_table</name>
         <load_address>0xedd0</load_address>
         <run_address>0xedd0</run_address>
         <size>0x26</size>
         <input_file_ref idref="fl-2b"/>
      </object_component>
      <object_component id="oc-22b">
         <name>.text:nwk_checkConnInfo</name>
         <load_address>0xedf6</load_address>
         <run_address>0xedf6</run_address>
         <size>0x26</size>
         <input_file_ref idref="fl-a"/>
      </object_component>
      <object_component id="oc-1a4">
         <name>.text:sx_ppt</name>
         <load_address>0xee1c</load_address>
         <run_address>0xee1c</run_address>
         <size>0x26</size>
         <input_file_ref idref="fl-1c"/>
      </object_component>
      <object_component id="oc-1a2">
         <name>.text:sx_rf</name>
         <load_address>0xee42</load_address>
         <run_address>0xee42</run_address>
         <size>0x26</size>
         <input_file_ref idref="fl-1c"/>
      </object_component>
      <object_component id="oc-1e3">
         <name>.text:BRRX_GetState_t</name>
         <load_address>0xee68</load_address>
         <run_address>0xee68</run_address>
         <size>0x24</size>
         <input_file_ref idref="fl-3a"/>
      </object_component>
      <object_component id="oc-247">
         <name>.text:ps_init</name>
         <load_address>0xee8c</load_address>
         <run_address>0xee8c</run_address>
         <size>0x24</size>
         <input_file_ref idref="fl-2b"/>
      </object_component>
      <object_component id="oc-10b">
         <name>.text</name>
         <load_address>0xeeb0</load_address>
         <run_address>0xeeb0</run_address>
         <size>0x24</size>
         <input_file_ref idref="fl-51"/>
      </object_component>
      <object_component id="oc-25c">
         <name>.text:BSP_Delay</name>
         <load_address>0xeed4</load_address>
         <run_address>0xeed4</run_address>
         <size>0x22</size>
         <input_file_ref idref="fl-10"/>
      </object_component>
      <object_component id="oc-1d1">
         <name>.text:display_value</name>
         <load_address>0xeef6</load_address>
         <run_address>0xeef6</run_address>
         <size>0x22</size>
         <input_file_ref idref="fl-28"/>
      </object_component>
      <object_component id="oc-261">
         <name>.text:memcmp</name>
         <load_address>0xef18</load_address>
         <run_address>0xef18</run_address>
         <size>0x22</size>
         <input_file_ref idref="fl-62"/>
      </object_component>
      <object_component id="oc-1da">
         <name>.text</name>
         <load_address>0xef3a</load_address>
         <run_address>0xef3a</run_address>
         <size>0x22</size>
         <input_file_ref idref="fl-6c"/>
      </object_component>
      <object_component id="oc-199">
         <name>.text:sx_acceleration</name>
         <load_address>0xef5c</load_address>
         <run_address>0xef5c</run_address>
         <size>0x22</size>
         <input_file_ref idref="fl-13"/>
      </object_component>
      <object_component id="oc-202">
         <name>.text:BRRX_GetDistance_u16</name>
         <load_address>0xef7e</load_address>
         <run_address>0xef7e</run_address>
         <size>0x20</size>
         <input_file_ref idref="fl-3a"/>
      </object_component>
      <object_component id="oc-201">
         <name>.text:BRRX_GetSpeed_u8</name>
         <load_address>0xef9e</load_address>
         <run_address>0xef9e</run_address>
         <size>0x20</size>
         <input_file_ref idref="fl-3a"/>
      </object_component>
      <object_component id="oc-1fb">
         <name>.text:SetAbsoluteTimer_v</name>
         <load_address>0xefbe</load_address>
         <run_address>0xefbe</run_address>
         <size>0x1e</size>
         <input_file_ref idref="fl-36"/>
      </object_component>
      <object_component id="oc-1ba">
         <name>.text:display_symbol</name>
         <load_address>0xefdc</load_address>
         <run_address>0xefdc</run_address>
         <size>0x1e</size>
         <input_file_ref idref="fl-28"/>
      </object_component>
      <object_component id="oc-26d">
         <name>.text:memmove</name>
         <load_address>0xeffa</load_address>
         <run_address>0xeffa</run_address>
         <size>0x1e</size>
         <input_file_ref idref="fl-64"/>
      </object_component>
      <object_component id="oc-270">
         <name>.text:nwk_processJoin</name>
         <load_address>0xf018</load_address>
         <run_address>0xf018</run_address>
         <size>0x1e</size>
         <input_file_ref idref="fl-5"/>
      </object_component>
      <object_component id="oc-229">
         <name>.text:Mrfi_DelayUsec$13</name>
         <load_address>0xf036</load_address>
         <run_address>0xf036</run_address>
         <size>0x1c</size>
         <input_file_ref idref="fl-f"/>
      </object_component>
      <object_component id="oc-1d0">
         <name>.text:clear_display_all</name>
         <load_address>0xf052</load_address>
         <run_address>0xf052</run_address>
         <size>0x1c</size>
         <input_file_ref idref="fl-28"/>
      </object_component>
      <object_component id="oc-1f2">
         <name>.text:close_radio</name>
         <load_address>0xf06e</load_address>
         <run_address>0xf06e</run_address>
         <size>0x1c</size>
         <input_file_ref idref="fl-2c"/>
      </object_component>
      <object_component id="oc-257">
         <name>.text:nwk_putNumObjectIntoMsg</name>
         <load_address>0xf08a</load_address>
         <run_address>0xf08a</run_address>
         <size>0x1c</size>
         <input_file_ref idref="fl-a"/>
      </object_component>
      <object_component id="oc-23e">
         <name>.text:GetPacketTolerance_u8</name>
         <load_address>0xf0a6</load_address>
         <run_address>0xf0a6</run_address>
         <size>0x1a</size>
         <input_file_ref idref="fl-37"/>
      </object_component>
      <object_component id="oc-174">
         <name>.text:_isr:ADC12ISR</name>
         <load_address>0xf0c0</load_address>
         <run_address>0xf0c0</run_address>
         <size>0x1a</size>
         <input_file_ref idref="fl-21"/>
      </object_component>
      <object_component id="oc-7e">
         <name>.text:_isr:_c_int00_noargs_noexit</name>
         <load_address>0xf0da</load_address>
         <run_address>0xf0da</run_address>
         <size>0x1a</size>
         <input_file_ref idref="fl-3e"/>
      </object_component>
      <object_component id="oc-1d8">
         <name>.text:display_am_pm_symbol</name>
         <load_address>0xf0f4</load_address>
         <run_address>0xf0f4</run_address>
         <size>0x1a</size>
         <input_file_ref idref="fl-28"/>
      </object_component>
      <object_component id="oc-1ad">
         <name>.text:stop_stopwatch</name>
         <load_address>0xf10e</load_address>
         <run_address>0xf10e</run_address>
         <size>0x1a</size>
         <input_file_ref idref="fl-1d"/>
      </object_component>
      <object_component id="oc-1a8">
         <name>.text:sx_caldist</name>
         <load_address>0xf128</load_address>
         <run_address>0xf128</run_address>
         <size>0x1a</size>
         <input_file_ref idref="fl-17"/>
      </object_component>
      <object_component id="oc-231">
         <name>.text:ReadSingleReg</name>
         <load_address>0xf142</load_address>
         <run_address>0xf142</run_address>
         <size>0x18</size>
         <input_file_ref idref="fl-2d"/>
      </object_component>
      <object_component id="oc-1d6">
         <name>.text:display_selection_Timeformat1</name>
         <load_address>0xf15a</load_address>
         <run_address>0xf15a</run_address>
         <size>0x16</size>
         <input_file_ref idref="fl-18"/>
      </object_component>
      <object_component id="oc-1f3">
         <name>.text:display_selection_User_Gender</name>
         <load_address>0xf170</load_address>
         <run_address>0xf170</run_address>
         <size>0x16</size>
         <input_file_ref idref="fl-17"/>
      </object_component>
      <object_component id="oc-cf">
         <name>.text</name>
         <load_address>0xf186</load_address>
         <run_address>0xf186</run_address>
         <size>0x16</size>
         <input_file_ref idref="fl-44"/>
      </object_component>
      <object_component id="oc-1ea">
         <name>.text</name>
         <load_address>0xf19c</load_address>
         <run_address>0xf19c</run_address>
         <size>0x16</size>
         <input_file_ref idref="fl-69"/>
      </object_component>
      <object_component id="oc-1a5">
         <name>.text:display_ppt</name>
         <load_address>0xf1b2</load_address>
         <run_address>0xf1b2</run_address>
         <size>0x14</size>
         <input_file_ref idref="fl-1c"/>
      </object_component>
      <object_component id="oc-1a3">
         <name>.text:display_rf</name>
         <load_address>0xf1c6</load_address>
         <run_address>0xf1c6</run_address>
         <size>0x14</size>
         <input_file_ref idref="fl-1c"/>
      </object_component>
      <object_component id="oc-1a7">
         <name>.text:display_sync</name>
         <load_address>0xf1da</load_address>
         <run_address>0xf1da</run_address>
         <size>0x14</size>
         <input_file_ref idref="fl-1c"/>
      </object_component>
      <object_component id="oc-1ac">
         <name>.text:is_stopwatch</name>
         <load_address>0xf1ee</load_address>
         <run_address>0xf1ee</run_address>
         <size>0x14</size>
         <input_file_ref idref="fl-1d"/>
      </object_component>
      <object_component id="oc-1b1">
         <name>.text:BlueRobin_RadioISR_v</name>
         <load_address>0xf202</load_address>
         <run_address>0xf202</run_address>
         <size>0x12</size>
         <input_file_ref idref="fl-35"/>
      </object_component>
      <object_component id="oc-1bd">
         <name>.text:memcpy</name>
         <load_address>0xf214</load_address>
         <run_address>0xf214</run_address>
         <size>0x12</size>
         <input_file_ref idref="fl-63"/>
      </object_component>
      <object_component id="oc-236">
         <name>.text:memset</name>
         <load_address>0xf226</load_address>
         <run_address>0xf226</run_address>
         <size>0x12</size>
         <input_file_ref idref="fl-65"/>
      </object_component>
      <object_component id="oc-1dd">
         <name>.text:open_radio</name>
         <load_address>0xf238</load_address>
         <run_address>0xf238</run_address>
         <size>0x12</size>
         <input_file_ref idref="fl-2c"/>
      </object_component>
      <object_component id="oc-21f">
         <name>.text:BRRX__StartTimer_v</name>
         <load_address>0xf24a</load_address>
         <run_address>0xf24a</run_address>
         <size>0x10</size>
         <input_file_ref idref="fl-36"/>
      </object_component>
      <object_component id="oc-1ed">
         <name>.text:l_lsl</name>
         <load_address>0xf25a</load_address>
         <run_address>0xf25a</run_address>
         <size>0x10</size>
         <input_file_ref idref="fl-60"/>
      </object_component>
      <object_component id="oc-1ee">
         <name>.text:l_lsr</name>
         <load_address>0xf26a</load_address>
         <run_address>0xf26a</run_address>
         <size>0x10</size>
         <input_file_ref idref="fl-61"/>
      </object_component>
      <object_component id="oc-206">
         <name>.text:radio_powerdown</name>
         <load_address>0xf27a</load_address>
         <run_address>0xf27a</run_address>
         <size>0x10</size>
         <input_file_ref idref="fl-2c"/>
      </object_component>
      <object_component id="oc-180">
         <name>.text:sx_date</name>
         <load_address>0xf28a</load_address>
         <run_address>0xf28a</run_address>
         <size>0x10</size>
[...]
         <value>0x9c64</value>
         <object_component_ref idref="oc-1c6"/>
      </symbol>
      <symbol id="sm-ec8">
         <name>display_char</name>
         <value>0xd104</value>
         <object_component_ref idref="oc-1d9"/>
      </symbol>
      <symbol id="sm-ec9">
         <name>sx_altitude</name>
         <value>0xf388</value>
         <object_component_ref idref="oc-192"/>
      </symbol>
      <symbol id="sm-eca">
         <name>cma_mgrav_per_bit</name>
         <value>0xf986</value>
         <object_component_ref idref="oc-1e9"/>
      </symbol>
      <symbol id="sm-ecb">
         <name>main</name>
         <value>0xc6e0</value>
         <object_component_ref idref="oc-17a"/>
      </symbol>
      <symbol id="sm-ecc">
         <name>sTimer</name>
         <value>0x1eda</value>
         <object_component_ref idref="oc-167"/>
      </symbol>
      <symbol id="sm-ecd">
         <name>update_stopwatch</name>
         <value>0xf2f2</value>
         <object_component_ref idref="oc-19f"/>
      </symbol>
      <symbol id="sm-ece">
         <name>MRFI_ReplyDelay</name>
         <value>0xde94</value>
         <object_component_ref idref="oc-259"/>
      </symbol>
      <symbol id="sm-ecf">
         <name>display_speed</name>
         <value>0xc32c</value>
         <object_component_ref idref="oc-198"/>
      </symbol>
      <symbol id="sm-ed0">
         <name>as_stop</name>
         <value>0xea62</value>
         <object_component_ref idref="oc-1b9"/>
      </symbol>
      <symbol id="sm-ed1">
         <name>display_alarm</name>
         <value>0xbe52</value>
         <object_component_ref idref="oc-18d"/>
      </symbol>
      <symbol id="sm-ed2">
         <name>MRFI_Transmit</name>
         <value>0xa1f6</value>
         <object_component_ref idref="oc-269"/>
      </symbol>
      <symbol id="sm-ed3">
         <name>display_rfbsl</name>
         <value>0xedaa</value>
         <object_component_ref idref="oc-186"/>
      </symbol>
      <symbol id="sm-ed4">
         <name>button</name>
         <value>0x1ea0</value>
         <object_component_ref idref="oc-146"/>
      </symbol>
      <symbol id="sm-ed5">
         <name>selection_User_Gender</name>
         <value>0xf9a6</value>
         <object_component_ref idref="oc-230"/>
      </symbol>
      <symbol id="sm-ed6">
         <name>sx_acceleration</name>
         <value>0xef5c</value>
         <object_component_ref idref="oc-199"/>
      </symbol>
      <symbol id="sm-ed7">
         <name>MRFI_RxIdle</name>
         <value>0xe2d0</value>
         <object_component_ref idref="oc-25a"/>
      </symbol>
      <symbol id="sm-ed8">
         <name>message</name>
         <value>0x1e24</value>
         <object_component_ref idref="oc-14e"/>
      </symbol>
      <symbol id="sm-ed9">
         <name>sButton</name>
         <value>0x1ea2</value>
         <object_component_ref idref="oc-146"/>
      </symbol>
      <symbol id="sm-eda">
         <name>battery_measurement</name>
         <value>0xd3c4</value>
         <object_component_ref idref="oc-1ce"/>
      </symbol>
      <symbol id="sm-edb">
         <name>mx_temperature</name>
         <value>0xb330</value>
         <object_component_ref idref="oc-18f"/>
      </symbol>
      <symbol id="sm-edc">
         <name>SMPL_Init</name>
         <value>0xcce4</value>
         <object_component_ref idref="oc-227"/>
      </symbol>
      <symbol id="sm-edd">
         <name>SMPL_SendOpt</name>
         <value>0xd836</value>
         <object_component_ref idref="oc-226"/>
      </symbol>
      <symbol id="sm-ede">
         <name>update_date</name>
         <value>0xf31e</value>
         <object_component_ref idref="oc-183"/>
      </symbol>
      <symbol id="sm-edf">
         <name>menu_L2_Ppt</name>
         <value>0xf696</value>
         <object_component_ref idref="oc-147"/>
      </symbol>
      <symbol id="sm-ee0">
         <name>sStopwatch</name>
         <value>0x1e5e</value>
         <object_component_ref idref="oc-164"/>
      </symbol>
      <symbol id="sm-ee1">
         <name>mx_time</name>
         <value>0x9078</value>
         <object_component_ref idref="oc-189"/>
      </symbol>
      <symbol id="sm-ee2">
         <name>simpliciti_ed_address</name>
         <value>0x1cea</value>
         <object_component_ref idref="oc-14c"/>
      </symbol>
      <symbol id="sm-ee3">
         <name>sBuzzer</name>
         <value>0x1ece</value>
         <object_component_ref idref="oc-168"/>
      </symbol>
      <symbol id="sm-ee4">
         <name>cma_as_get_data</name>
         <value>0xea94</value>
         <object_component_ref idref="oc-1cc"/>
      </symbol>
      <symbol id="sm-ee5">
         <name>WriteBurstReg</name>
         <value>0xe35c</value>
         <object_component_ref idref="oc-24c"/>
      </symbol>
      <symbol id="sm-ee6">
         <name>display_chars</name>
         <value>0xc196</value>
         <object_component_ref idref="oc-1bc"/>
      </symbol>
      <symbol id="sm-ee7">
         <name>menu_L1_Heartrate</name>
         <value>0xf62a</value>
         <object_component_ref idref="oc-147"/>
      </symbol>
      <symbol id="sm-ee8">
         <name>nwk_retrieveFrame</name>
         <value>0xc972</value>
         <object_component_ref idref="oc-22c"/>
      </symbol>
      <symbol id="sm-ee9">
         <name>nwk_isValidReply</name>
         <value>0xe818</value>
         <object_component_ref idref="oc-278"/>
      </symbol>
      <symbol id="sm-eea">
         <name>Timer0_A4_Delay</name>
         <value>0xd7d4</value>
         <object_component_ref idref="oc-1ab"/>
      </symbol>
      <symbol id="sm-eeb">
         <name>bmp_param_b5</name>
         <value>0x1e1c</value>
         <object_component_ref idref="oc-166"/>
      </symbol>
      <symbol id="sm-eec">
         <name>mx_altitude</name>
         <value>0xb126</value>
         <object_component_ref idref="oc-193"/>
      </symbol>
      <symbol id="sm-eed">
         <name>ReadBurstReg</name>
         <value>0xe316</value>
         <object_component_ref idref="oc-232"/>
      </symbol>
      <symbol id="sm-eee">
         <name>nwk_link</name>
         <value>0xa48c</value>
         <object_component_ref idref="oc-228"/>
      </symbol>
      <symbol id="sm-eef">
         <name>nwk_sendAckReply</name>
         <value>0xd088</value>
         <object_component_ref idref="oc-263"/>
      </symbol>
      <symbol id="sm-ef0">
         <name>burst_start</name>
         <value>0x1d18</value>
         <object_component_ref idref="oc-14c"/>
      </symbol>
      <symbol id="sm-ef1">
         <name>toggle_buzzer</name>
         <value>0xdacc</value>
         <object_component_ref idref="oc-1f4"/>
      </symbol>
      <symbol id="sm-ef2">
         <name>sys</name>
         <value>0x1e20</value>
         <object_component_ref idref="oc-14e"/>
      </symbol>
      <symbol id="sm-ef3">
         <name>mx_caldist</name>
         <value>0x9436</value>
         <object_component_ref idref="oc-1a9"/>
      </symbol>
      <symbol id="sm-ef4">
         <name>sx_caldist</name>
         <value>0xf128</value>
         <object_component_ref idref="oc-1a8"/>
      </symbol>
      <symbol id="sm-ef5">
         <name>nwk_putNumObjectIntoMsg</name>
         <value>0xf08a</value>
         <object_component_ref idref="oc-257"/>
      </symbol>
      <symbol id="sm-ef6">
         <name>bmp_ps_get_pa</name>
         <value>0x9952</value>
         <object_component_ref idref="oc-210"/>
      </symbol>
      <symbol id="sm-ef7">
         <name>is_rf</name>
         <value>0xf2b6</value>
         <object_component_ref idref="oc-1b0"/>
      </symbol>
      <symbol id="sm-ef8">
         <name>clear_line</name>
         <value>0xdb84</value>
         <object_component_ref idref="oc-1d5"/>
      </symbol>
      <symbol id="sm-ef9">
         <name>nwk_allocateLocalRxPort</name>
         <value>0xbffa</value>
         <object_component_ref idref="oc-256"/>
      </symbol>
      <symbol id="sm-efa">
         <name>do_altitude_measurement</name>
         <value>0xa982</value>
         <object_component_ref idref="oc-1cb"/>
      </symbol>
      <symbol id="sm-efb">
         <name>display</name>
         <value>0x1c8c</value>
         <object_component_ref idref="oc-145"/>
      </symbol>
      <symbol id="sm-efc">
         <name>menu_L2_RFBSL</name>
         <value>0xf5d0</value>
         <object_component_ref idref="oc-147"/>
      </symbol>
      <symbol id="sm-efd">
         <name>update_time</name>
         <value>0xf328</value>
         <object_component_ref idref="oc-187"/>
      </symbol>
      <symbol id="sm-efe">
         <name>segments_bitmask</name>
         <value>0xf8ca</value>
         <object_component_ref idref="oc-1fe"/>
      </symbol>
      <symbol id="sm-eff">
         <name>mx_stopwatch</name>
         <value>0xed0c</value>
         <object_component_ref idref="oc-19d"/>
      </symbol>
      <symbol id="sm-f00">
         <name>PORT2_ISR</name>
         <value>0x8c82</value>
         <object_component_ref idref="oc-170"/>
      </symbol>
      <symbol id="sm-f01">
         <name>nwk_processSecurity</name>
         <value>0xf37e</value>
         <object_component_ref idref="oc-271"/>
      </symbol>
      <symbol id="sm-f02">
         <name>memmove</name>
         <value>0xeffa</value>
         <object_component_ref idref="oc-26d"/>
      </symbol>
      <symbol id="sm-f03">
         <name>stop_altitude_measurement</name>
         <value>0xebe6</value>
         <object_component_ref idref="oc-1b8"/>
      </symbol>
      <symbol id="sm-f04">
         <name>display_calibration</name>
         <value>0xe632</value>
         <object_component_ref idref="oc-17e"/>
      </symbol>
      <symbol id="sm-f05">
         <name>BSP_Delay</name>
         <value>0xeed4</value>
         <object_component_ref idref="oc-25c"/>
      </symbol>
      <symbol id="sm-f06">
         <name>clock_tick</name>
         <value>0xc830</value>
         <object_component_ref idref="oc-1b6"/>
      </symbol>
      <symbol id="sm-f07">
         <name>menu_L1_Speed</name>
         <value>0xf63c</value>
         <object_component_ref idref="oc-147"/>
      </symbol>
      <symbol id="sm-f08">
         <name>menu_L1_Time</name>
         <value>0xf5e2</value>
         <object_component_ref idref="oc-147"/>
      </symbol>
      <symbol id="sm-f09">
         <name>nwk_join</name>
         <value>0xabca</value>
         <object_component_ref idref="oc-254"/>
      </symbol>
      <symbol id="sm-f0a">
         <name>nwk_processMgmt</name>
         <value>0xe3a2</value>
         <object_component_ref idref="oc-273"/>
      </symbol>
      <symbol id="sm-f0b">
         <name>display_temperature</name>
         <value>0xb908</value>
         <object_component_ref idref="oc-190"/>
      </symbol>
      <symbol id="sm-f0c">
         <name>SMPL_Ioctl</name>
         <value>0xa714</value>
         <object_component_ref idref="oc-225"/>
      </symbol>
      <symbol id="sm-f0d">
         <name>sx_stopwatch</name>
         <value>0xe9ca</value>
         <object_component_ref idref="oc-19c"/>
      </symbol>
      <symbol id="sm-f0e">
         <name>display_acceleration</name>
         <value>0x9ae4</value>
         <object_component_ref idref="oc-19a"/>
      </symbol>
      <symbol id="sm-f0f">
         <name>selection_Timeformat</name>
         <value>0xf99e</value>
         <object_component_ref idref="oc-215"/>
      </symbol>
      <symbol id="sm-f10">
         <name>adc12_single_conversion</name>
         <value>0xd5da</value>
         <object_component_ref idref="oc-20b"/>
      </symbol>
      <symbol id="sm-f11">
         <name>bmp_as_start</name>
         <value>0xd70e</value>
         <object_component_ref idref="oc-1ec"/>
      </symbol>
      <symbol id="sm-f12">
         <name>ADC12ISR</name>
         <value>0xf0c0</value>
         <object_component_ref idref="oc-174"/>
      </symbol>
      <symbol id="sm-f13">
         <name>wakeup_event</name>
         <value>0xace6</value>
         <object_component_ref idref="oc-1c9"/>
      </symbol>
      <symbol id="sm-f14">
         <name>sx_sync</name>
         <value>0xc4b8</value>
         <object_component_ref idref="oc-1a6"/>
      </symbol>
      <symbol id="sm-f15">
         <name>init_global_variables</name>
         <value>0xa0a8</value>
         <object_component_ref idref="oc-1c7"/>
      </symbol>
      <symbol id="sm-f16">
         <name>menu_L1_Alarm</name>
         <value>0xf5f4</value>
         <object_component_ref idref="oc-147"/>
      </symbol>
      <symbol id="sm-f17">
         <name>MRFI_SetRFPwr</name>
         <value>0xec3c</value>
         <object_component_ref idref="oc-26a"/>
      </symbol>
      <symbol id="sm-f18">
         <name>nwk_nwkInit</name>
         <value>0x9dd6</value>
         <object_component_ref idref="oc-252"/>
      </symbol>
      <symbol id="sm-f19">
         <name>menu_L2_Stopwatch</name>
         <value>0xf660</value>
         <object_component_ref idref="oc-147"/>
      </symbol>
      <symbol id="sm-f1a">
         <name>start_altitude_measurement</name>
         <value>0xd956</value>
         <object_component_ref idref="oc-1dc"/>
      </symbol>
      <symbol id="sm-f1b">
         <name>display_am_pm_symbol</name>
         <value>0xf0f4</value>
         <object_component_ref idref="oc-1d8"/>
      </symbol>
      <symbol id="sm-f1c">
         <name>adc12_result</name>
         <value>0x1f02</value>
         <object_component_ref idref="oc-165"/>
      </symbol>
      <symbol id="sm-f1d">
         <name>nwk_QfindOldest</name>
         <value>0xbd7a</value>
         <object_component_ref idref="oc-25e"/>
      </symbol>
      <symbol id="sm-f1e">
         <name>WritePATable</name>
         <value>0xd49c</value>
         <object_component_ref idref="oc-24d"/>
      </symbol>
      <symbol id="sm-f1f">
         <name>display_rf</name>
         <value>0xf1c6</value>
         <object_component_ref idref="oc-1a3"/>
      </symbol>
      <symbol id="sm-f20">
         <name>method</name>
         <value>0xf5ab</value>
         <object_component_ref idref="oc-15b"/>
      </symbol>
      <symbol id="sm-f21">
         <name>sDate</name>
         <value>0x1ee4</value>
         <object_component_ref idref="oc-163"/>
      </symbol>
      <symbol id="sm-f22">
         <name>simpliciti_reply_count</name>
         <value>0x1d0f</value>
         <object_component_ref idref="oc-14c"/>
      </symbol>
      <symbol id="sm-f23">
         <name>sx_calibration</name>
         <value>0xf38a</value>
         <object_component_ref idref="oc-17c"/>
      </symbol>
      <symbol id="sm-f24">
         <name>display_heartrate</name>
         <value>0xe02a</value>
         <object_component_ref idref="oc-197"/>
      </symbol>
      <symbol id="sm-f25">
         <name>display_sync</name>
         <value>0xf1da</value>
         <object_component_ref idref="oc-1a7"/>
      </symbol>
      <symbol id="sm-f26">
         <name>sCal</name>
         <value>0x1e32</value>
         <object_component_ref idref="oc-15d"/>
      </symbol>
      <symbol id="sm-f27">
         <name>stopwatch_tick</name>
         <value>0xb432</value>
         <object_component_ref idref="oc-1b4"/>
      </symbol>
      <symbol id="sm-f28">
         <name>simpliciti_get_ed_data_callback</name>
         <value>0xc8d4</value>
         <object_component_ref idref="oc-224"/>
      </symbol>
      <symbol id="sm-f29">
         <name>int_to_array_conversion_table</name>
         <value>0xf38c</value>
         <object_component_ref idref="oc-214"/>
      </symbol>
      <symbol id="sm-f2a">
         <name>nwk_getConnInfo</name>
         <value>0xed34</value>
         <object_component_ref idref="oc-22a"/>
      </symbol>
      <symbol id="sm-f2b">
         <name>button_repeat_function</name>
         <value>0xdf8a</value>
         <object_component_ref idref="oc-213"/>
      </symbol>
      <symbol id="sm-f2c">
         <name>Timer0_A3_Start</name>
         <value>0xecba</value>
         <object_component_ref idref="oc-1f5"/>
      </symbol>
      <symbol id="sm-f2d">
         <name>display_battery_V</name>
         <value>0xda70</value>
         <object_component_ref idref="oc-1a0"/>
      </symbol>
      <symbol id="sm-f2e">
         <name>nwk_processFreq</name>
         <value>0xf37a</value>
         <object_component_ref idref="oc-272"/>
      </symbol>
      <symbol id="sm-f2f">
         <name>sx_bluerobin</name>
         <value>0xb532</value>
         <object_component_ref idref="oc-195"/>
      </symbol>
      <symbol id="sm-f30">
         <name>bmp_ps_init</name>
         <value>0xb9f2</value>
         <object_component_ref idref="oc-207"/>
      </symbol>
      <symbol id="sm-f31">
         <name>as_ok</name>
         <value>0x1d75</value>
         <object_component_ref idref="oc-15e"/>
      </symbol>
      <symbol id="sm-f32">
         <name>sBlueRobin</name>
         <value>0x1dec</value>
         <object_component_ref idref="oc-162"/>
      </symbol>
      <symbol id="sm-f33">
         <name>chronos_black</name>
         <value>0x1e27</value>
         <object_component_ref idref="oc-14e"/>
      </symbol>
      <symbol id="sm-f34">
         <name>menu_L2_CalDist</name>
         <value>0xf6ba</value>
         <object_component_ref idref="oc-147"/>
      </symbol>
      <symbol id="sm-f35">
         <name>simpliciti_payload_length</name>
         <value>0x1d16</value>
         <object_component_ref idref="oc-14c"/>
      </symbol>
      <symbol id="sm-f36">
         <name>menu_L1_Calibration</name>
         <value>0xf5ac</value>
         <object_component_ref idref="oc-147"/>
      </symbol>
      <symbol id="sm-f37">
         <name>get_bluerobin_data</name>
         <value>0xcb3a</value>
         <object_component_ref idref="oc-1bb"/>
      </symbol>
      <symbol id="sm-f38">
         <name>_system_pre_init</name>
         <value>0xf372</value>
         <object_component_ref idref="oc-175"/>
      </symbol>
      <symbol id="sm-f39">
         <name>stop_bluerobin</name>
         <value>0xe288</value>
         <object_component_ref idref="oc-1e7"/>
      </symbol>
      <symbol id="sm-f3a">
         <name>write_lcd_mem</name>
         <value>0xdb28</value>
         <object_component_ref idref="oc-1ff"/>
      </symbol>
      <symbol id="sm-f3b">
         <name>sTime</name>
         <value>0x1e50</value>
         <object_component_ref idref="oc-160"/>
      </symbol>
      <symbol id="sm-f3c">
         <name>TIMER0_A0_ISR</name>
         <value>0x8000</value>
         <object_component_ref idref="oc-173"/>
      </symbol>
      <symbol id="sm-f3d">
         <name>update_temperature</name>
         <value>0xf2fe</value>
         <object_component_ref idref="oc-191"/>
      </symbol>
      <symbol id="sm-f3e">
         <name>display_hours</name>
         <value>0xddec</value>
         <object_component_ref idref="oc-1d7"/>
      </symbol>
      <symbol id="sm-f3f">
         <name>nwk_processLink</name>
         <value>0xc0c8</value>
         <object_component_ref idref="oc-26f"/>
      </symbol>
      <symbol id="sm-f40">
         <name>sx_time</name>
         <value>0xf29a</value>
         <object_component_ref idref="oc-188"/>
      </symbol>
      <symbol id="sm-f41">
         <name>display_caldist</name>
         <value>0xb22c</value>
         <object_component_ref idref="oc-1aa"/>
      </symbol>
      <symbol id="sm-f42">
         <name>display_time</name>
         <value>0x9600</value>
         <object_component_ref idref="oc-18a"/>
      </symbol>
      <symbol id="sm-f43">
         <name>menu_L2_Date</name>
         <value>0xf5be</value>
         <object_component_ref idref="oc-147"/>
      </symbol>
      <symbol id="sm-f44">
         <name>display_symbol</name>
         <value>0xefdc</value>
         <object_component_ref idref="oc-1ba"/>
      </symbol>
   </symbol_table>
   <title>Link successful</title>
</link_info>
